::ffff:202.193.57.228 - - [28/Jul/2021:12:16:11 +0000] "GET /api/edu/class/getAllStudents?classId=13 HTTP/1.1" 304 - "http://localhost:9528/" "Mozilla/5.0 (Windows NT 10.0; Win64; x64) AppleWebKit/537.36 (KHTML, like Gecko) Chrome/92.0.4515.107 Safari/537.36"
::ffff:202.193.57.228 - - [28/Jul/2021:12:16:16 +0000] "GET /api/edu/teacher/getTeachersCourse?teacherId=11 HTTP/1.1" 304 - "http://localhost:9528/" "Mozilla/5.0 (Windows NT 10.0; Win64; x64) AppleWebKit/537.36 (KHTML, like Gecko) Chrome/92.0.4515.107 Safari/537.36"
::ffff:202.193.57.228 - - [28/Jul/2021:12:16:16 +0000] "GET /api/edu/class/get?curPage=1&viceTeacherId=11 HTTP/1.1" 304 - "http://localhost:9528/" "Mozilla/5.0 (Windows NT 10.0; Win64; x64) AppleWebKit/537.36 (KHTML, like Gecko) Chrome/92.0.4515.107 Safari/537.36"
::ffff:202.193.57.228 - - [28/Jul/2021:12:16:25 +0000] "GET /api/edu/teacher/getTeachersCourse?teacherId=11 HTTP/1.1" 304 - "http://localhost:9528/" "Mozilla/5.0 (Windows NT 10.0; Win64; x64) AppleWebKit/537.36 (KHTML, like Gecko) Chrome/92.0.4515.107 Safari/537.36"
::ffff:202.193.57.228 - - [28/Jul/2021:12:16:25 +0000] "GET /api/edu/class/get?curPage=1&viceTeacherId=11 HTTP/1.1" 304 - "http://localhost:9528/" "Mozilla/5.0 (Windows NT 10.0; Win64; x64) AppleWebKit/537.36 (KHTML, like Gecko) Chrome/92.0.4515.107 Safari/537.36"
::ffff:202.193.57.228 - - [28/Jul/2021:13:18:28 +0000] "GET /api/edu/teacher/getTeachersCourse?teacherId=11 HTTP/1.1" - - "http://localhost:9528/" "Mozilla/5.0 (Windows NT 10.0; Win64; x64) AppleWebKit/537.36 (KHTML, like Gecko) Chrome/92.0.4515.107 Safari/537.36"
::ffff:202.193.57.228 - - [28/Jul/2021:13:18:30 +0000] "GET /api/edu/class/get?curPage=1&viceTeacherId=11 HTTP/1.1" - - "http://localhost:9528/" "Mozilla/5.0 (Windows NT 10.0; Win64; x64) AppleWebKit/537.36 (KHTML, like Gecko) Chrome/92.0.4515.107 Safari/537.36"
::ffff:202.193.57.228 - - [28/Jul/2021:13:18:55 +0000] "GET /api/edu/teacher/getTeachersCourse?teacherId=11 HTTP/1.1" 200 89 "http://localhost:9528/" "Mozilla/5.0 (Windows NT 10.0; Win64; x64) AppleWebKit/537.36 (KHTML, like Gecko) Chrome/92.0.4515.107 Safari/537.36"
::ffff:202.193.57.228 - - [28/Jul/2021:13:19:00 +0000] "GET /api/edu/class/get?curPage=1&viceTeacherId=11 HTTP/1.1" - - "http://localhost:9528/" "Mozilla/5.0 (Windows NT 10.0; Win64; x64) AppleWebKit/537.36 (KHTML, like Gecko) Chrome/92.0.4515.107 Safari/537.36"
::ffff:202.193.57.228 - - [28/Jul/2021:13:19:00 +0000] "GET /api/edu/teacher/getTeachersCourse?teacherId=11 HTTP/1.1" 304 - "http://localhost:9528/" "Mozilla/5.0 (Windows NT 10.0; Win64; x64) AppleWebKit/537.36 (KHTML, like Gecko) Chrome/92.0.4515.107 Safari/537.36"
::ffff:202.193.57.228 - - [28/Jul/2021:13:19:05 +0000] "GET /api/edu/class/get?curPage=1&viceTeacherId=11 HTTP/1.1" - - "http://localhost:9528/" "Mozilla/5.0 (Windows NT 10.0; Win64; x64) AppleWebKit/537.36 (KHTML, like Gecko) Chrome/92.0.4515.107 Safari/537.36"
::ffff:202.193.57.228 - - [28/Jul/2021:13:19:36 +0000] "GET /api/edu/teacher/getTeachersCourse?teacherId=11 HTTP/1.1" 200 1417 "http://localhost:9528/" "Mozilla/5.0 (Windows NT 10.0; Win64; x64) AppleWebKit/537.36 (KHTML, like Gecko) Chrome/92.0.4515.107 Safari/537.36"
::ffff:202.193.57.228 - - [28/Jul/2021:13:19:36 +0000] "GET /api/edu/class/get?curPage=1&viceTeacherId=11 HTTP/1.1" 200 6989 "http://localhost:9528/" "Mozilla/5.0 (Windows NT 10.0; Win64; x64) AppleWebKit/537.36 (KHTML, like Gecko) Chrome/92.0.4515.107 Safari/537.36"
::ffff:202.193.57.228 - - [28/Jul/2021:13:19:41 +0000] "GET /api/edu/class/getAllStudents?classId=13 HTTP/1.1" 304 - "http://localhost:9528/" "Mozilla/5.0 (Windows NT 10.0; Win64; x64) AppleWebKit/537.36 (KHTML, like Gecko) Chrome/92.0.4515.107 Safari/537.36"
::ffff:202.193.57.228 - - [28/Jul/2021:13:19:42 +0000] "GET /api/edu/class/getAllStudents?classId=13 HTTP/1.1" 304 - "http://localhost:9528/" "Mozilla/5.0 (Windows NT 10.0; Win64; x64) AppleWebKit/537.36 (KHTML, like Gecko) Chrome/92.0.4515.107 Safari/537.36"
::ffff:202.193.57.228 - - [28/Jul/2021:13:20:29 +0000] "GET /api/edu/class/getAllStudents?classId=13 HTTP/1.1" 304 - "http://localhost:9528/" "Mozilla/5.0 (Windows NT 10.0; Win64; x64) AppleWebKit/537.36 (KHTML, like Gecko) Chrome/92.0.4515.107 Safari/537.36"
::ffff:202.193.57.228 - - [28/Jul/2021:13:20:30 +0000] "GET /api/edu/class/getAllStudents?classId=13 HTTP/1.1" 304 - "http://localhost:9528/" "Mozilla/5.0 (Windows NT 10.0; Win64; x64) AppleWebKit/537.36 (KHTML, like Gecko) Chrome/92.0.4515.107 Safari/537.36"
::ffff:202.193.57.228 - - [28/Jul/2021:13:21:58 +0000] "GET /api/edu/teacher/getTeachersCourse?teacherId=11 HTTP/1.1" 304 - "http://localhost:9528/" "Mozilla/5.0 (Windows NT 10.0; Win64; x64) AppleWebKit/537.36 (KHTML, like Gecko) Chrome/92.0.4515.107 Safari/537.36"
::ffff:202.193.57.228 - - [28/Jul/2021:13:21:58 +0000] "GET /api/edu/teacher/getTeachersCourse?teacherId=11 HTTP/1.1" 304 - "http://localhost:9528/" "Mozilla/5.0 (Windows NT 10.0; Win64; x64) AppleWebKit/537.36 (KHTML, like Gecko) Chrome/92.0.4515.107 Safari/537.36"
::ffff:202.193.57.228 - - [28/Jul/2021:13:21:58 +0000] "GET /api/edu/class/get?curPage=1&viceTeacherId=11 HTTP/1.1" 304 - "http://localhost:9528/" "Mozilla/5.0 (Windows NT 10.0; Win64; x64) AppleWebKit/537.36 (KHTML, like Gecko) Chrome/92.0.4515.107 Safari/537.36"
::ffff:202.193.57.228 - - [28/Jul/2021:13:21:58 +0000] "GET /api/edu/class/get?curPage=1&viceTeacherId=11 HTTP/1.1" 304 - "http://localhost:9528/" "Mozilla/5.0 (Windows NT 10.0; Win64; x64) AppleWebKit/537.36 (KHTML, like Gecko) Chrome/92.0.4515.107 Safari/537.36"
::ffff:202.193.57.228 - - [28/Jul/2021:13:22:08 +0000] "GET /api/edu/teacher/getTeachersCourse?teacherId=11 HTTP/1.1" 304 - "http://localhost:9528/" "Mozilla/5.0 (Windows NT 10.0; Win64; x64) AppleWebKit/537.36 (KHTML, like Gecko) Chrome/92.0.4515.107 Safari/537.36"
::ffff:202.193.57.228 - - [28/Jul/2021:13:22:08 +0000] "GET /api/edu/teacher/getTeachersCourse?teacherId=11 HTTP/1.1" 304 - "http://localhost:9528/" "Mozilla/5.0 (Windows NT 10.0; Win64; x64) AppleWebKit/537.36 (KHTML, like Gecko) Chrome/92.0.4515.107 Safari/537.36"
::ffff:202.193.57.228 - - [28/Jul/2021:13:22:08 +0000] "GET /api/edu/class/get?curPage=1&viceTeacherId=11 HTTP/1.1" 304 - "http://localhost:9528/" "Mozilla/5.0 (Windows NT 10.0; Win64; x64) AppleWebKit/537.36 (KHTML, like Gecko) Chrome/92.0.4515.107 Safari/537.36"
::ffff:202.193.57.228 - - [28/Jul/2021:13:22:08 +0000] "GET /api/edu/class/get?curPage=1&viceTeacherId=11 HTTP/1.1" 304 - "http://localhost:9528/" "Mozilla/5.0 (Windows NT 10.0; Win64; x64) AppleWebKit/537.36 (KHTML, like Gecko) Chrome/92.0.4515.107 Safari/537.36"
::ffff:10.37.53.62 - - [28/Jul/2021:13:22:20 +0000] "GET /api/edu/course/detail?studentId=1&course_id=1 HTTP/1.1" 200 1214 "-" "Mozilla/5.0 (Windows NT 10.0; Win64; x64) AppleWebKit/537.36 (KHTML, like Gecko) Chrome/91.0.4472.164 Safari/537.36"
::ffff:202.193.57.228 - - [28/Jul/2021:13:24:09 +0000] "GET /api/edu/teacher/getTeachersCourse?teacherId=11 HTTP/1.1" 304 - "http://localhost:9528/" "Mozilla/5.0 (Windows NT 10.0; Win64; x64) AppleWebKit/537.36 (KHTML, like Gecko) Chrome/92.0.4515.107 Safari/537.36"
::ffff:202.193.57.228 - - [28/Jul/2021:13:24:09 +0000] "GET /api/edu/teacher/getTeachersCourse?teacherId=11 HTTP/1.1" 304 - "http://localhost:9528/" "Mozilla/5.0 (Windows NT 10.0; Win64; x64) AppleWebKit/537.36 (KHTML, like Gecko) Chrome/92.0.4515.107 Safari/537.36"
::ffff:202.193.57.228 - - [28/Jul/2021:13:24:09 +0000] "GET /api/edu/class/get?curPage=1&viceTeacherId=11 HTTP/1.1" 304 - "http://localhost:9528/" "Mozilla/5.0 (Windows NT 10.0; Win64; x64) AppleWebKit/537.36 (KHTML, like Gecko) Chrome/92.0.4515.107 Safari/537.36"
::ffff:202.193.57.228 - - [28/Jul/2021:13:24:09 +0000] "GET /api/edu/class/get?curPage=1&viceTeacherId=11 HTTP/1.1" 304 - "http://localhost:9528/" "Mozilla/5.0 (Windows NT 10.0; Win64; x64) AppleWebKit/537.36 (KHTML, like Gecko) Chrome/92.0.4515.107 Safari/537.36"
::ffff:202.193.57.228 - - [28/Jul/2021:13:29:02 +0000] "GET /api/edu/teacher/getTeachersCourse?teacherId=11 HTTP/1.1" 304 - "http://localhost:9528/" "Mozilla/5.0 (Windows NT 10.0; Win64; x64) AppleWebKit/537.36 (KHTML, like Gecko) Chrome/92.0.4515.107 Safari/537.36"
::ffff:202.193.57.228 - - [28/Jul/2021:13:29:02 +0000] "GET /api/edu/class/get?curPage=1&viceTeacherId=11 HTTP/1.1" 304 - "http://localhost:9528/" "Mozilla/5.0 (Windows NT 10.0; Win64; x64) AppleWebKit/537.36 (KHTML, like Gecko) Chrome/92.0.4515.107 Safari/537.36"
::ffff:202.193.57.228 - - [28/Jul/2021:13:29:03 +0000] "GET /api/edu/teacher/getTeachersCourse?teacherId=11 HTTP/1.1" 304 - "http://localhost:9528/" "Mozilla/5.0 (Windows NT 10.0; Win64; x64) AppleWebKit/537.36 (KHTML, like Gecko) Chrome/92.0.4515.107 Safari/537.36"
::ffff:202.193.57.228 - - [28/Jul/2021:13:29:03 +0000] "GET /api/edu/class/get?curPage=1&viceTeacherId=11 HTTP/1.1" 304 - "http://localhost:9528/" "Mozilla/5.0 (Windows NT 10.0; Win64; x64) AppleWebKit/537.36 (KHTML, like Gecko) Chrome/92.0.4515.107 Safari/537.36"
::ffff:202.193.57.228 - - [28/Jul/2021:13:39:24 +0000] "GET /api/edu/class/getAllStudents?classId=13 HTTP/1.1" 304 - "http://localhost:9528/" "Mozilla/5.0 (Windows NT 10.0; Win64; x64) AppleWebKit/537.36 (KHTML, like Gecko) Chrome/92.0.4515.107 Safari/537.36"
::ffff:10.37.42.238 - - [28/Jul/2021:13:44:17 +0000] "GET /api/edu/course/detail?studentId=1&course_id=1 HTTP/1.1" 200 1214 "https://servicewechat.com/wx4be232a02d452c65/devtools/page-frame.html" "Mozilla/5.0 (iPhone; CPU iPhone OS 10_3_1 like Mac OS X) AppleWebKit/603.1.3 (KHTML, like Gecko) Version/10.0 Mobile/14E304 Safari/602.1 wechatdevtools/1.05.2105170 MicroMessenger/7.0.4 Language/zh_CN webview/"
::ffff:10.37.42.238 - - [28/Jul/2021:13:44:40 +0000] "GET /api/edu/student/getUnQualifiedScores?studentId=1 HTTP/1.1" 304 - "https://servicewechat.com/wx4be232a02d452c65/devtools/page-frame.html" "Mozilla/5.0 (iPhone; CPU iPhone OS 10_3_1 like Mac OS X) AppleWebKit/603.1.3 (KHTML, like Gecko) Version/10.0 Mobile/14E304 Safari/602.1 wechatdevtools/1.05.2105170 MicroMessenger/7.0.4 Language/zh_CN webview/"
::ffff:10.37.42.238 - - [28/Jul/2021:13:44:40 +0000] "GET /api/edu/student/getQualifiedScores?studentId=1 HTTP/1.1" 304 - "https://servicewechat.com/wx4be232a02d452c65/devtools/page-frame.html" "Mozilla/5.0 (iPhone; CPU iPhone OS 10_3_1 like Mac OS X) AppleWebKit/603.1.3 (KHTML, like Gecko) Version/10.0 Mobile/14E304 Safari/602.1 wechatdevtools/1.05.2105170 MicroMessenger/7.0.4 Language/zh_CN webview/"
::ffff:10.37.42.238 - - [28/Jul/2021:13:44:50 +0000] "GET /api/edu/course/detail?studentId=1&course_id=1 HTTP/1.1" 304 - "https://servicewechat.com/wx4be232a02d452c65/devtools/page-frame.html" "Mozilla/5.0 (iPhone; CPU iPhone OS 10_3_1 like Mac OS X) AppleWebKit/603.1.3 (KHTML, like Gecko) Version/10.0 Mobile/14E304 Safari/602.1 wechatdevtools/1.05.2105170 MicroMessenger/7.0.4 Language/zh_CN webview/"
::ffff:10.37.42.238 - - [28/Jul/2021:13:47:38 +0000] "GET /api/edu/student/getUnQualifiedScores?studentId=1 HTTP/1.1" 304 - "https://servicewechat.com/wx4be232a02d452c65/devtools/page-frame.html" "Mozilla/5.0 (iPhone; CPU iPhone OS 10_3_1 like Mac OS X) AppleWebKit/603.1.3 (KHTML, like Gecko) Version/10.0 Mobile/14E304 Safari/602.1 wechatdevtools/1.05.2105170 MicroMessenger/7.0.4 Language/zh_CN webview/"
::ffff:10.37.42.238 - - [28/Jul/2021:13:47:38 +0000] "GET /api/edu/student/getQualifiedScores?studentId=1 HTTP/1.1" 304 - "https://servicewechat.com/wx4be232a02d452c65/devtools/page-frame.html" "Mozilla/5.0 (iPhone; CPU iPhone OS 10_3_1 like Mac OS X) AppleWebKit/603.1.3 (KHTML, like Gecko) Version/10.0 Mobile/14E304 Safari/602.1 wechatdevtools/1.05.2105170 MicroMessenger/7.0.4 Language/zh_CN webview/"
::ffff:10.37.42.238 - - [28/Jul/2021:13:47:40 +0000] "GET /api/edu/course/detail?studentId=1&course_id=1 HTTP/1.1" 304 - "https://servicewechat.com/wx4be232a02d452c65/devtools/page-frame.html" "Mozilla/5.0 (iPhone; CPU iPhone OS 10_3_1 like Mac OS X) AppleWebKit/603.1.3 (KHTML, like Gecko) Version/10.0 Mobile/14E304 Safari/602.1 wechatdevtools/1.05.2105170 MicroMessenger/7.0.4 Language/zh_CN webview/"
::ffff:10.37.42.238 - - [28/Jul/2021:13:50:51 +0000] "GET /api/edu/student/getUnQualifiedScores?studentId=1 HTTP/1.1" 304 - "https://servicewechat.com/wx4be232a02d452c65/devtools/page-frame.html" "Mozilla/5.0 (iPhone; CPU iPhone OS 10_3_1 like Mac OS X) AppleWebKit/603.1.3 (KHTML, like Gecko) Version/10.0 Mobile/14E304 Safari/602.1 wechatdevtools/1.05.2105170 MicroMessenger/7.0.4 Language/zh_CN webview/"
::ffff:10.37.42.238 - - [28/Jul/2021:13:50:51 +0000] "GET /api/edu/student/getQualifiedScores?studentId=1 HTTP/1.1" 304 - "https://servicewechat.com/wx4be232a02d452c65/devtools/page-frame.html" "Mozilla/5.0 (iPhone; CPU iPhone OS 10_3_1 like Mac OS X) AppleWebKit/603.1.3 (KHTML, like Gecko) Version/10.0 Mobile/14E304 Safari/602.1 wechatdevtools/1.05.2105170 MicroMessenger/7.0.4 Language/zh_CN webview/"
::ffff:202.193.57.228 - - [28/Jul/2021:13:50:52 +0000] "GET /api/edu/teacher/getTeachersCourse?teacherId=11 HTTP/1.1" 304 - "http://localhost:9528/" "Mozilla/5.0 (Windows NT 10.0; Win64; x64) AppleWebKit/537.36 (KHTML, like Gecko) Chrome/92.0.4515.107 Safari/537.36"
::ffff:202.193.57.228 - - [28/Jul/2021:13:50:52 +0000] "GET /api/edu/class/get?curPage=1&viceTeacherId=11 HTTP/1.1" 304 - "http://localhost:9528/" "Mozilla/5.0 (Windows NT 10.0; Win64; x64) AppleWebKit/537.36 (KHTML, like Gecko) Chrome/92.0.4515.107 Safari/537.36"
::ffff:10.37.42.238 - - [28/Jul/2021:13:50:53 +0000] "GET /api/edu/course/detail?studentId=1&course_id=1 HTTP/1.1" 304 - "https://servicewechat.com/wx4be232a02d452c65/devtools/page-frame.html" "Mozilla/5.0 (iPhone; CPU iPhone OS 10_3_1 like Mac OS X) AppleWebKit/603.1.3 (KHTML, like Gecko) Version/10.0 Mobile/14E304 Safari/602.1 wechatdevtools/1.05.2105170 MicroMessenger/7.0.4 Language/zh_CN webview/"
::ffff:202.193.57.228 - - [28/Jul/2021:13:50:56 +0000] "GET /api/edu/student/get?stuCode=&curPage=1 HTTP/1.1" 200 4760 "http://localhost:9528/" "Mozilla/5.0 (Windows NT 10.0; Win64; x64) AppleWebKit/537.36 (KHTML, like Gecko) Chrome/92.0.4515.107 Safari/537.36"
::ffff:202.193.57.228 - - [28/Jul/2021:13:50:56 +0000] "GET /api/edu/class/get HTTP/1.1" 200 7889 "http://localhost:9528/" "Mozilla/5.0 (Windows NT 10.0; Win64; x64) AppleWebKit/537.36 (KHTML, like Gecko) Chrome/92.0.4515.107 Safari/537.36"
::ffff:202.193.57.228 - - [28/Jul/2021:13:51:06 +0000] "GET /api/edu/course/get?id=&code=&name= HTTP/1.1" 304 - "http://localhost:9528/" "Mozilla/5.0 (Windows NT 10.0; Win64; x64) AppleWebKit/537.36 (KHTML, like Gecko) Chrome/92.0.4515.107 Safari/537.36"
::ffff:202.193.57.228 - - [28/Jul/2021:13:51:10 +0000] "GET /api/edu/course/get?id=&code=&name= HTTP/1.1" 304 - "http://localhost:9528/" "Mozilla/5.0 (Windows NT 10.0; Win64; x64) AppleWebKit/537.36 (KHTML, like Gecko) Chrome/92.0.4515.107 Safari/537.36"
::ffff:10.37.42.238 - - [28/Jul/2021:13:52:17 +0000] "GET /api/edu/student/getUnQualifiedScores?studentId=1 HTTP/1.1" 304 - "https://servicewechat.com/wx4be232a02d452c65/devtools/page-frame.html" "Mozilla/5.0 (iPhone; CPU iPhone OS 10_3_1 like Mac OS X) AppleWebKit/603.1.3 (KHTML, like Gecko) Version/10.0 Mobile/14E304 Safari/602.1 wechatdevtools/1.05.2105170 MicroMessenger/7.0.4 Language/zh_CN webview/"
::ffff:10.37.42.238 - - [28/Jul/2021:13:52:17 +0000] "GET /api/edu/student/getQualifiedScores?studentId=1 HTTP/1.1" 304 - "https://servicewechat.com/wx4be232a02d452c65/devtools/page-frame.html" "Mozilla/5.0 (iPhone; CPU iPhone OS 10_3_1 like Mac OS X) AppleWebKit/603.1.3 (KHTML, like Gecko) Version/10.0 Mobile/14E304 Safari/602.1 wechatdevtools/1.05.2105170 MicroMessenger/7.0.4 Language/zh_CN webview/"
::ffff:10.37.42.238 - - [28/Jul/2021:13:52:19 +0000] "GET /api/edu/course/detail?studentId=1&course_id=1 HTTP/1.1" 304 - "https://servicewechat.com/wx4be232a02d452c65/devtools/page-frame.html" "Mozilla/5.0 (iPhone; CPU iPhone OS 10_3_1 like Mac OS X) AppleWebKit/603.1.3 (KHTML, like Gecko) Version/10.0 Mobile/14E304 Safari/602.1 wechatdevtools/1.05.2105170 MicroMessenger/7.0.4 Language/zh_CN webview/"
::ffff:202.193.57.228 - - [28/Jul/2021:13:52:33 +0000] "GET /api/edu/teacher/getTeachersCourse?teacherId=11 HTTP/1.1" 304 - "http://localhost:9528/" "Mozilla/5.0 (Windows NT 10.0; Win64; x64) AppleWebKit/537.36 (KHTML, like Gecko) Chrome/92.0.4515.107 Safari/537.36"
::ffff:202.193.57.228 - - [28/Jul/2021:13:52:34 +0000] "GET /api/edu/class/get?curPage=1&viceTeacherId=11 HTTP/1.1" 304 - "http://localhost:9528/" "Mozilla/5.0 (Windows NT 10.0; Win64; x64) AppleWebKit/537.36 (KHTML, like Gecko) Chrome/92.0.4515.107 Safari/537.36"
::ffff:202.193.57.228 - - [28/Jul/2021:13:52:37 +0000] "GET /api/edu/class/getAllStudents?classId=13 HTTP/1.1" 304 - "http://localhost:9528/" "Mozilla/5.0 (Windows NT 10.0; Win64; x64) AppleWebKit/537.36 (KHTML, like Gecko) Chrome/92.0.4515.107 Safari/537.36"
::ffff:202.193.57.228 - - [28/Jul/2021:13:53:13 +0000] "GET /api/edu/student/get?stuCode=&curPage=1 HTTP/1.1" 304 - "http://localhost:9528/" "Mozilla/5.0 (Windows NT 10.0; Win64; x64) AppleWebKit/537.36 (KHTML, like Gecko) Chrome/92.0.4515.107 Safari/537.36"
::ffff:202.193.57.228 - - [28/Jul/2021:13:53:13 +0000] "GET /api/edu/class/get HTTP/1.1" 304 - "http://localhost:9528/" "Mozilla/5.0 (Windows NT 10.0; Win64; x64) AppleWebKit/537.36 (KHTML, like Gecko) Chrome/92.0.4515.107 Safari/537.36"
::ffff:202.193.57.228 - - [28/Jul/2021:13:53:19 +0000] "GET /api/edu/teacher/getTeachersCourse?teacherId=11 HTTP/1.1" 304 - "http://localhost:9528/" "Mozilla/5.0 (Windows NT 10.0; Win64; x64) AppleWebKit/537.36 (KHTML, like Gecko) Chrome/92.0.4515.107 Safari/537.36"
::ffff:202.193.57.228 - - [28/Jul/2021:13:53:19 +0000] "GET /api/edu/class/get?curPage=1&viceTeacherId=11 HTTP/1.1" 304 - "http://localhost:9528/" "Mozilla/5.0 (Windows NT 10.0; Win64; x64) AppleWebKit/537.36 (KHTML, like Gecko) Chrome/92.0.4515.107 Safari/537.36"
::ffff:202.193.57.228 - - [28/Jul/2021:13:53:21 +0000] "GET /api/edu/class/getAllStudents?classId=13 HTTP/1.1" 304 - "http://localhost:9528/" "Mozilla/5.0 (Windows NT 10.0; Win64; x64) AppleWebKit/537.36 (KHTML, like Gecko) Chrome/92.0.4515.107 Safari/537.36"
::ffff:202.193.57.228 - - [28/Jul/2021:13:53:22 +0000] "GET /api/edu/class/getAllStudents?classId=13 HTTP/1.1" 304 - "http://localhost:9528/" "Mozilla/5.0 (Windows NT 10.0; Win64; x64) AppleWebKit/537.36 (KHTML, like Gecko) Chrome/92.0.4515.107 Safari/537.36"
::ffff:202.193.57.228 - - [28/Jul/2021:13:53:29 +0000] "GET /api/edu/teacher/get?stuCode=&curPage=1&organizational_id=17 HTTP/1.1" 304 - "http://localhost:9528/" "Mozilla/5.0 (Windows NT 10.0; Win64; x64) AppleWebKit/537.36 (KHTML, like Gecko) Chrome/92.0.4515.107 Safari/537.36"
::ffff:202.193.57.228 - - [28/Jul/2021:13:53:33 +0000] "GET /api/edu/class/get?curPage=1&viceTeacherId=11 HTTP/1.1" 304 - "http://localhost:9528/" "Mozilla/5.0 (Windows NT 10.0; Win64; x64) AppleWebKit/537.36 (KHTML, like Gecko) Chrome/92.0.4515.107 Safari/537.36"
::ffff:202.193.57.228 - - [28/Jul/2021:13:53:38 +0000] "GET /api/edu/teacher/getTeachersCourse?teacherId=11 HTTP/1.1" 304 - "http://localhost:9528/" "Mozilla/5.0 (Windows NT 10.0; Win64; x64) AppleWebKit/537.36 (KHTML, like Gecko) Chrome/92.0.4515.107 Safari/537.36"
::ffff:202.193.57.228 - - [28/Jul/2021:13:53:38 +0000] "GET /api/edu/class/get?curPage=1&viceTeacherId=11 HTTP/1.1" 304 - "http://localhost:9528/" "Mozilla/5.0 (Windows NT 10.0; Win64; x64) AppleWebKit/537.36 (KHTML, like Gecko) Chrome/92.0.4515.107 Safari/537.36"
::ffff:202.193.57.228 - - [28/Jul/2021:13:53:41 +0000] "GET /api/edu/class/getAllStudents?classId=13 HTTP/1.1" 304 - "http://localhost:9528/" "Mozilla/5.0 (Windows NT 10.0; Win64; x64) AppleWebKit/537.36 (KHTML, like Gecko) Chrome/92.0.4515.107 Safari/537.36"
::ffff:202.193.57.228 - - [28/Jul/2021:13:53:41 +0000] "GET /api/edu/class/getAllStudents?classId=13 HTTP/1.1" 304 - "http://localhost:9528/" "Mozilla/5.0 (Windows NT 10.0; Win64; x64) AppleWebKit/537.36 (KHTML, like Gecko) Chrome/92.0.4515.107 Safari/537.36"
::ffff:202.193.57.228 - - [28/Jul/2021:13:55:18 +0000] "GET /api/edu/student/get?stuCode=&curPage=1 HTTP/1.1" 304 - "http://localhost:9528/" "Mozilla/5.0 (Windows NT 10.0; Win64; x64) AppleWebKit/537.36 (KHTML, like Gecko) Chrome/92.0.4515.107 Safari/537.36"
::ffff:202.193.57.228 - - [28/Jul/2021:13:55:18 +0000] "GET /api/edu/class/get HTTP/1.1" 304 - "http://localhost:9528/" "Mozilla/5.0 (Windows NT 10.0; Win64; x64) AppleWebKit/537.36 (KHTML, like Gecko) Chrome/92.0.4515.107 Safari/537.36"
::ffff:10.37.53.62 - - [28/Jul/2021:13:55:45 +0000] "GET /api/edu/teacher/getTeacherAllStudents?teacherId=6 HTTP/1.1" 200 633 "-" "Mozilla/5.0 (Windows NT 10.0; Win64; x64) AppleWebKit/537.36 (KHTML, like Gecko) Chrome/91.0.4472.164 Safari/537.36"
::ffff:202.193.57.228 - - [28/Jul/2021:13:56:04 +0000] "OPTIONS /api/edu/student/new HTTP/1.1" 200 4 "http://localhost:9528/" "Mozilla/5.0 (Windows NT 10.0; Win64; x64) AppleWebKit/537.36 (KHTML, like Gecko) Chrome/92.0.4515.107 Safari/537.36"
::ffff:202.193.57.228 - - [28/Jul/2021:13:56:04 +0000] "POST /api/edu/student/new HTTP/1.1" 200 39 "http://localhost:9528/" "Mozilla/5.0 (Windows NT 10.0; Win64; x64) AppleWebKit/537.36 (KHTML, like Gecko) Chrome/92.0.4515.107 Safari/537.36"
::ffff:202.193.57.228 - - [28/Jul/2021:13:56:04 +0000] "GET /api/edu/student/get?stuCode=&curPage=2 HTTP/1.1" 304 - "http://localhost:9528/" "Mozilla/5.0 (Windows NT 10.0; Win64; x64) AppleWebKit/537.36 (KHTML, like Gecko) Chrome/92.0.4515.107 Safari/537.36"
::ffff:10.37.53.62 - - [28/Jul/2021:13:56:19 +0000] "GET /api/edu/teacher/getTeacherAllStudents?teacherId=6 HTTP/1.1" 200 463 "-" "Mozilla/5.0 (Windows NT 10.0; Win64; x64) AppleWebKit/537.36 (KHTML, like Gecko) Chrome/91.0.4472.164 Safari/537.36"
::ffff:10.37.53.62 - - [28/Jul/2021:13:56:31 +0000] "GET /api/edu/teacher/getTeacherAllStudents?teacherId=6 HTTP/1.1" 200 2858 "-" "Mozilla/5.0 (Windows NT 10.0; Win64; x64) AppleWebKit/537.36 (KHTML, like Gecko) Chrome/91.0.4472.164 Safari/537.36"
::ffff:202.193.57.228 - - [28/Jul/2021:13:56:35 +0000] "OPTIONS /api/edu/student/new HTTP/1.1" 200 4 "http://localhost:9528/" "Mozilla/5.0 (Windows NT 10.0; Win64; x64) AppleWebKit/537.36 (KHTML, like Gecko) Chrome/92.0.4515.107 Safari/537.36"
::ffff:202.193.57.228 - - [28/Jul/2021:13:56:35 +0000] "POST /api/edu/student/new HTTP/1.1" 200 39 "http://localhost:9528/" "Mozilla/5.0 (Windows NT 10.0; Win64; x64) AppleWebKit/537.36 (KHTML, like Gecko) Chrome/92.0.4515.107 Safari/537.36"
::ffff:202.193.57.228 - - [28/Jul/2021:13:56:35 +0000] "GET /api/edu/student/get?stuCode=&curPage=3 HTTP/1.1" 304 - "http://localhost:9528/" "Mozilla/5.0 (Windows NT 10.0; Win64; x64) AppleWebKit/537.36 (KHTML, like Gecko) Chrome/92.0.4515.107 Safari/537.36"
::ffff:202.193.57.228 - - [28/Jul/2021:13:56:45 +0000] "GET /api/edu/teacher/getTeachersCourse?teacherId=11 HTTP/1.1" 304 - "http://localhost:9528/" "Mozilla/5.0 (Windows NT 10.0; Win64; x64) AppleWebKit/537.36 (KHTML, like Gecko) Chrome/92.0.4515.107 Safari/537.36"
::ffff:202.193.57.228 - - [28/Jul/2021:13:56:45 +0000] "GET /api/edu/class/get?curPage=1&viceTeacherId=11 HTTP/1.1" 200 6989 "http://localhost:9528/" "Mozilla/5.0 (Windows NT 10.0; Win64; x64) AppleWebKit/537.36 (KHTML, like Gecko) Chrome/92.0.4515.107 Safari/537.36"
::ffff:202.193.57.228 - - [28/Jul/2021:13:56:48 +0000] "GET /api/edu/class/getAllStudents?classId=13 HTTP/1.1" 200 1872 "http://localhost:9528/" "Mozilla/5.0 (Windows NT 10.0; Win64; x64) AppleWebKit/537.36 (KHTML, like Gecko) Chrome/92.0.4515.107 Safari/537.36"
::ffff:202.193.57.228 - - [28/Jul/2021:13:57:06 +0000] "GET /api/edu/student/get?stuCode=&curPage=1 HTTP/1.1" 304 - "http://localhost:9528/" "Mozilla/5.0 (Windows NT 10.0; Win64; x64) AppleWebKit/537.36 (KHTML, like Gecko) Chrome/92.0.4515.107 Safari/537.36"
::ffff:202.193.57.228 - - [28/Jul/2021:13:57:06 +0000] "GET /api/edu/class/get HTTP/1.1" 200 7889 "http://localhost:9528/" "Mozilla/5.0 (Windows NT 10.0; Win64; x64) AppleWebKit/537.36 (KHTML, like Gecko) Chrome/92.0.4515.107 Safari/537.36"
::ffff:202.193.57.228 - - [28/Jul/2021:13:57:46 +0000] "OPTIONS /api/edu/student/new HTTP/1.1" 200 4 "http://localhost:9528/" "Mozilla/5.0 (Windows NT 10.0; Win64; x64) AppleWebKit/537.36 (KHTML, like Gecko) Chrome/92.0.4515.107 Safari/537.36"
::ffff:202.193.57.228 - - [28/Jul/2021:13:57:46 +0000] "POST /api/edu/student/new HTTP/1.1" 200 39 "http://localhost:9528/" "Mozilla/5.0 (Windows NT 10.0; Win64; x64) AppleWebKit/537.36 (KHTML, like Gecko) Chrome/92.0.4515.107 Safari/537.36"
::ffff:202.193.57.228 - - [28/Jul/2021:13:57:46 +0000] "GET /api/edu/student/get?stuCode=&curPage=2 HTTP/1.1" 304 - "http://localhost:9528/" "Mozilla/5.0 (Windows NT 10.0; Win64; x64) AppleWebKit/537.36 (KHTML, like Gecko) Chrome/92.0.4515.107 Safari/537.36"
::ffff:202.193.57.228 - - [28/Jul/2021:13:58:22 +0000] "OPTIONS /api/edu/student/new HTTP/1.1" 200 4 "http://localhost:9528/" "Mozilla/5.0 (Windows NT 10.0; Win64; x64) AppleWebKit/537.36 (KHTML, like Gecko) Chrome/92.0.4515.107 Safari/537.36"
::ffff:202.193.57.228 - - [28/Jul/2021:13:58:22 +0000] "POST /api/edu/student/new HTTP/1.1" 200 39 "http://localhost:9528/" "Mozilla/5.0 (Windows NT 10.0; Win64; x64) AppleWebKit/537.36 (KHTML, like Gecko) Chrome/92.0.4515.107 Safari/537.36"
::ffff:202.193.57.228 - - [28/Jul/2021:13:58:22 +0000] "GET /api/edu/student/get?stuCode=&curPage=3 HTTP/1.1" 304 - "http://localhost:9528/" "Mozilla/5.0 (Windows NT 10.0; Win64; x64) AppleWebKit/537.36 (KHTML, like Gecko) Chrome/92.0.4515.107 Safari/537.36"
::ffff:202.193.57.228 - - [28/Jul/2021:13:58:59 +0000] "OPTIONS /api/edu/student/new HTTP/1.1" 200 4 "http://localhost:9528/" "Mozilla/5.0 (Windows NT 10.0; Win64; x64) AppleWebKit/537.36 (KHTML, like Gecko) Chrome/92.0.4515.107 Safari/537.36"
::ffff:202.193.57.228 - - [28/Jul/2021:13:58:59 +0000] "POST /api/edu/student/new HTTP/1.1" 200 39 "http://localhost:9528/" "Mozilla/5.0 (Windows NT 10.0; Win64; x64) AppleWebKit/537.36 (KHTML, like Gecko) Chrome/92.0.4515.107 Safari/537.36"
::ffff:202.193.57.228 - - [28/Jul/2021:13:58:59 +0000] "GET /api/edu/student/get?stuCode=&curPage=4 HTTP/1.1" 200 4545 "http://localhost:9528/" "Mozilla/5.0 (Windows NT 10.0; Win64; x64) AppleWebKit/537.36 (KHTML, like Gecko) Chrome/92.0.4515.107 Safari/537.36"
::ffff:202.193.57.228 - - [28/Jul/2021:13:59:48 +0000] "OPTIONS /api/edu/student/new HTTP/1.1" 200 4 "http://localhost:9528/" "Mozilla/5.0 (Windows NT 10.0; Win64; x64) AppleWebKit/537.36 (KHTML, like Gecko) Chrome/92.0.4515.107 Safari/537.36"
::ffff:202.193.57.228 - - [28/Jul/2021:13:59:48 +0000] "POST /api/edu/student/new HTTP/1.1" 200 39 "http://localhost:9528/" "Mozilla/5.0 (Windows NT 10.0; Win64; x64) AppleWebKit/537.36 (KHTML, like Gecko) Chrome/92.0.4515.107 Safari/537.36"
::ffff:202.193.57.228 - - [28/Jul/2021:13:59:48 +0000] "GET /api/edu/student/get?stuCode=&curPage=5 HTTP/1.1" 200 4625 "http://localhost:9528/" "Mozilla/5.0 (Windows NT 10.0; Win64; x64) AppleWebKit/537.36 (KHTML, like Gecko) Chrome/92.0.4515.107 Safari/537.36"
::ffff:202.193.57.228 - - [28/Jul/2021:13:59:54 +0000] "GET /api/edu/teacher/getTeachersCourse?teacherId=11 HTTP/1.1" 304 - "http://localhost:9528/" "Mozilla/5.0 (Windows NT 10.0; Win64; x64) AppleWebKit/537.36 (KHTML, like Gecko) Chrome/92.0.4515.107 Safari/537.36"
::ffff:202.193.57.228 - - [28/Jul/2021:13:59:54 +0000] "GET /api/edu/class/get?curPage=1&viceTeacherId=11 HTTP/1.1" 200 6989 "http://localhost:9528/" "Mozilla/5.0 (Windows NT 10.0; Win64; x64) AppleWebKit/537.36 (KHTML, like Gecko) Chrome/92.0.4515.107 Safari/537.36"
::ffff:202.193.57.228 - - [28/Jul/2021:13:59:56 +0000] "GET /api/edu/class/getAllStudents?classId=13 HTTP/1.1" 200 3665 "http://localhost:9528/" "Mozilla/5.0 (Windows NT 10.0; Win64; x64) AppleWebKit/537.36 (KHTML, like Gecko) Chrome/92.0.4515.107 Safari/537.36"
::ffff:10.37.53.62 - - [28/Jul/2021:14:00:20 +0000] "GET /api/edu/user/login HTTP/1.1" 404 33 "-" "Mozilla/5.0 (Windows NT 10.0; Win64; x64) AppleWebKit/537.36 (KHTML, like Gecko) Chrome/91.0.4472.164 Safari/537.36"
::ffff:10.37.53.62 - - [28/Jul/2021:14:02:28 +0000] "POST /api/edu/user/login HTTP/1.1" 200 256 "-" "PostmanRuntime/7.28.2"
::ffff:10.37.53.62 - - [28/Jul/2021:14:03:19 +0000] "POST /api/edu/user/login HTTP/1.1" 200 256 "-" "PostmanRuntime/7.28.2"
::ffff:10.37.53.62 - - [28/Jul/2021:14:03:37 +0000] "POST /api/edu/user/login HTTP/1.1" 200 428 "-" "PostmanRuntime/7.28.2"
::ffff:10.37.53.62 - - [28/Jul/2021:14:04:16 +0000] "POST /api/edu/user/login HTTP/1.1" 200 428 "-" "PostmanRuntime/7.28.2"
::ffff:10.37.53.62 - - [28/Jul/2021:14:04:30 +0000] "POST /api/edu/user/login HTTP/1.1" 200 32 "-" "PostmanRuntime/7.28.2"
::ffff:10.37.53.62 - - [28/Jul/2021:14:05:10 +0000] "POST /api/edu/user/login HTTP/1.1" 200 34 "-" "PostmanRuntime/7.28.2"
::ffff:10.37.53.62 - - [28/Jul/2021:14:05:19 +0000] "POST /api/edu/user/login HTTP/1.1" 200 34 "-" "PostmanRuntime/7.28.2"
::ffff:10.37.53.62 - - [28/Jul/2021:14:05:33 +0000] "POST /api/edu/user/login HTTP/1.1" 200 64 "-" "PostmanRuntime/7.28.2"
::ffff:10.37.53.62 - - [28/Jul/2021:14:05:41 +0000] "POST /api/edu/user/login HTTP/1.1" 200 66 "-" "PostmanRuntime/7.28.2"
::ffff:10.37.53.62 - - [28/Jul/2021:14:06:07 +0000] "POST /api/edu/user/login HTTP/1.1" 200 428 "-" "PostmanRuntime/7.28.2"
::ffff:202.193.57.228 - - [28/Jul/2021:14:13:33 +0000] "GET /api/edu/class/getAllStudents?classId=13 HTTP/1.1" 304 - "http://localhost:9528/" "Mozilla/5.0 (Windows NT 10.0; Win64; x64) AppleWebKit/537.36 (KHTML, like Gecko) Chrome/92.0.4515.107 Safari/537.36"
::ffff:202.193.57.228 - - [28/Jul/2021:14:15:00 +0000] "GET /api/edu/teacher/getTeachersCourse?teacherId=11 HTTP/1.1" 304 - "http://localhost:9528/" "Mozilla/5.0 (Windows NT 10.0; Win64; x64) AppleWebKit/537.36 (KHTML, like Gecko) Chrome/92.0.4515.107 Safari/537.36"
::ffff:202.193.57.228 - - [28/Jul/2021:14:15:01 +0000] "GET /api/edu/class/get?curPage=1&viceTeacherId=11 HTTP/1.1" 304 - "http://localhost:9528/" "Mozilla/5.0 (Windows NT 10.0; Win64; x64) AppleWebKit/537.36 (KHTML, like Gecko) Chrome/92.0.4515.107 Safari/537.36"
::ffff:202.193.57.228 - - [28/Jul/2021:14:15:03 +0000] "GET /api/edu/class/getAllStudents?classId=13 HTTP/1.1" 304 - "http://localhost:9528/" "Mozilla/5.0 (Windows NT 10.0; Win64; x64) AppleWebKit/537.36 (KHTML, like Gecko) Chrome/92.0.4515.107 Safari/537.36"
::ffff:202.193.57.228 - - [28/Jul/2021:14:20:29 +0000] "GET /api/edu/teacher/getTeachersCourse?teacherId=11 HTTP/1.1" 304 - "http://localhost:9528/" "Mozilla/5.0 (Windows NT 10.0; Win64; x64) AppleWebKit/537.36 (KHTML, like Gecko) Chrome/92.0.4515.107 Safari/537.36"
::ffff:202.193.57.228 - - [28/Jul/2021:14:20:29 +0000] "GET /api/edu/class/get?curPage=1&viceTeacherId=11 HTTP/1.1" 304 - "http://localhost:9528/" "Mozilla/5.0 (Windows NT 10.0; Win64; x64) AppleWebKit/537.36 (KHTML, like Gecko) Chrome/92.0.4515.107 Safari/537.36"
::ffff:202.193.57.228 - - [28/Jul/2021:14:20:32 +0000] "GET /api/edu/teacher/checkCourseIsLogScore?teacherId=11&relationId=19 HTTP/1.1" 200 46 "http://localhost:9528/" "Mozilla/5.0 (Windows NT 10.0; Win64; x64) AppleWebKit/537.36 (KHTML, like Gecko) Chrome/92.0.4515.107 Safari/537.36"
::ffff:202.193.57.228 - - [28/Jul/2021:14:20:32 +0000] "GET /api/edu/class/getAllStudents HTTP/1.1" 200 52 "http://localhost:9528/" "Mozilla/5.0 (Windows NT 10.0; Win64; x64) AppleWebKit/537.36 (KHTML, like Gecko) Chrome/92.0.4515.107 Safari/537.36"
::ffff:202.193.57.228 - - [28/Jul/2021:14:20:34 +0000] "GET /api/edu/teacher/checkCourseIsLogScore?teacherId=11&relationId=22 HTTP/1.1" 200 45 "http://localhost:9528/" "Mozilla/5.0 (Windows NT 10.0; Win64; x64) AppleWebKit/537.36 (KHTML, like Gecko) Chrome/92.0.4515.107 Safari/537.36"
::ffff:202.193.57.228 - - [28/Jul/2021:14:20:34 +0000] "GET /api/edu/class/getAllStudents HTTP/1.1" 304 - "http://localhost:9528/" "Mozilla/5.0 (Windows NT 10.0; Win64; x64) AppleWebKit/537.36 (KHTML, like Gecko) Chrome/92.0.4515.107 Safari/537.36"
::ffff:202.193.57.228 - - [28/Jul/2021:14:20:41 +0000] "GET /api/edu/teacher/getTeachersCourse?teacherId=11 HTTP/1.1" 304 - "http://localhost:9528/" "Mozilla/5.0 (Windows NT 10.0; Win64; x64) AppleWebKit/537.36 (KHTML, like Gecko) Chrome/92.0.4515.107 Safari/537.36"
::ffff:202.193.57.228 - - [28/Jul/2021:14:20:41 +0000] "GET /api/edu/class/get?curPage=1&viceTeacherId=11 HTTP/1.1" 304 - "http://localhost:9528/" "Mozilla/5.0 (Windows NT 10.0; Win64; x64) AppleWebKit/537.36 (KHTML, like Gecko) Chrome/92.0.4515.107 Safari/537.36"
::ffff:202.193.57.228 - - [28/Jul/2021:14:20:44 +0000] "GET /api/edu/teacher/checkCourseIsLogScore?teacherId=11&relationId=22 HTTP/1.1" 304 - "http://localhost:9528/" "Mozilla/5.0 (Windows NT 10.0; Win64; x64) AppleWebKit/537.36 (KHTML, like Gecko) Chrome/92.0.4515.107 Safari/537.36"
::ffff:202.193.57.228 - - [28/Jul/2021:14:20:44 +0000] "GET /api/edu/class/getAllStudents HTTP/1.1" 304 - "http://localhost:9528/" "Mozilla/5.0 (Windows NT 10.0; Win64; x64) AppleWebKit/537.36 (KHTML, like Gecko) Chrome/92.0.4515.107 Safari/537.36"
::ffff:202.193.57.228 - - [28/Jul/2021:14:20:51 +0000] "GET /api/edu/teacher/checkCourseIsLogScore?teacherId=11&relationId=19 HTTP/1.1" 304 - "http://localhost:9528/" "Mozilla/5.0 (Windows NT 10.0; Win64; x64) AppleWebKit/537.36 (KHTML, like Gecko) Chrome/92.0.4515.107 Safari/537.36"
::ffff:202.193.57.228 - - [28/Jul/2021:14:20:51 +0000] "GET /api/edu/class/getAllStudents HTTP/1.1" 304 - "http://localhost:9528/" "Mozilla/5.0 (Windows NT 10.0; Win64; x64) AppleWebKit/537.36 (KHTML, like Gecko) Chrome/92.0.4515.107 Safari/537.36"
::ffff:202.193.57.228 - - [28/Jul/2021:14:20:55 +0000] "GET /api/edu/teacher/checkCourseIsLogScore?teacherId=11&relationId=22 HTTP/1.1" 304 - "http://localhost:9528/" "Mozilla/5.0 (Windows NT 10.0; Win64; x64) AppleWebKit/537.36 (KHTML, like Gecko) Chrome/92.0.4515.107 Safari/537.36"
::ffff:202.193.57.228 - - [28/Jul/2021:14:20:55 +0000] "GET /api/edu/class/getAllStudents HTTP/1.1" 304 - "http://localhost:9528/" "Mozilla/5.0 (Windows NT 10.0; Win64; x64) AppleWebKit/537.36 (KHTML, like Gecko) Chrome/92.0.4515.107 Safari/537.36"
::ffff:10.37.42.238 - - [28/Jul/2021:14:21:19 +0000] "GET /api/edu/student/getUnQualifiedScores?studentId=1 HTTP/1.1" 304 - "https://servicewechat.com/wx4be232a02d452c65/devtools/page-frame.html" "Mozilla/5.0 (iPhone; CPU iPhone OS 10_3_1 like Mac OS X) AppleWebKit/603.1.3 (KHTML, like Gecko) Version/10.0 Mobile/14E304 Safari/602.1 wechatdevtools/1.05.2105170 MicroMessenger/7.0.4 Language/zh_CN webview/"
::ffff:10.37.42.238 - - [28/Jul/2021:14:21:19 +0000] "GET /api/edu/student/getQualifiedScores?studentId=1 HTTP/1.1" 304 - "https://servicewechat.com/wx4be232a02d452c65/devtools/page-frame.html" "Mozilla/5.0 (iPhone; CPU iPhone OS 10_3_1 like Mac OS X) AppleWebKit/603.1.3 (KHTML, like Gecko) Version/10.0 Mobile/14E304 Safari/602.1 wechatdevtools/1.05.2105170 MicroMessenger/7.0.4 Language/zh_CN webview/"
::ffff:202.193.57.228 - - [28/Jul/2021:14:21:55 +0000] "GET /api/edu/teacher/getTeachersCourse?teacherId=11 HTTP/1.1" 304 - "http://localhost:9528/" "Mozilla/5.0 (Windows NT 10.0; Win64; x64) AppleWebKit/537.36 (KHTML, like Gecko) Chrome/92.0.4515.107 Safari/537.36"
::ffff:202.193.57.228 - - [28/Jul/2021:14:21:55 +0000] "GET /api/edu/class/get?curPage=1&viceTeacherId=11 HTTP/1.1" 304 - "http://localhost:9528/" "Mozilla/5.0 (Windows NT 10.0; Win64; x64) AppleWebKit/537.36 (KHTML, like Gecko) Chrome/92.0.4515.107 Safari/537.36"
::ffff:202.193.57.228 - - [28/Jul/2021:14:22:30 +0000] "GET /api/edu/teacher/getTeachersCourse?teacherId=11 HTTP/1.1" 304 - "http://localhost:9528/" "Mozilla/5.0 (Windows NT 10.0; Win64; x64) AppleWebKit/537.36 (KHTML, like Gecko) Chrome/92.0.4515.107 Safari/537.36"
::ffff:202.193.57.228 - - [28/Jul/2021:14:22:30 +0000] "GET /api/edu/class/get?curPage=1&viceTeacherId=11 HTTP/1.1" 304 - "http://localhost:9528/" "Mozilla/5.0 (Windows NT 10.0; Win64; x64) AppleWebKit/537.36 (KHTML, like Gecko) Chrome/92.0.4515.107 Safari/537.36"
::ffff:202.193.57.228 - - [28/Jul/2021:14:22:33 +0000] "GET /api/edu/teacher/checkCourseIsLogScore?teacherId=11&relationId=22 HTTP/1.1" 304 - "http://localhost:9528/" "Mozilla/5.0 (Windows NT 10.0; Win64; x64) AppleWebKit/537.36 (KHTML, like Gecko) Chrome/92.0.4515.107 Safari/537.36"
::ffff:202.193.57.228 - - [28/Jul/2021:14:22:33 +0000] "GET /api/edu/class/getAllStudents?classId=13 HTTP/1.1" 304 - "http://localhost:9528/" "Mozilla/5.0 (Windows NT 10.0; Win64; x64) AppleWebKit/537.36 (KHTML, like Gecko) Chrome/92.0.4515.107 Safari/537.36"
::ffff:202.193.57.228 - - [28/Jul/2021:14:26:40 +0000] "GET /api/edu/teacher/getTeachersCourse?teacherId=11 HTTP/1.1" 304 - "http://localhost:9528/" "Mozilla/5.0 (Windows NT 10.0; Win64; x64) AppleWebKit/537.36 (KHTML, like Gecko) Chrome/92.0.4515.107 Safari/537.36"
::ffff:202.193.57.228 - - [28/Jul/2021:14:26:40 +0000] "GET /api/edu/class/get?curPage=1&viceTeacherId=11 HTTP/1.1" 304 - "http://localhost:9528/" "Mozilla/5.0 (Windows NT 10.0; Win64; x64) AppleWebKit/537.36 (KHTML, like Gecko) Chrome/92.0.4515.107 Safari/537.36"
::ffff:202.193.57.228 - - [28/Jul/2021:14:26:43 +0000] "GET /api/edu/teacher/checkCourseIsLogScore?teacherId=11&relationId=22 HTTP/1.1" 304 - "http://localhost:9528/" "Mozilla/5.0 (Windows NT 10.0; Win64; x64) AppleWebKit/537.36 (KHTML, like Gecko) Chrome/92.0.4515.107 Safari/537.36"
::ffff:202.193.57.228 - - [28/Jul/2021:14:26:43 +0000] "GET /api/edu/class/getAllStudents?classId=13 HTTP/1.1" 304 - "http://localhost:9528/" "Mozilla/5.0 (Windows NT 10.0; Win64; x64) AppleWebKit/537.36 (KHTML, like Gecko) Chrome/92.0.4515.107 Safari/537.36"
::ffff:10.37.42.238 - - [28/Jul/2021:14:30:34 +0000] "GET /api/edu/student/getUnQualifiedScores?studentId=1 HTTP/1.1" 304 - "https://servicewechat.com/wx4be232a02d452c65/devtools/page-frame.html" "Mozilla/5.0 (iPhone; CPU iPhone OS 10_3_1 like Mac OS X) AppleWebKit/603.1.3 (KHTML, like Gecko) Version/10.0 Mobile/14E304 Safari/602.1 wechatdevtools/1.05.2105170 MicroMessenger/7.0.4 Language/zh_CN webview/"
::ffff:10.37.42.238 - - [28/Jul/2021:14:30:34 +0000] "GET /api/edu/student/getQualifiedScores?studentId=1 HTTP/1.1" 304 - "https://servicewechat.com/wx4be232a02d452c65/devtools/page-frame.html" "Mozilla/5.0 (iPhone; CPU iPhone OS 10_3_1 like Mac OS X) AppleWebKit/603.1.3 (KHTML, like Gecko) Version/10.0 Mobile/14E304 Safari/602.1 wechatdevtools/1.05.2105170 MicroMessenger/7.0.4 Language/zh_CN webview/"
::ffff:10.37.42.238 - - [28/Jul/2021:14:31:59 +0000] "GET /api/edu/student/getUnQualifiedScores?studentId=1 HTTP/1.1" 304 - "https://servicewechat.com/wx4be232a02d452c65/devtools/page-frame.html" "Mozilla/5.0 (iPhone; CPU iPhone OS 10_3_1 like Mac OS X) AppleWebKit/603.1.3 (KHTML, like Gecko) Version/10.0 Mobile/14E304 Safari/602.1 wechatdevtools/1.05.2105170 MicroMessenger/7.0.4 Language/zh_CN webview/"
::ffff:10.37.42.238 - - [28/Jul/2021:14:31:59 +0000] "GET /api/edu/student/getQualifiedScores?studentId=1 HTTP/1.1" 304 - "https://servicewechat.com/wx4be232a02d452c65/devtools/page-frame.html" "Mozilla/5.0 (iPhone; CPU iPhone OS 10_3_1 like Mac OS X) AppleWebKit/603.1.3 (KHTML, like Gecko) Version/10.0 Mobile/14E304 Safari/602.1 wechatdevtools/1.05.2105170 MicroMessenger/7.0.4 Language/zh_CN webview/"
::ffff:10.37.42.238 - - [28/Jul/2021:14:32:41 +0000] "GET /api/edu/student/getUnQualifiedScores?studentId=1 HTTP/1.1" 304 - "https://servicewechat.com/wx4be232a02d452c65/devtools/page-frame.html" "Mozilla/5.0 (iPhone; CPU iPhone OS 10_3_1 like Mac OS X) AppleWebKit/603.1.3 (KHTML, like Gecko) Version/10.0 Mobile/14E304 Safari/602.1 wechatdevtools/1.05.2105170 MicroMessenger/7.0.4 Language/zh_CN webview/"
::ffff:10.37.42.238 - - [28/Jul/2021:14:32:41 +0000] "GET /api/edu/student/getQualifiedScores?studentId=1 HTTP/1.1" 304 - "https://servicewechat.com/wx4be232a02d452c65/devtools/page-frame.html" "Mozilla/5.0 (iPhone; CPU iPhone OS 10_3_1 like Mac OS X) AppleWebKit/603.1.3 (KHTML, like Gecko) Version/10.0 Mobile/14E304 Safari/602.1 wechatdevtools/1.05.2105170 MicroMessenger/7.0.4 Language/zh_CN webview/"
::ffff:10.37.42.238 - - [28/Jul/2021:14:33:56 +0000] "GET /api/edu/student/getUnQualifiedScores?studentId=1 HTTP/1.1" 304 - "https://servicewechat.com/wx4be232a02d452c65/devtools/page-frame.html" "Mozilla/5.0 (iPhone; CPU iPhone OS 10_3_1 like Mac OS X) AppleWebKit/603.1.3 (KHTML, like Gecko) Version/10.0 Mobile/14E304 Safari/602.1 wechatdevtools/1.05.2105170 MicroMessenger/7.0.4 Language/zh_CN webview/"
::ffff:10.37.42.238 - - [28/Jul/2021:14:33:56 +0000] "GET /api/edu/student/getQualifiedScores?studentId=1 HTTP/1.1" 304 - "https://servicewechat.com/wx4be232a02d452c65/devtools/page-frame.html" "Mozilla/5.0 (iPhone; CPU iPhone OS 10_3_1 like Mac OS X) AppleWebKit/603.1.3 (KHTML, like Gecko) Version/10.0 Mobile/14E304 Safari/602.1 wechatdevtools/1.05.2105170 MicroMessenger/7.0.4 Language/zh_CN webview/"
::ffff:10.37.42.238 - - [28/Jul/2021:14:34:54 +0000] "GET /api/edu/student/getUnQualifiedScores?studentId=1 HTTP/1.1" 304 - "https://servicewechat.com/wx4be232a02d452c65/devtools/page-frame.html" "Mozilla/5.0 (iPhone; CPU iPhone OS 10_3_1 like Mac OS X) AppleWebKit/603.1.3 (KHTML, like Gecko) Version/10.0 Mobile/14E304 Safari/602.1 wechatdevtools/1.05.2105170 MicroMessenger/7.0.4 Language/zh_CN webview/"
::ffff:10.37.42.238 - - [28/Jul/2021:14:34:54 +0000] "GET /api/edu/student/getQualifiedScores?studentId=1 HTTP/1.1" 304 - "https://servicewechat.com/wx4be232a02d452c65/devtools/page-frame.html" "Mozilla/5.0 (iPhone; CPU iPhone OS 10_3_1 like Mac OS X) AppleWebKit/603.1.3 (KHTML, like Gecko) Version/10.0 Mobile/14E304 Safari/602.1 wechatdevtools/1.05.2105170 MicroMessenger/7.0.4 Language/zh_CN webview/"
::ffff:202.193.57.228 - - [28/Jul/2021:14:37:22 +0000] "GET /api/edu/teacher/getTeachersCourse?teacherId=11 HTTP/1.1" 304 - "http://localhost:9528/" "Mozilla/5.0 (Windows NT 10.0; Win64; x64) AppleWebKit/537.36 (KHTML, like Gecko) Chrome/92.0.4515.107 Safari/537.36"
::ffff:202.193.57.228 - - [28/Jul/2021:14:37:22 +0000] "GET /api/edu/class/get?curPage=1&viceTeacherId=11 HTTP/1.1" 304 - "http://localhost:9528/" "Mozilla/5.0 (Windows NT 10.0; Win64; x64) AppleWebKit/537.36 (KHTML, like Gecko) Chrome/92.0.4515.107 Safari/537.36"
::ffff:202.193.57.228 - - [28/Jul/2021:14:37:24 +0000] "GET /api/edu/teacher/checkCourseIsLogScore?teacherId=11&relationId=22 HTTP/1.1" 304 - "http://localhost:9528/" "Mozilla/5.0 (Windows NT 10.0; Win64; x64) AppleWebKit/537.36 (KHTML, like Gecko) Chrome/92.0.4515.107 Safari/537.36"
::ffff:202.193.57.228 - - [28/Jul/2021:14:37:24 +0000] "GET /api/edu/class/getAllStudents?classId=13 HTTP/1.1" 304 - "http://localhost:9528/" "Mozilla/5.0 (Windows NT 10.0; Win64; x64) AppleWebKit/537.36 (KHTML, like Gecko) Chrome/92.0.4515.107 Safari/537.36"
::ffff:202.193.57.228 - - [28/Jul/2021:14:37:26 +0000] "GET /api/edu/teacher/checkCourseIsLogScore?teacherId=11&relationId=22 HTTP/1.1" 304 - "http://localhost:9528/" "Mozilla/5.0 (Windows NT 10.0; Win64; x64) AppleWebKit/537.36 (KHTML, like Gecko) Chrome/92.0.4515.107 Safari/537.36"
::ffff:202.193.57.228 - - [28/Jul/2021:14:37:26 +0000] "GET /api/edu/class/getAllStudents?classId=13 HTTP/1.1" 304 - "http://localhost:9528/" "Mozilla/5.0 (Windows NT 10.0; Win64; x64) AppleWebKit/537.36 (KHTML, like Gecko) Chrome/92.0.4515.107 Safari/537.36"
::ffff:202.193.57.228 - - [28/Jul/2021:14:37:46 +0000] "GET /api/edu/teacher/getTeachersCourse?teacherId=11 HTTP/1.1" 304 - "http://localhost:9528/" "Mozilla/5.0 (Windows NT 10.0; Win64; x64) AppleWebKit/537.36 (KHTML, like Gecko) Chrome/92.0.4515.107 Safari/537.36"
::ffff:202.193.57.228 - - [28/Jul/2021:14:37:46 +0000] "GET /api/edu/class/get?curPage=1&viceTeacherId=11 HTTP/1.1" 304 - "http://localhost:9528/" "Mozilla/5.0 (Windows NT 10.0; Win64; x64) AppleWebKit/537.36 (KHTML, like Gecko) Chrome/92.0.4515.107 Safari/537.36"
::ffff:202.193.57.228 - - [28/Jul/2021:14:38:24 +0000] "GET /api/edu/teacher/getTeachersCourse?teacherId=11 HTTP/1.1" 304 - "http://localhost:9528/" "Mozilla/5.0 (Windows NT 10.0; Win64; x64) AppleWebKit/537.36 (KHTML, like Gecko) Chrome/92.0.4515.107 Safari/537.36"
::ffff:202.193.57.228 - - [28/Jul/2021:14:38:24 +0000] "GET /api/edu/class/get?curPage=1&viceTeacherId=11 HTTP/1.1" 304 - "http://localhost:9528/" "Mozilla/5.0 (Windows NT 10.0; Win64; x64) AppleWebKit/537.36 (KHTML, like Gecko) Chrome/92.0.4515.107 Safari/537.36"
::ffff:202.193.57.228 - - [28/Jul/2021:14:38:26 +0000] "GET /api/edu/teacher/checkCourseIsLogScore?teacherId=11&relationId=22 HTTP/1.1" 304 - "http://localhost:9528/" "Mozilla/5.0 (Windows NT 10.0; Win64; x64) AppleWebKit/537.36 (KHTML, like Gecko) Chrome/92.0.4515.107 Safari/537.36"
::ffff:202.193.57.228 - - [28/Jul/2021:14:38:26 +0000] "GET /api/edu/class/getAllStudents?classId=13 HTTP/1.1" 304 - "http://localhost:9528/" "Mozilla/5.0 (Windows NT 10.0; Win64; x64) AppleWebKit/537.36 (KHTML, like Gecko) Chrome/92.0.4515.107 Safari/537.36"
::ffff:202.193.57.228 - - [28/Jul/2021:14:39:57 +0000] "GET /api/edu/teacher/getTeachersCourse?teacherId=11 HTTP/1.1" 304 - "http://localhost:9528/" "Mozilla/5.0 (Windows NT 10.0; Win64; x64) AppleWebKit/537.36 (KHTML, like Gecko) Chrome/92.0.4515.107 Safari/537.36"
::ffff:202.193.57.228 - - [28/Jul/2021:14:39:57 +0000] "GET /api/edu/class/get?curPage=1&viceTeacherId=11 HTTP/1.1" 304 - "http://localhost:9528/" "Mozilla/5.0 (Windows NT 10.0; Win64; x64) AppleWebKit/537.36 (KHTML, like Gecko) Chrome/92.0.4515.107 Safari/537.36"
::ffff:202.193.57.228 - - [28/Jul/2021:14:39:59 +0000] "GET /api/edu/teacher/checkCourseIsLogScore?teacherId=11&relationId=22 HTTP/1.1" 304 - "http://localhost:9528/" "Mozilla/5.0 (Windows NT 10.0; Win64; x64) AppleWebKit/537.36 (KHTML, like Gecko) Chrome/92.0.4515.107 Safari/537.36"
::ffff:202.193.57.228 - - [28/Jul/2021:14:39:59 +0000] "GET /api/edu/class/getAllStudents?classId=13 HTTP/1.1" 304 - "http://localhost:9528/" "Mozilla/5.0 (Windows NT 10.0; Win64; x64) AppleWebKit/537.36 (KHTML, like Gecko) Chrome/92.0.4515.107 Safari/537.36"
::ffff:10.37.42.238 - - [28/Jul/2021:14:44:16 +0000] "GET /api/edu/student/getUnQualifiedScores?studentId=1 HTTP/1.1" 304 - "https://servicewechat.com/wx4be232a02d452c65/devtools/page-frame.html" "Mozilla/5.0 (iPhone; CPU iPhone OS 10_3_1 like Mac OS X) AppleWebKit/603.1.3 (KHTML, like Gecko) Version/10.0 Mobile/14E304 Safari/602.1 wechatdevtools/1.05.2105170 MicroMessenger/7.0.4 Language/zh_CN webview/"
::ffff:10.37.42.238 - - [28/Jul/2021:14:44:16 +0000] "GET /api/edu/student/getQualifiedScores?studentId=1 HTTP/1.1" 304 - "https://servicewechat.com/wx4be232a02d452c65/devtools/page-frame.html" "Mozilla/5.0 (iPhone; CPU iPhone OS 10_3_1 like Mac OS X) AppleWebKit/603.1.3 (KHTML, like Gecko) Version/10.0 Mobile/14E304 Safari/602.1 wechatdevtools/1.05.2105170 MicroMessenger/7.0.4 Language/zh_CN webview/"
::ffff:10.37.42.238 - - [28/Jul/2021:14:45:05 +0000] "GET /api/edu/student/getUnQualifiedScores?studentId=1 HTTP/1.1" 304 - "https://servicewechat.com/wx4be232a02d452c65/devtools/page-frame.html" "Mozilla/5.0 (iPhone; CPU iPhone OS 10_3_1 like Mac OS X) AppleWebKit/603.1.3 (KHTML, like Gecko) Version/10.0 Mobile/14E304 Safari/602.1 wechatdevtools/1.05.2105170 MicroMessenger/7.0.4 Language/zh_CN webview/"
::ffff:10.37.42.238 - - [28/Jul/2021:14:45:05 +0000] "GET /api/edu/student/getQualifiedScores?studentId=1 HTTP/1.1" 304 - "https://servicewechat.com/wx4be232a02d452c65/devtools/page-frame.html" "Mozilla/5.0 (iPhone; CPU iPhone OS 10_3_1 like Mac OS X) AppleWebKit/603.1.3 (KHTML, like Gecko) Version/10.0 Mobile/14E304 Safari/602.1 wechatdevtools/1.05.2105170 MicroMessenger/7.0.4 Language/zh_CN webview/"
::ffff:10.37.42.238 - - [28/Jul/2021:14:50:06 +0000] "GET /api/edu/student/getUnQualifiedScores?studentId=1 HTTP/1.1" 304 - "https://servicewechat.com/wx4be232a02d452c65/devtools/page-frame.html" "Mozilla/5.0 (iPhone; CPU iPhone OS 10_3_1 like Mac OS X) AppleWebKit/603.1.3 (KHTML, like Gecko) Version/10.0 Mobile/14E304 Safari/602.1 wechatdevtools/1.05.2105170 MicroMessenger/7.0.4 Language/zh_CN webview/"
::ffff:10.37.42.238 - - [28/Jul/2021:14:50:06 +0000] "GET /api/edu/student/getQualifiedScores?studentId=1 HTTP/1.1" 304 - "https://servicewechat.com/wx4be232a02d452c65/devtools/page-frame.html" "Mozilla/5.0 (iPhone; CPU iPhone OS 10_3_1 like Mac OS X) AppleWebKit/603.1.3 (KHTML, like Gecko) Version/10.0 Mobile/14E304 Safari/602.1 wechatdevtools/1.05.2105170 MicroMessenger/7.0.4 Language/zh_CN webview/"
::ffff:10.37.42.238 - - [28/Jul/2021:14:50:09 +0000] "GET /api/edu/student/getUnQualifiedScores?studentId=1 HTTP/1.1" 304 - "https://servicewechat.com/wx4be232a02d452c65/devtools/page-frame.html" "Mozilla/5.0 (iPhone; CPU iPhone OS 10_3_1 like Mac OS X) AppleWebKit/603.1.3 (KHTML, like Gecko) Version/10.0 Mobile/14E304 Safari/602.1 wechatdevtools/1.05.2105170 MicroMessenger/7.0.4 Language/zh_CN webview/"
::ffff:10.37.42.238 - - [28/Jul/2021:14:50:09 +0000] "GET /api/edu/student/getQualifiedScores?studentId=1 HTTP/1.1" 304 - "https://servicewechat.com/wx4be232a02d452c65/devtools/page-frame.html" "Mozilla/5.0 (iPhone; CPU iPhone OS 10_3_1 like Mac OS X) AppleWebKit/603.1.3 (KHTML, like Gecko) Version/10.0 Mobile/14E304 Safari/602.1 wechatdevtools/1.05.2105170 MicroMessenger/7.0.4 Language/zh_CN webview/"
::ffff:10.37.42.238 - - [28/Jul/2021:14:53:22 +0000] "GET /api/edu/student/getUnQualifiedScores?studentId=1 HTTP/1.1" 304 - "https://servicewechat.com/wx4be232a02d452c65/devtools/page-frame.html" "Mozilla/5.0 (iPhone; CPU iPhone OS 10_3_1 like Mac OS X) AppleWebKit/603.1.3 (KHTML, like Gecko) Version/10.0 Mobile/14E304 Safari/602.1 wechatdevtools/1.05.2105170 MicroMessenger/7.0.4 Language/zh_CN webview/"
