::ffff:202.193.57.228 - - [27/Jul/2021:00:51:02 +0000] "GET /favicon.ico HTTP/1.1" 404 33 "http://10.37.53.62:8000/api/edu/teacher/get" "Mozilla/5.0 (Windows NT 10.0; Win64; x64) AppleWebKit/537.36 (KHTML, like Gecko) Chrome/92.0.4515.107 Safari/537.36"
::ffff:202.193.57.228 - - [27/Jul/2021:00:53:25 +0000] "GET /api/edu/teacher/get HTTP/1.1" 304 - "http://localhost:9528/" "Mozilla/5.0 (Windows NT 10.0; Win64; x64) AppleWebKit/537.36 (KHTML, like Gecko) Chrome/92.0.4515.107 Safari/537.36"
::ffff:202.193.57.228 - - [27/Jul/2021:00:53:27 +0000] "GET /api/edu/teacher/get HTTP/1.1" 304 - "http://localhost:9528/" "Mozilla/5.0 (Windows NT 10.0; Win64; x64) AppleWebKit/537.36 (KHTML, like Gecko) Chrome/92.0.4515.107 Safari/537.36"
::ffff:202.193.57.228 - - [27/Jul/2021:00:53:27 +0000] "GET /api/edu/class/get?curPage=1 HTTP/1.1" 304 - "http://localhost:9528/" "Mozilla/5.0 (Windows NT 10.0; Win64; x64) AppleWebKit/537.36 (KHTML, like Gecko) Chrome/92.0.4515.107 Safari/537.36"
::ffff:202.193.57.228 - - [27/Jul/2021:00:53:31 +0000] "GET /api/edu/course/get?id=&code=&name= HTTP/1.1" 200 1240 "http://localhost:9528/" "Mozilla/5.0 (Windows NT 10.0; Win64; x64) AppleWebKit/537.36 (KHTML, like Gecko) Chrome/92.0.4515.107 Safari/537.36"
::ffff:202.193.57.228 - - [27/Jul/2021:00:54:26 +0000] "GET /api/edu/course/get?id=&code=&name= HTTP/1.1" 304 - "http://localhost:9528/" "Mozilla/5.0 (Windows NT 10.0; Win64; x64) AppleWebKit/537.36 (KHTML, like Gecko) Chrome/92.0.4515.107 Safari/537.36"
::ffff:202.193.57.228 - - [27/Jul/2021:00:54:31 +0000] "GET /api/edu/teacher/get HTTP/1.1" 304 - "http://localhost:9528/" "Mozilla/5.0 (Windows NT 10.0; Win64; x64) AppleWebKit/537.36 (KHTML, like Gecko) Chrome/92.0.4515.107 Safari/537.36"
::ffff:202.193.57.228 - - [27/Jul/2021:00:56:12 +0000] "GET /api/edu/class/get HTTP/1.1" 200 5468 "-" "Mozilla/5.0 (Windows NT 10.0; Win64; x64) AppleWebKit/537.36 (KHTML, like Gecko) Chrome/92.0.4515.107 Safari/537.36"
::ffff:202.193.57.228 - - [27/Jul/2021:01:09:09 +0000] "GET /api/edu/class/get?curPage=1&viceTeacherId=6 HTTP/1.1" 200 5468 "http://localhost:9528/" "Mozilla/5.0 (Windows NT 10.0; Win64; x64) AppleWebKit/537.36 (KHTML, like Gecko) Chrome/92.0.4515.107 Safari/537.36"
::ffff:202.193.57.228 - - [27/Jul/2021:01:10:44 +0000] "GET /api/edu/class/get?curPage=1&viceTeacherId=6 HTTP/1.1" 304 - "http://localhost:9528/" "Mozilla/5.0 (Windows NT 10.0; Win64; x64) AppleWebKit/537.36 (KHTML, like Gecko) Chrome/92.0.4515.107 Safari/537.36"
::ffff:202.193.57.228 - - [27/Jul/2021:01:11:23 +0000] "GET /api/edu/class/get?curPage=1&viceTeacherId=6 HTTP/1.1" 304 - "http://localhost:9528/" "Mozilla/5.0 (Windows NT 10.0; Win64; x64) AppleWebKit/537.36 (KHTML, like Gecko) Chrome/92.0.4515.107 Safari/537.36"
::ffff:202.193.57.228 - - [27/Jul/2021:01:12:20 +0000] "GET /api/edu/class/get?curPage=1&viceTeacherId=6 HTTP/1.1" 304 - "http://localhost:9528/" "Mozilla/5.0 (Windows NT 10.0; Win64; x64) AppleWebKit/537.36 (KHTML, like Gecko) Chrome/92.0.4515.107 Safari/537.36"
::ffff:202.193.57.228 - - [27/Jul/2021:01:12:56 +0000] "GET /api/edu/class/get?curPage=1&viceTeacherId=6 HTTP/1.1" 304 - "http://localhost:9528/" "Mozilla/5.0 (Windows NT 10.0; Win64; x64) AppleWebKit/537.36 (KHTML, like Gecko) Chrome/92.0.4515.107 Safari/537.36"
::ffff:202.193.57.228 - - [27/Jul/2021:01:13:55 +0000] "GET /api/edu/class/get?curPage=1&viceTeacherId=6 HTTP/1.1" 304 - "http://localhost:9528/" "Mozilla/5.0 (Windows NT 10.0; Win64; x64) AppleWebKit/537.36 (KHTML, like Gecko) Chrome/92.0.4515.107 Safari/537.36"
::ffff:202.193.57.228 - - [27/Jul/2021:01:14:47 +0000] "GET /api/edu/class/get?curPage=1&viceTeacherId=6 HTTP/1.1" 304 - "http://localhost:9528/" "Mozilla/5.0 (Windows NT 10.0; Win64; x64) AppleWebKit/537.36 (KHTML, like Gecko) Chrome/92.0.4515.107 Safari/537.36"
::ffff:202.193.57.228 - - [27/Jul/2021:01:15:03 +0000] "GET /api/edu/class/get?curPage=1&viceTeacherId=6 HTTP/1.1" 304 - "http://localhost:9528/" "Mozilla/5.0 (Windows NT 10.0; Win64; x64) AppleWebKit/537.36 (KHTML, like Gecko) Chrome/92.0.4515.107 Safari/537.36"
::ffff:202.193.57.228 - - [27/Jul/2021:01:16:23 +0000] "GET /api/edu/class/get?viceTeacherId=6 HTTP/1.1" 200 5468 "http://localhost:9528/" "Mozilla/5.0 (Windows NT 10.0; Win64; x64) AppleWebKit/537.36 (KHTML, like Gecko) Chrome/92.0.4515.107 Safari/537.36"
::ffff:202.193.57.228 - - [27/Jul/2021:01:16:35 +0000] "GET /api/edu/class/get?curPage=1&viceTeacherId=6 HTTP/1.1" 304 - "http://localhost:9528/" "Mozilla/5.0 (Windows NT 10.0; Win64; x64) AppleWebKit/537.36 (KHTML, like Gecko) Chrome/92.0.4515.107 Safari/537.36"
::ffff:202.193.57.228 - - [27/Jul/2021:01:17:10 +0000] "GET /api/edu/class/get HTTP/1.1" 304 - "-" "Mozilla/5.0 (Windows NT 10.0; Win64; x64) AppleWebKit/537.36 (KHTML, like Gecko) Chrome/92.0.4515.107 Safari/537.36"
::ffff:202.193.57.228 - - [27/Jul/2021:01:17:58 +0000] "GET /api/edu/course/get HTTP/1.1" 200 1240 "-" "Mozilla/5.0 (Windows NT 10.0; Win64; x64) AppleWebKit/537.36 (KHTML, like Gecko) Chrome/92.0.4515.107 Safari/537.36"
::ffff:202.193.57.228 - - [27/Jul/2021:01:37:19 +0000] "GET /api/edu/student/get HTTP/1.1" 200 4283 "-" "Mozilla/5.0 (Windows NT 10.0; Win64; x64) AppleWebKit/537.36 (KHTML, like Gecko) Chrome/92.0.4515.107 Safari/537.36"
::ffff:202.193.57.228 - - [27/Jul/2021:01:44:11 +0000] "GET /api/edu/teacher/get HTTP/1.1" 304 - "http://localhost:9528/" "Mozilla/5.0 (Windows NT 10.0; Win64; x64) AppleWebKit/537.36 (KHTML, like Gecko) Chrome/92.0.4515.107 Safari/537.36"
::ffff:202.193.57.228 - - [27/Jul/2021:01:44:16 +0000] "GET /api/edu/class/get?curPage=1&viceTeacherId=6 HTTP/1.1" 304 - "http://localhost:9528/" "Mozilla/5.0 (Windows NT 10.0; Win64; x64) AppleWebKit/537.36 (KHTML, like Gecko) Chrome/92.0.4515.107 Safari/537.36"
::1 - - [27/Jul/2021:02:40:44 +0000] "GET /api/edu/teacher/getTeachersCourse?teacherId=1 HTTP/1.1" 200 678 "-" "Mozilla/5.0 (Windows NT 10.0; Win64; x64) AppleWebKit/537.36 (KHTML, like Gecko) Chrome/91.0.4472.164 Safari/537.36"
::1 - - [27/Jul/2021:02:40:44 +0000] "GET /favicon.ico HTTP/1.1" 404 33 "http://localhost:8000/api/edu/teacher/getTeachersCourse?teacherId=1" "Mozilla/5.0 (Windows NT 10.0; Win64; x64) AppleWebKit/537.36 (KHTML, like Gecko) Chrome/91.0.4472.164 Safari/537.36"
::1 - - [27/Jul/2021:02:42:13 +0000] "GET /api/edu/teacher/getTeachersCourse?teacherId=1 HTTP/1.1" 200 600 "-" "Mozilla/5.0 (Windows NT 10.0; Win64; x64) AppleWebKit/537.36 (KHTML, like Gecko) Chrome/91.0.4472.164 Safari/537.36"
::1 - - [27/Jul/2021:02:42:44 +0000] "GET /api/edu/teacher/getTeachersCourse?teacherId=1 HTTP/1.1" 200 405 "-" "Mozilla/5.0 (Windows NT 10.0; Win64; x64) AppleWebKit/537.36 (KHTML, like Gecko) Chrome/91.0.4472.164 Safari/537.36"
::ffff:202.193.57.228 - - [27/Jul/2021:02:59:15 +0000] "GET /api/edu/getTeachersCourse HTTP/1.1" 404 33 "-" "Mozilla/5.0 (Windows NT 10.0; Win64; x64) AppleWebKit/537.36 (KHTML, like Gecko) Chrome/92.0.4515.107 Safari/537.36"
::ffff:202.193.57.228 - - [27/Jul/2021:02:59:19 +0000] "GET /api/edu/getTeachersCourse HTTP/1.1" 404 33 "-" "Mozilla/5.0 (Windows NT 10.0; Win64; x64) AppleWebKit/537.36 (KHTML, like Gecko) Chrome/92.0.4515.107 Safari/537.36"
::1 - - [27/Jul/2021:02:59:42 +0000] "GET /api/edu/teacher/getTeachersCourse?teacherId=1 HTTP/1.1" 304 - "-" "Mozilla/5.0 (Windows NT 10.0; Win64; x64) AppleWebKit/537.36 (KHTML, like Gecko) Chrome/91.0.4472.164 Safari/537.36"
::ffff:202.193.57.228 - - [27/Jul/2021:03:00:11 +0000] "GET /api/edu/getTeachersCourse?teacherId=6 HTTP/1.1" 404 33 "-" "Mozilla/5.0 (Windows NT 10.0; Win64; x64) AppleWebKit/537.36 (KHTML, like Gecko) Chrome/92.0.4515.107 Safari/537.36"
::ffff:10.37.53.62 - - [27/Jul/2021:03:00:33 +0000] "GET /api/edu/getTeachersCourse?teacherId=6 HTTP/1.1" 404 33 "-" "Mozilla/5.0 (Windows NT 6.1; WOW64) AppleWebKit/537.36 (KHTML, like Gecko) Chrome/81.0.4044.138 Safari/537.36 NetType/WIFI MicroMessenger/7.0.20.1781(0x6700143B) WindowsWechat(0x63030073)"
::ffff:202.193.57.228 - - [27/Jul/2021:03:01:27 +0000] "GET /api/edu/getTeachersCourse?teacherId=1 HTTP/1.1" 404 33 "-" "Mozilla/5.0 (Windows NT 10.0; Win64; x64) AppleWebKit/537.36 (KHTML, like Gecko) Chrome/92.0.4515.107 Safari/537.36"
::ffff:10.37.53.62 - - [27/Jul/2021:03:01:40 +0000] "GET /api/edu/getTeachersCourse?teacherId=1 HTTP/1.1" 404 33 "-" "Mozilla/5.0 (Windows NT 6.1; WOW64) AppleWebKit/537.36 (KHTML, like Gecko) Chrome/81.0.4044.138 Safari/537.36 NetType/WIFI MicroMessenger/7.0.20.1781(0x6700143B) WindowsWechat(0x63030073)"
::ffff:10.37.53.62 - - [27/Jul/2021:03:02:31 +0000] "GET /api/edu/getTeachersCourse?teacherId=1 HTTP/1.1" 404 33 "-" "Mozilla/5.0 (Windows NT 6.1; WOW64) AppleWebKit/537.36 (KHTML, like Gecko) Chrome/81.0.4044.138 Safari/537.36 NetType/WIFI MicroMessenger/7.0.20.1781(0x6700143B) WindowsWechat(0x63030073)"
::ffff:10.37.53.62 - - [27/Jul/2021:03:02:47 +0000] "GET /api/edu/getTeachersCourse?teacherId=1 HTTP/1.1" 404 33 "-" "Mozilla/5.0 (Windows NT 10.0; Win64; x64) AppleWebKit/537.36 (KHTML, like Gecko) Chrome/91.0.4472.164 Safari/537.36"
::ffff:10.37.53.62 - - [27/Jul/2021:03:03:37 +0000] "GET /api/edu/getTeachersCourse?teacherId=1 HTTP/1.1" 404 33 "-" "Mozilla/5.0 (Windows NT 10.0; Win64; x64) AppleWebKit/537.36 (KHTML, like Gecko) Chrome/91.0.4472.164 Safari/537.36"
::ffff:10.37.53.62 - - [27/Jul/2021:03:03:37 +0000] "GET /api/edu/getTeachersCourse?teacherId=1 HTTP/1.1" 404 33 "-" "Mozilla/5.0 (Windows NT 10.0; Win64; x64) AppleWebKit/537.36 (KHTML, like Gecko) Chrome/91.0.4472.164 Safari/537.36"
::ffff:10.37.53.62 - - [27/Jul/2021:03:03:37 +0000] "GET /api/edu/getTeachersCourse?teacherId=1 HTTP/1.1" 404 33 "-" "Mozilla/5.0 (Windows NT 10.0; Win64; x64) AppleWebKit/537.36 (KHTML, like Gecko) Chrome/91.0.4472.164 Safari/537.36"
::ffff:10.37.53.62 - - [27/Jul/2021:03:03:57 +0000] "GET /api/edu/getTeachersCourse?teacherId=1 HTTP/1.1" 404 33 "-" "Mozilla/5.0 (Windows NT 10.0; Win64; x64) AppleWebKit/537.36 (KHTML, like Gecko) Chrome/91.0.4472.164 Safari/537.36"
::ffff:10.37.53.62 - - [27/Jul/2021:03:03:58 +0000] "GET /api/edu/getTeachersCourse?teacherId=1 HTTP/1.1" 404 33 "-" "Mozilla/5.0 (Windows NT 10.0; Win64; x64) AppleWebKit/537.36 (KHTML, like Gecko) Chrome/91.0.4472.164 Safari/537.36"
::ffff:10.37.53.62 - - [27/Jul/2021:03:03:58 +0000] "GET /api/edu/getTeachersCourse?teacherId=1 HTTP/1.1" 404 33 "-" "Mozilla/5.0 (Windows NT 10.0; Win64; x64) AppleWebKit/537.36 (KHTML, like Gecko) Chrome/91.0.4472.164 Safari/537.36"
::ffff:10.37.53.62 - - [27/Jul/2021:03:05:04 +0000] "GET /api/edu/getTeachersCourse?teacherId=1 HTTP/1.1" 404 33 "-" "Mozilla/5.0 (Windows NT 10.0; Win64; x64) AppleWebKit/537.36 (KHTML, like Gecko) Chrome/91.0.4472.164 Safari/537.36"
::ffff:10.37.53.62 - - [27/Jul/2021:03:05:04 +0000] "GET /api/edu/getTeachersCourse?teacherId=1 HTTP/1.1" 404 33 "-" "Mozilla/5.0 (Windows NT 10.0; Win64; x64) AppleWebKit/537.36 (KHTML, like Gecko) Chrome/91.0.4472.164 Safari/537.36"
::ffff:10.37.53.62 - - [27/Jul/2021:03:05:28 +0000] "GET /api/edu/teacher/getTeachersCourse?teacherId=1 HTTP/1.1" 200 405 "-" "Mozilla/5.0 (Windows NT 10.0; Win64; x64) AppleWebKit/537.36 (KHTML, like Gecko) Chrome/91.0.4472.164 Safari/537.36"
::ffff:10.37.53.62 - - [27/Jul/2021:03:06:02 +0000] "GET /api/edu/teacher/getTeachersCourse?teacherId=1 HTTP/1.1" 200 405 "-" "Mozilla/5.0 (Windows NT 6.1; WOW64) AppleWebKit/537.36 (KHTML, like Gecko) Chrome/81.0.4044.138 Safari/537.36 NetType/WIFI MicroMessenger/7.0.20.1781(0x6700143B) WindowsWechat(0x63030073)"
::ffff:202.193.57.228 - - [27/Jul/2021:03:06:13 +0000] "GET /api/edu/teacher/getTeachersCourse?teacherId=1 HTTP/1.1" 200 405 "-" "Mozilla/5.0 (Windows NT 6.1; WOW64) AppleWebKit/537.36 (KHTML, like Gecko) Chrome/81.0.4044.138 Safari/537.36 NetType/WIFI MicroMessenger/7.0.20.1781(0x6700143B) WindowsWechat(0x63030073)"
::ffff:202.193.57.228 - - [27/Jul/2021:03:06:27 +0000] "GET /api/edu/teacher/getTeachersCourse?teacherId=1 HTTP/1.1" 200 405 "-" "Mozilla/5.0 (Windows NT 10.0; Win64; x64) AppleWebKit/537.36 (KHTML, like Gecko) Chrome/92.0.4515.107 Safari/537.36"
::ffff:202.193.57.228 - - [27/Jul/2021:03:06:33 +0000] "GET /api/edu/teacher/getTeachersCourse?teacherId=6 HTTP/1.1" 200 3161 "-" "Mozilla/5.0 (Windows NT 10.0; Win64; x64) AppleWebKit/537.36 (KHTML, like Gecko) Chrome/92.0.4515.107 Safari/537.36"
::ffff:10.37.53.62 - - [27/Jul/2021:03:07:49 +0000] "GET /api/edu/teacher/getTeachersCourse?teacherId=6 HTTP/1.1" 200 3161 "-" "Mozilla/5.0 (Windows NT 6.1; WOW64) AppleWebKit/537.36 (KHTML, like Gecko) Chrome/81.0.4044.138 Safari/537.36 NetType/WIFI MicroMessenger/7.0.20.1781(0x6700143B) WindowsWechat(0x63030073)"
::ffff:10.37.53.62 - - [27/Jul/2021:03:07:58 +0000] "GET /api/edu/teacher/getTeachersCourse?teacherId=6 HTTP/1.1" 200 3161 "-" "Mozilla/5.0 (Windows NT 10.0; Win64; x64) AppleWebKit/537.36 (KHTML, like Gecko) Chrome/91.0.4472.164 Safari/537.36"
::ffff:10.37.53.62 - - [27/Jul/2021:03:10:10 +0000] "GET /api/edu/teacher/getTeachersCourse?teacherId=6 HTTP/1.1" 200 687 "-" "Mozilla/5.0 (Windows NT 10.0; Win64; x64) AppleWebKit/537.36 (KHTML, like Gecko) Chrome/91.0.4472.164 Safari/537.36"
::ffff:10.37.53.62 - - [27/Jul/2021:03:10:25 +0000] "GET /api/edu/teacher/getTeachersCourse?teacherId=6 HTTP/1.1" 200 1283 "-" "Mozilla/5.0 (Windows NT 10.0; Win64; x64) AppleWebKit/537.36 (KHTML, like Gecko) Chrome/91.0.4472.164 Safari/537.36"
::ffff:202.193.57.228 - - [27/Jul/2021:03:10:43 +0000] "GET /api/edu/teacher/getTeachersCourse?teacherId=6 HTTP/1.1" 200 1283 "-" "Mozilla/5.0 (Windows NT 10.0; Win64; x64) AppleWebKit/537.36 (KHTML, like Gecko) Chrome/92.0.4515.107 Safari/537.36"
::ffff:10.37.42.238 - - [27/Jul/2021:03:15:28 +0000] "GET /api/edu/student/getUnQualifiedScores?studentId=1 HTTP/1.1" 200 1800 "https://servicewechat.com/wx4be232a02d452c65/devtools/page-frame.html" "Mozilla/5.0 (iPhone; CPU iPhone OS 10_3_1 like Mac OS X) AppleWebKit/603.1.3 (KHTML, like Gecko) Version/10.0 Mobile/14E304 Safari/602.1 wechatdevtools/1.05.2105170 MicroMessenger/7.0.4 Language/zh_CN webview/"
::ffff:10.37.42.238 - - [27/Jul/2021:03:15:29 +0000] "GET /api/edu/student/getQualifiedScores?studentId=1 HTTP/1.1" 304 - "https://servicewechat.com/wx4be232a02d452c65/devtools/page-frame.html" "Mozilla/5.0 (iPhone; CPU iPhone OS 10_3_1 like Mac OS X) AppleWebKit/603.1.3 (KHTML, like Gecko) Version/10.0 Mobile/14E304 Safari/602.1 wechatdevtools/1.05.2105170 MicroMessenger/7.0.4 Language/zh_CN webview/"
::ffff:10.37.42.238 - - [27/Jul/2021:03:15:32 +0000] "GET /api/edu/studentWork/detail?homeWorkId=1 HTTP/1.1" 304 - "https://servicewechat.com/wx4be232a02d452c65/devtools/page-frame.html" "Mozilla/5.0 (iPhone; CPU iPhone OS 10_3_1 like Mac OS X) AppleWebKit/603.1.3 (KHTML, like Gecko) Version/10.0 Mobile/14E304 Safari/602.1 wechatdevtools/1.05.2105170 MicroMessenger/7.0.4 Language/zh_CN webview/"
::ffff:10.37.42.238 - - [27/Jul/2021:03:15:33 +0000] "GET /api/edu/files/show?file_name=1626609161571-download.jpg HTTP/1.1" 200 - "https://servicewechat.com/wx4be232a02d452c65/devtools/page-frame.html" "Mozilla/5.0 (iPhone; CPU iPhone OS 10_3_1 like Mac OS X) AppleWebKit/603.1.3 (KHTML, like Gecko) Version/10.0 Mobile/14E304 Safari/602.1 wechatdevtools/1.05.2105170 MicroMessenger/7.0.4 Language/zh_CN webview/3 desktopapp miniprogram port/10753 token/97b3ed9f73566ff5dcd7b86e8bd908fd runtime/2"
::ffff:10.37.42.238 - - [27/Jul/2021:03:16:10 +0000] "GET /api/edu/course/detail?studentId=1&course_id=1 HTTP/1.1" 200 1932 "https://servicewechat.com/wx4be232a02d452c65/devtools/page-frame.html" "Mozilla/5.0 (iPhone; CPU iPhone OS 10_3_1 like Mac OS X) AppleWebKit/603.1.3 (KHTML, like Gecko) Version/10.0 Mobile/14E304 Safari/602.1 wechatdevtools/1.05.2105170 MicroMessenger/7.0.4 Language/zh_CN webview/"
::ffff:10.37.42.238 - - [27/Jul/2021:03:16:13 +0000] "GET /api/edu/measures/get?score_id=1 HTTP/1.1" 304 - "https://servicewechat.com/wx4be232a02d452c65/devtools/page-frame.html" "Mozilla/5.0 (iPhone; CPU iPhone OS 10_3_1 like Mac OS X) AppleWebKit/603.1.3 (KHTML, like Gecko) Version/10.0 Mobile/14E304 Safari/602.1 wechatdevtools/1.05.2105170 MicroMessenger/7.0.4 Language/zh_CN webview/"
::ffff:10.37.42.238 - - [27/Jul/2021:03:16:31 +0000] "GET /api/edu/studentWork/detail?homeWorkId=1 HTTP/1.1" 304 - "https://servicewechat.com/wx4be232a02d452c65/devtools/page-frame.html" "Mozilla/5.0 (iPhone; CPU iPhone OS 10_3_1 like Mac OS X) AppleWebKit/603.1.3 (KHTML, like Gecko) Version/10.0 Mobile/14E304 Safari/602.1 wechatdevtools/1.05.2105170 MicroMessenger/7.0.4 Language/zh_CN webview/"
::ffff:10.37.42.238 - - [27/Jul/2021:03:16:31 +0000] "GET /api/edu/files/show?file_name=1626609161571-download.jpg HTTP/1.1" 200 - "https://servicewechat.com/wx4be232a02d452c65/devtools/page-frame.html" "Mozilla/5.0 (iPhone; CPU iPhone OS 10_3_1 like Mac OS X) AppleWebKit/603.1.3 (KHTML, like Gecko) Version/10.0 Mobile/14E304 Safari/602.1 wechatdevtools/1.05.2105170 MicroMessenger/7.0.4 Language/zh_CN webview/8 desktopapp miniprogram port/10753 token/97b3ed9f73566ff5dcd7b86e8bd908fd runtime/2"
::ffff:10.37.42.238 - - [27/Jul/2021:03:17:09 +0000] "GET /api/edu/studentWork/detail?homeWorkId=1 HTTP/1.1" 304 - "https://servicewechat.com/wx4be232a02d452c65/devtools/page-frame.html" "Mozilla/5.0 (iPhone; CPU iPhone OS 10_3_1 like Mac OS X) AppleWebKit/603.1.3 (KHTML, like Gecko) Version/10.0 Mobile/14E304 Safari/602.1 wechatdevtools/1.05.2105170 MicroMessenger/7.0.4 Language/zh_CN webview/"
::ffff:10.37.42.238 - - [27/Jul/2021:03:17:10 +0000] "GET /api/edu/files/show?file_name=1626609161571-download.jpg HTTP/1.1" 200 - "https://servicewechat.com/wx4be232a02d452c65/devtools/page-frame.html" "Mozilla/5.0 (iPhone; CPU iPhone OS 10_3_1 like Mac OS X) AppleWebKit/603.1.3 (KHTML, like Gecko) Version/10.0 Mobile/14E304 Safari/602.1 wechatdevtools/1.05.2105170 MicroMessenger/7.0.4 Language/zh_CN webview/14 desktopapp miniprogram port/10753 token/97b3ed9f73566ff5dcd7b86e8bd908fd runtime/2"
::ffff:10.37.42.238 - - [27/Jul/2021:03:17:36 +0000] "GET /api/edu/studentWork/detail?homeWorkId=undefined HTTP/1.1" - - "https://servicewechat.com/wx4be232a02d452c65/devtools/page-frame.html" "Mozilla/5.0 (iPhone; CPU iPhone OS 10_3_1 like Mac OS X) AppleWebKit/603.1.3 (KHTML, like Gecko) Version/10.0 Mobile/14E304 Safari/602.1 wechatdevtools/1.05.2105170 MicroMessenger/7.0.4 Language/zh_CN webview/"
::ffff:10.37.42.238 - - [27/Jul/2021:03:17:46 +0000] "GET /api/edu/measures/get?score_id=undefined HTTP/1.1" - - "https://servicewechat.com/wx4be232a02d452c65/devtools/page-frame.html" "Mozilla/5.0 (iPhone; CPU iPhone OS 10_3_1 like Mac OS X) AppleWebKit/603.1.3 (KHTML, like Gecko) Version/10.0 Mobile/14E304 Safari/602.1 wechatdevtools/1.05.2105170 MicroMessenger/7.0.4 Language/zh_CN webview/"
::ffff:10.37.42.238 - - [27/Jul/2021:03:19:17 +0000] "GET /api/edu/student/getUnQualifiedScores?studentId=1 HTTP/1.1" 304 - "https://servicewechat.com/wx4be232a02d452c65/devtools/page-frame.html" "Mozilla/5.0 (iPhone; CPU iPhone OS 10_3_1 like Mac OS X) AppleWebKit/603.1.3 (KHTML, like Gecko) Version/10.0 Mobile/14E304 Safari/602.1 wechatdevtools/1.05.2105170 MicroMessenger/7.0.4 Language/zh_CN webview/"
::ffff:10.37.42.238 - - [27/Jul/2021:03:19:17 +0000] "GET /api/edu/student/getQualifiedScores?studentId=1 HTTP/1.1" 304 - "https://servicewechat.com/wx4be232a02d452c65/devtools/page-frame.html" "Mozilla/5.0 (iPhone; CPU iPhone OS 10_3_1 like Mac OS X) AppleWebKit/603.1.3 (KHTML, like Gecko) Version/10.0 Mobile/14E304 Safari/602.1 wechatdevtools/1.05.2105170 MicroMessenger/7.0.4 Language/zh_CN webview/"
::ffff:10.37.42.238 - - [27/Jul/2021:03:19:20 +0000] "GET /api/edu/studentWork/detail?homeWorkId=1 HTTP/1.1" 304 - "https://servicewechat.com/wx4be232a02d452c65/devtools/page-frame.html" "Mozilla/5.0 (iPhone; CPU iPhone OS 10_3_1 like Mac OS X) AppleWebKit/603.1.3 (KHTML, like Gecko) Version/10.0 Mobile/14E304 Safari/602.1 wechatdevtools/1.05.2105170 MicroMessenger/7.0.4 Language/zh_CN webview/"
::ffff:10.37.42.238 - - [27/Jul/2021:03:19:20 +0000] "GET /api/edu/files/show?file_name=1626609161571-download.jpg HTTP/1.1" 200 - "https://servicewechat.com/wx4be232a02d452c65/devtools/page-frame.html" "Mozilla/5.0 (iPhone; CPU iPhone OS 10_3_1 like Mac OS X) AppleWebKit/603.1.3 (KHTML, like Gecko) Version/10.0 Mobile/14E304 Safari/602.1 wechatdevtools/1.05.2105170 MicroMessenger/7.0.4 Language/zh_CN webview/15 desktopapp miniprogram port/10753 token/97b3ed9f73566ff5dcd7b86e8bd908fd runtime/2"
::ffff:10.37.53.62 - - [27/Jul/2021:03:23:31 +0000] "GET /api/edu/class/getAllStudents?classId=1 HTTP/1.1" 200 16589 "-" "Mozilla/5.0 (Windows NT 10.0; Win64; x64) AppleWebKit/537.36 (KHTML, like Gecko) Chrome/91.0.4472.164 Safari/537.36"
::ffff:10.37.42.238 - - [27/Jul/2021:03:23:34 +0000] "GET /api/edu/student/getUnQualifiedScores?studentId=1 HTTP/1.1" 304 - "https://servicewechat.com/wx4be232a02d452c65/devtools/page-frame.html" "Mozilla/5.0 (iPhone; CPU iPhone OS 10_3_1 like Mac OS X) AppleWebKit/603.1.3 (KHTML, like Gecko) Version/10.0 Mobile/14E304 Safari/602.1 wechatdevtools/1.05.2105170 MicroMessenger/7.0.4 Language/zh_CN webview/"
::ffff:10.37.42.238 - - [27/Jul/2021:03:23:34 +0000] "GET /api/edu/student/getQualifiedScores?studentId=1 HTTP/1.1" 304 - "https://servicewechat.com/wx4be232a02d452c65/devtools/page-frame.html" "Mozilla/5.0 (iPhone; CPU iPhone OS 10_3_1 like Mac OS X) AppleWebKit/603.1.3 (KHTML, like Gecko) Version/10.0 Mobile/14E304 Safari/602.1 wechatdevtools/1.05.2105170 MicroMessenger/7.0.4 Language/zh_CN webview/"
::ffff:10.37.42.238 - - [27/Jul/2021:03:23:36 +0000] "GET /api/edu/studentWork/detail?homeWorkId=1 HTTP/1.1" 304 - "https://servicewechat.com/wx4be232a02d452c65/devtools/page-frame.html" "Mozilla/5.0 (iPhone; CPU iPhone OS 10_3_1 like Mac OS X) AppleWebKit/603.1.3 (KHTML, like Gecko) Version/10.0 Mobile/14E304 Safari/602.1 wechatdevtools/1.05.2105170 MicroMessenger/7.0.4 Language/zh_CN webview/"
::ffff:10.37.42.238 - - [27/Jul/2021:03:23:37 +0000] "GET /api/edu/files/show?file_name=1626609161571-download.jpg HTTP/1.1" 200 - "https://servicewechat.com/wx4be232a02d452c65/devtools/page-frame.html" "Mozilla/5.0 (iPhone; CPU iPhone OS 10_3_1 like Mac OS X) AppleWebKit/603.1.3 (KHTML, like Gecko) Version/10.0 Mobile/14E304 Safari/602.1 wechatdevtools/1.05.2105170 MicroMessenger/7.0.4 Language/zh_CN webview/17 desktopapp miniprogram port/10753 token/97b3ed9f73566ff5dcd7b86e8bd908fd runtime/2"
::ffff:10.37.42.238 - - [27/Jul/2021:03:36:54 +0000] "GET /api/edu/student/getUnQualifiedScores?studentId=1 HTTP/1.1" 304 - "https://servicewechat.com/wx4be232a02d452c65/devtools/page-frame.html" "Mozilla/5.0 (iPhone; CPU iPhone OS 10_3_1 like Mac OS X) AppleWebKit/603.1.3 (KHTML, like Gecko) Version/10.0 Mobile/14E304 Safari/602.1 wechatdevtools/1.05.2105170 MicroMessenger/7.0.4 Language/zh_CN webview/"
::ffff:10.37.42.238 - - [27/Jul/2021:03:36:54 +0000] "GET /api/edu/student/getQualifiedScores?studentId=1 HTTP/1.1" 304 - "https://servicewechat.com/wx4be232a02d452c65/devtools/page-frame.html" "Mozilla/5.0 (iPhone; CPU iPhone OS 10_3_1 like Mac OS X) AppleWebKit/603.1.3 (KHTML, like Gecko) Version/10.0 Mobile/14E304 Safari/602.1 wechatdevtools/1.05.2105170 MicroMessenger/7.0.4 Language/zh_CN webview/"
::ffff:10.37.42.238 - - [27/Jul/2021:03:36:55 +0000] "GET /api/edu/studentWork/detail?homeWorkId=1 HTTP/1.1" 304 - "https://servicewechat.com/wx4be232a02d452c65/devtools/page-frame.html" "Mozilla/5.0 (iPhone; CPU iPhone OS 10_3_1 like Mac OS X) AppleWebKit/603.1.3 (KHTML, like Gecko) Version/10.0 Mobile/14E304 Safari/602.1 wechatdevtools/1.05.2105170 MicroMessenger/7.0.4 Language/zh_CN webview/"
::ffff:10.37.42.238 - - [27/Jul/2021:03:36:56 +0000] "GET /api/edu/files/show?file_name=1626609161571-download.jpg HTTP/1.1" 200 - "https://servicewechat.com/wx4be232a02d452c65/devtools/page-frame.html" "Mozilla/5.0 (iPhone; CPU iPhone OS 10_3_1 like Mac OS X) AppleWebKit/603.1.3 (KHTML, like Gecko) Version/10.0 Mobile/14E304 Safari/602.1 wechatdevtools/1.05.2105170 MicroMessenger/7.0.4 Language/zh_CN webview/19 desktopapp miniprogram port/10753 token/97b3ed9f73566ff5dcd7b86e8bd908fd runtime/2"
::ffff:10.37.42.238 - - [27/Jul/2021:03:37:24 +0000] "GET /api/edu/student/getUnQualifiedScores?studentId=1 HTTP/1.1" 304 - "https://servicewechat.com/wx4be232a02d452c65/devtools/page-frame.html" "Mozilla/5.0 (iPhone; CPU iPhone OS 10_3_1 like Mac OS X) AppleWebKit/603.1.3 (KHTML, like Gecko) Version/10.0 Mobile/14E304 Safari/602.1 wechatdevtools/1.05.2105170 MicroMessenger/7.0.4 Language/zh_CN webview/"
::ffff:10.37.42.238 - - [27/Jul/2021:03:37:24 +0000] "GET /api/edu/student/getQualifiedScores?studentId=1 HTTP/1.1" 304 - "https://servicewechat.com/wx4be232a02d452c65/devtools/page-frame.html" "Mozilla/5.0 (iPhone; CPU iPhone OS 10_3_1 like Mac OS X) AppleWebKit/603.1.3 (KHTML, like Gecko) Version/10.0 Mobile/14E304 Safari/602.1 wechatdevtools/1.05.2105170 MicroMessenger/7.0.4 Language/zh_CN webview/"
::ffff:10.37.42.238 - - [27/Jul/2021:03:37:26 +0000] "GET /api/edu/studentWork/detail?homeWorkId=1 HTTP/1.1" 304 - "https://servicewechat.com/wx4be232a02d452c65/devtools/page-frame.html" "Mozilla/5.0 (iPhone; CPU iPhone OS 10_3_1 like Mac OS X) AppleWebKit/603.1.3 (KHTML, like Gecko) Version/10.0 Mobile/14E304 Safari/602.1 wechatdevtools/1.05.2105170 MicroMessenger/7.0.4 Language/zh_CN webview/"
::ffff:10.37.42.238 - - [27/Jul/2021:03:37:26 +0000] "GET /api/edu/files/show?file_name=1626609161571-download.jpg HTTP/1.1" 200 - "https://servicewechat.com/wx4be232a02d452c65/devtools/page-frame.html" "Mozilla/5.0 (iPhone; CPU iPhone OS 10_3_1 like Mac OS X) AppleWebKit/603.1.3 (KHTML, like Gecko) Version/10.0 Mobile/14E304 Safari/602.1 wechatdevtools/1.05.2105170 MicroMessenger/7.0.4 Language/zh_CN webview/21 desktopapp miniprogram port/10753 token/97b3ed9f73566ff5dcd7b86e8bd908fd runtime/2"
::ffff:10.37.42.238 - - [27/Jul/2021:03:38:27 +0000] "GET /api/edu/student/getUnQualifiedScores?studentId=1 HTTP/1.1" 304 - "https://servicewechat.com/wx4be232a02d452c65/devtools/page-frame.html" "Mozilla/5.0 (iPhone; CPU iPhone OS 10_3_1 like Mac OS X) AppleWebKit/603.1.3 (KHTML, like Gecko) Version/10.0 Mobile/14E304 Safari/602.1 wechatdevtools/1.05.2105170 MicroMessenger/7.0.4 Language/zh_CN webview/"
::ffff:10.37.42.238 - - [27/Jul/2021:03:38:27 +0000] "GET /api/edu/student/getQualifiedScores?studentId=1 HTTP/1.1" 304 - "https://servicewechat.com/wx4be232a02d452c65/devtools/page-frame.html" "Mozilla/5.0 (iPhone; CPU iPhone OS 10_3_1 like Mac OS X) AppleWebKit/603.1.3 (KHTML, like Gecko) Version/10.0 Mobile/14E304 Safari/602.1 wechatdevtools/1.05.2105170 MicroMessenger/7.0.4 Language/zh_CN webview/"
::ffff:10.37.42.238 - - [27/Jul/2021:03:38:30 +0000] "GET /api/edu/studentWork/detail?homeWorkId=1 HTTP/1.1" 304 - "https://servicewechat.com/wx4be232a02d452c65/devtools/page-frame.html" "Mozilla/5.0 (iPhone; CPU iPhone OS 10_3_1 like Mac OS X) AppleWebKit/603.1.3 (KHTML, like Gecko) Version/10.0 Mobile/14E304 Safari/602.1 wechatdevtools/1.05.2105170 MicroMessenger/7.0.4 Language/zh_CN webview/"
::ffff:10.37.42.238 - - [27/Jul/2021:03:38:30 +0000] "GET /api/edu/files/show?file_name=1626609161571-download.jpg HTTP/1.1" 200 - "https://servicewechat.com/wx4be232a02d452c65/devtools/page-frame.html" "Mozilla/5.0 (iPhone; CPU iPhone OS 10_3_1 like Mac OS X) AppleWebKit/603.1.3 (KHTML, like Gecko) Version/10.0 Mobile/14E304 Safari/602.1 wechatdevtools/1.05.2105170 MicroMessenger/7.0.4 Language/zh_CN webview/23 desktopapp miniprogram port/10753 token/97b3ed9f73566ff5dcd7b86e8bd908fd runtime/2"
::ffff:10.37.53.62 - - [27/Jul/2021:04:12:39 +0000] "GET /api/edu/class/getAllStudents?classId=1 HTTP/1.1" 200 4742 "-" "Mozilla/5.0 (Windows NT 10.0; Win64; x64) AppleWebKit/537.36 (KHTML, like Gecko) Chrome/91.0.4472.164 Safari/537.36"
::ffff:202.193.57.228 - - [27/Jul/2021:04:23:05 +0000] "GET /api/edu/class/getAllStudents HTTP/1.1" 200 52 "-" "Mozilla/5.0 (Windows NT 10.0; Win64; x64) AppleWebKit/537.36 (KHTML, like Gecko) Chrome/92.0.4515.107 Safari/537.36"
::ffff:10.37.53.62 - - [27/Jul/2021:04:39:58 +0000] "GET /api/edu/class/getAllStudents?classId=1 HTTP/1.1" 200 16589 "-" "Mozilla/5.0 (Windows NT 10.0; Win64; x64) AppleWebKit/537.36 (KHTML, like Gecko) Chrome/91.0.4472.164 Safari/537.36"
::1 - - [27/Jul/2021:04:42:00 +0000] "OPTIONS /api/edu/files/upload HTTP/1.1" 200 4 "http://127.0.0.1:5500/" "Mozilla/5.0 (Windows NT 10.0; Win64; x64) AppleWebKit/537.36 (KHTML, like Gecko) Chrome/91.0.4472.164 Safari/537.36"
::1 - - [27/Jul/2021:04:42:00 +0000] "POST /api/edu/files/upload HTTP/1.1" 200 304 "http://127.0.0.1:5500/" "Mozilla/5.0 (Windows NT 10.0; Win64; x64) AppleWebKit/537.36 (KHTML, like Gecko) Chrome/91.0.4472.164 Safari/537.36"
::1 - - [27/Jul/2021:04:52:31 +0000] "OPTIONS /api/edu/files/upload HTTP/1.1" 200 4 "http://127.0.0.1:5500/" "Mozilla/5.0 (Windows NT 10.0; Win64; x64) AppleWebKit/537.36 (KHTML, like Gecko) Chrome/91.0.4472.164 Safari/537.36"
::1 - - [27/Jul/2021:04:52:31 +0000] "POST /api/edu/files/upload HTTP/1.1" 200 304 "http://127.0.0.1:5500/" "Mozilla/5.0 (Windows NT 10.0; Win64; x64) AppleWebKit/537.36 (KHTML, like Gecko) Chrome/91.0.4472.164 Safari/537.36"
::ffff:10.37.42.238 - - [27/Jul/2021:04:54:44 +0000] "OPTIONS /api/edu/files/upload HTTP/1.1" 200 4 "http://127.0.0.1:5500/" "Mozilla/5.0 (Windows NT 10.0; Win64; x64) AppleWebKit/537.36 (KHTML, like Gecko) Chrome/91.0.4472.77 Safari/537.36"
::ffff:202.193.57.228 - - [27/Jul/2021:05:43:33 +0000] "GET /api/edu/getTeachersCourse?teacherId=1 HTTP/1.1" 404 33 "-" "Mozilla/5.0 (Windows NT 10.0; Win64; x64) AppleWebKit/537.36 (KHTML, like Gecko) Chrome/92.0.4515.107 Safari/537.36"
::ffff:202.193.57.228 - - [27/Jul/2021:05:43:39 +0000] "GET /api/edu/class/get HTTP/1.1" 304 - "-" "Mozilla/5.0 (Windows NT 10.0; Win64; x64) AppleWebKit/537.36 (KHTML, like Gecko) Chrome/92.0.4515.107 Safari/537.36"
::ffff:202.193.57.228 - - [27/Jul/2021:05:43:40 +0000] "GET /api/edu/class/get HTTP/1.1" 304 - "-" "Mozilla/5.0 (Windows NT 10.0; Win64; x64) AppleWebKit/537.36 (KHTML, like Gecko) Chrome/92.0.4515.107 Safari/537.36"
::ffff:10.37.42.238 - - [27/Jul/2021:06:28:05 +0000] "GET /api/edu/student/getUnQualifiedScores?studentId=1 HTTP/1.1" 304 - "https://servicewechat.com/wx4be232a02d452c65/devtools/page-frame.html" "Mozilla/5.0 (iPhone; CPU iPhone OS 10_3_1 like Mac OS X) AppleWebKit/603.1.3 (KHTML, like Gecko) Version/10.0 Mobile/14E304 Safari/602.1 wechatdevtools/1.05.2105170 MicroMessenger/7.0.4 Language/zh_CN webview/"
::ffff:10.37.42.238 - - [27/Jul/2021:06:28:05 +0000] "GET /api/edu/student/getQualifiedScores?studentId=1 HTTP/1.1" 304 - "https://servicewechat.com/wx4be232a02d452c65/devtools/page-frame.html" "Mozilla/5.0 (iPhone; CPU iPhone OS 10_3_1 like Mac OS X) AppleWebKit/603.1.3 (KHTML, like Gecko) Version/10.0 Mobile/14E304 Safari/602.1 wechatdevtools/1.05.2105170 MicroMessenger/7.0.4 Language/zh_CN webview/"
::ffff:10.37.42.238 - - [27/Jul/2021:06:28:44 +0000] "GET /api/edu/studentWork/detail?homeWorkId=1 HTTP/1.1" 304 - "https://servicewechat.com/wx4be232a02d452c65/devtools/page-frame.html" "Mozilla/5.0 (iPhone; CPU iPhone OS 10_3_1 like Mac OS X) AppleWebKit/603.1.3 (KHTML, like Gecko) Version/10.0 Mobile/14E304 Safari/602.1 wechatdevtools/1.05.2105170 MicroMessenger/7.0.4 Language/zh_CN webview/"
::ffff:10.37.42.238 - - [27/Jul/2021:06:28:45 +0000] "GET /api/edu/files/show?file_name=1626609161571-download.jpg HTTP/1.1" 200 - "https://servicewechat.com/wx4be232a02d452c65/devtools/page-frame.html" "Mozilla/5.0 (iPhone; CPU iPhone OS 10_3_1 like Mac OS X) AppleWebKit/603.1.3 (KHTML, like Gecko) Version/10.0 Mobile/14E304 Safari/602.1 wechatdevtools/1.05.2105170 MicroMessenger/7.0.4 Language/zh_CN webview/3 desktopapp miniprogram port/40841 token/d8c230944cc517dde65b32de5661899e runtime/2"
::ffff:10.37.42.238 - - [27/Jul/2021:06:30:57 +0000] "GET /api/edu/course/detail?studentId=1&course_id=1 HTTP/1.1" 304 - "https://servicewechat.com/wx4be232a02d452c65/devtools/page-frame.html" "Mozilla/5.0 (iPhone; CPU iPhone OS 10_3_1 like Mac OS X) AppleWebKit/603.1.3 (KHTML, like Gecko) Version/10.0 Mobile/14E304 Safari/602.1 wechatdevtools/1.05.2105170 MicroMessenger/7.0.4 Language/zh_CN webview/"
::ffff:10.37.42.238 - - [27/Jul/2021:06:31:00 +0000] "GET /api/edu/measures/get?score_id=1 HTTP/1.1" 304 - "https://servicewechat.com/wx4be232a02d452c65/devtools/page-frame.html" "Mozilla/5.0 (iPhone; CPU iPhone OS 10_3_1 like Mac OS X) AppleWebKit/603.1.3 (KHTML, like Gecko) Version/10.0 Mobile/14E304 Safari/602.1 wechatdevtools/1.05.2105170 MicroMessenger/7.0.4 Language/zh_CN webview/"
::ffff:10.37.42.238 - - [27/Jul/2021:06:31:01 +0000] "GET /api/edu/measures/detail?measureId=1 HTTP/1.1" 304 - "https://servicewechat.com/wx4be232a02d452c65/devtools/page-frame.html" "Mozilla/5.0 (iPhone; CPU iPhone OS 10_3_1 like Mac OS X) AppleWebKit/603.1.3 (KHTML, like Gecko) Version/10.0 Mobile/14E304 Safari/602.1 wechatdevtools/1.05.2105170 MicroMessenger/7.0.4 Language/zh_CN webview/"
::ffff:10.37.42.238 - - [27/Jul/2021:06:31:02 +0000] "GET /api/edu/files/show?file_name=1626608659277-download.jpg HTTP/1.1" 200 - "https://servicewechat.com/wx4be232a02d452c65/devtools/page-frame.html" "Mozilla/5.0 (iPhone; CPU iPhone OS 10_3_1 like Mac OS X) AppleWebKit/603.1.3 (KHTML, like Gecko) Version/10.0 Mobile/14E304 Safari/602.1 wechatdevtools/1.05.2105170 MicroMessenger/7.0.4 Language/zh_CN webview/7 desktopapp miniprogram port/40841 token/d8c230944cc517dde65b32de5661899e runtime/2"
::ffff:10.37.42.238 - - [27/Jul/2021:06:31:08 +0000] "GET /api/edu/measures/get?score_id=1 HTTP/1.1" 304 - "https://servicewechat.com/wx4be232a02d452c65/devtools/page-frame.html" "Mozilla/5.0 (iPhone; CPU iPhone OS 10_3_1 like Mac OS X) AppleWebKit/603.1.3 (KHTML, like Gecko) Version/10.0 Mobile/14E304 Safari/602.1 wechatdevtools/1.05.2105170 MicroMessenger/7.0.4 Language/zh_CN webview/"
::ffff:10.37.42.238 - - [27/Jul/2021:06:31:30 +0000] "GET /api/edu/course/detail?studentId=1&course_id=1 HTTP/1.1" 304 - "https://servicewechat.com/wx4be232a02d452c65/devtools/page-frame.html" "Mozilla/5.0 (iPhone; CPU iPhone OS 10_3_1 like Mac OS X) AppleWebKit/603.1.3 (KHTML, like Gecko) Version/10.0 Mobile/14E304 Safari/602.1 wechatdevtools/1.05.2105170 MicroMessenger/7.0.4 Language/zh_CN webview/"
::ffff:10.37.42.238 - - [27/Jul/2021:06:32:37 +0000] "GET /api/edu/student/getUnQualifiedScores?studentId=1 HTTP/1.1" 304 - "https://servicewechat.com/wx4be232a02d452c65/devtools/page-frame.html" "Mozilla/5.0 (iPhone; CPU iPhone OS 10_3_1 like Mac OS X) AppleWebKit/603.1.3 (KHTML, like Gecko) Version/10.0 Mobile/14E304 Safari/602.1 wechatdevtools/1.05.2105170 MicroMessenger/7.0.4 Language/zh_CN webview/"
::ffff:10.37.42.238 - - [27/Jul/2021:06:32:37 +0000] "GET /api/edu/student/getQualifiedScores?studentId=1 HTTP/1.1" 304 - "https://servicewechat.com/wx4be232a02d452c65/devtools/page-frame.html" "Mozilla/5.0 (iPhone; CPU iPhone OS 10_3_1 like Mac OS X) AppleWebKit/603.1.3 (KHTML, like Gecko) Version/10.0 Mobile/14E304 Safari/602.1 wechatdevtools/1.05.2105170 MicroMessenger/7.0.4 Language/zh_CN webview/"
::ffff:10.37.42.238 - - [27/Jul/2021:06:35:03 +0000] "GET /api/edu/course/detail?studentId=1&course_id=1 HTTP/1.1" 304 - "https://servicewechat.com/wx4be232a02d452c65/devtools/page-frame.html" "Mozilla/5.0 (iPhone; CPU iPhone OS 10_3_1 like Mac OS X) AppleWebKit/603.1.3 (KHTML, like Gecko) Version/10.0 Mobile/14E304 Safari/602.1 wechatdevtools/1.05.2105170 MicroMessenger/7.0.4 Language/zh_CN webview/"
::ffff:10.37.42.238 - - [27/Jul/2021:06:35:11 +0000] "GET /api/edu/measures/get?score_id=1 HTTP/1.1" 304 - "https://servicewechat.com/wx4be232a02d452c65/devtools/page-frame.html" "Mozilla/5.0 (iPhone; CPU iPhone OS 10_3_1 like Mac OS X) AppleWebKit/603.1.3 (KHTML, like Gecko) Version/10.0 Mobile/14E304 Safari/602.1 wechatdevtools/1.05.2105170 MicroMessenger/7.0.4 Language/zh_CN webview/"
::ffff:10.37.42.238 - - [27/Jul/2021:06:35:22 +0000] "GET /api/edu/measures/get?score_id=1 HTTP/1.1" 304 - "https://servicewechat.com/wx4be232a02d452c65/devtools/page-frame.html" "Mozilla/5.0 (iPhone; CPU iPhone OS 10_3_1 like Mac OS X) AppleWebKit/603.1.3 (KHTML, like Gecko) Version/10.0 Mobile/14E304 Safari/602.1 wechatdevtools/1.05.2105170 MicroMessenger/7.0.4 Language/zh_CN webview/"
::ffff:10.37.42.238 - - [27/Jul/2021:06:35:47 +0000] "GET /api/edu/student/getQualifiedScores?studentId=1 HTTP/1.1" 304 - "https://servicewechat.com/wx4be232a02d452c65/devtools/page-frame.html" "Mozilla/5.0 (iPhone; CPU iPhone OS 10_3_1 like Mac OS X) AppleWebKit/603.1.3 (KHTML, like Gecko) Version/10.0 Mobile/14E304 Safari/602.1 wechatdevtools/1.05.2105170 MicroMessenger/7.0.4 Language/zh_CN webview/"
::ffff:10.37.42.238 - - [27/Jul/2021:06:35:47 +0000] "GET /api/edu/student/getUnQualifiedScores?studentId=1 HTTP/1.1" 304 - "https://servicewechat.com/wx4be232a02d452c65/devtools/page-frame.html" "Mozilla/5.0 (iPhone; CPU iPhone OS 10_3_1 like Mac OS X) AppleWebKit/603.1.3 (KHTML, like Gecko) Version/10.0 Mobile/14E304 Safari/602.1 wechatdevtools/1.05.2105170 MicroMessenger/7.0.4 Language/zh_CN webview/"
::ffff:10.37.42.238 - - [27/Jul/2021:06:35:49 +0000] "GET /api/edu/course/detail?studentId=1&course_id=1 HTTP/1.1" 304 - "https://servicewechat.com/wx4be232a02d452c65/devtools/page-frame.html" "Mozilla/5.0 (iPhone; CPU iPhone OS 10_3_1 like Mac OS X) AppleWebKit/603.1.3 (KHTML, like Gecko) Version/10.0 Mobile/14E304 Safari/602.1 wechatdevtools/1.05.2105170 MicroMessenger/7.0.4 Language/zh_CN webview/"
::ffff:10.37.42.238 - - [27/Jul/2021:06:36:50 +0000] "GET /api/edu/measures/get?score_id=1 HTTP/1.1" 304 - "https://servicewechat.com/wx4be232a02d452c65/devtools/page-frame.html" "Mozilla/5.0 (iPhone; CPU iPhone OS 10_3_1 like Mac OS X) AppleWebKit/603.1.3 (KHTML, like Gecko) Version/10.0 Mobile/14E304 Safari/602.1 wechatdevtools/1.05.2105170 MicroMessenger/7.0.4 Language/zh_CN webview/"
::ffff:10.37.42.238 - - [27/Jul/2021:06:37:58 +0000] "GET /api/edu/measures/detail?measureId=1 HTTP/1.1" 304 - "https://servicewechat.com/wx4be232a02d452c65/devtools/page-frame.html" "Mozilla/5.0 (iPhone; CPU iPhone OS 10_3_1 like Mac OS X) AppleWebKit/603.1.3 (KHTML, like Gecko) Version/10.0 Mobile/14E304 Safari/602.1 wechatdevtools/1.05.2105170 MicroMessenger/7.0.4 Language/zh_CN webview/"
::ffff:10.37.42.238 - - [27/Jul/2021:06:37:59 +0000] "GET /api/edu/files/show?file_name=1626608659277-download.jpg HTTP/1.1" 200 - "https://servicewechat.com/wx4be232a02d452c65/devtools/page-frame.html" "Mozilla/5.0 (iPhone; CPU iPhone OS 10_3_1 like Mac OS X) AppleWebKit/603.1.3 (KHTML, like Gecko) Version/10.0 Mobile/14E304 Safari/602.1 wechatdevtools/1.05.2105170 MicroMessenger/7.0.4 Language/zh_CN webview/18 desktopapp miniprogram port/40841 token/d8c230944cc517dde65b32de5661899e runtime/2"
::ffff:202.193.57.228 - - [27/Jul/2021:06:49:43 +0000] "GET /api/edu/class/get?curPage=1&viceTeacherId=6 HTTP/1.1" 304 - "http://localhost:9528/" "Mozilla/5.0 (Windows NT 10.0; Win64; x64) AppleWebKit/537.36 (KHTML, like Gecko) Chrome/92.0.4515.107 Safari/537.36"
::ffff:202.193.57.228 - - [27/Jul/2021:06:50:42 +0000] "GET /api/edu/class/get?curPage=1&viceTeacherId=6 HTTP/1.1" 304 - "http://localhost:9528/" "Mozilla/5.0 (Windows NT 10.0; Win64; x64) AppleWebKit/537.36 (KHTML, like Gecko) Chrome/92.0.4515.107 Safari/537.36"
::ffff:202.193.57.228 - - [27/Jul/2021:06:50:42 +0000] "GET /api/edu/class/get?curPage=1&viceTeacherId=6 HTTP/1.1" 304 - "http://localhost:9528/" "Mozilla/5.0 (Windows NT 10.0; Win64; x64) AppleWebKit/537.36 (KHTML, like Gecko) Chrome/92.0.4515.107 Safari/537.36"
::ffff:202.193.57.228 - - [27/Jul/2021:06:54:04 +0000] "GET /api/edu/class/get?curPage=1&viceTeacherId=6 HTTP/1.1" 304 - "http://localhost:9528/" "Mozilla/5.0 (Windows NT 10.0; Win64; x64) AppleWebKit/537.36 (KHTML, like Gecko) Chrome/92.0.4515.107 Safari/537.36"
::ffff:202.193.57.228 - - [27/Jul/2021:06:54:05 +0000] "GET /api/edu/class/get?curPage=1&viceTeacherId=6 HTTP/1.1" 304 - "http://localhost:9528/" "Mozilla/5.0 (Windows NT 10.0; Win64; x64) AppleWebKit/537.36 (KHTML, like Gecko) Chrome/92.0.4515.107 Safari/537.36"
::ffff:202.193.57.228 - - [27/Jul/2021:06:54:17 +0000] "GET /api/edu/class/get?curPage=1&viceTeacherId=6 HTTP/1.1" 304 - "http://localhost:9528/" "Mozilla/5.0 (Windows NT 10.0; Win64; x64) AppleWebKit/537.36 (KHTML, like Gecko) Chrome/92.0.4515.107 Safari/537.36"
::ffff:202.193.57.228 - - [27/Jul/2021:06:54:18 +0000] "GET /api/edu/class/get?curPage=1&viceTeacherId=6 HTTP/1.1" 304 - "http://localhost:9528/" "Mozilla/5.0 (Windows NT 10.0; Win64; x64) AppleWebKit/537.36 (KHTML, like Gecko) Chrome/92.0.4515.107 Safari/537.36"
::ffff:202.193.57.228 - - [27/Jul/2021:08:09:55 +0000] "GET /api/edu/class/get?curPage=1&viceTeacherId=6 HTTP/1.1" 304 - "http://localhost:9528/" "Mozilla/5.0 (Windows NT 10.0; Win64; x64) AppleWebKit/537.36 (KHTML, like Gecko) Chrome/92.0.4515.107 Safari/537.36"
::ffff:202.193.57.228 - - [27/Jul/2021:08:10:29 +0000] "GET /api/edu/class/get?curPage=1&viceTeacherId=6 HTTP/1.1" 304 - "http://localhost:9528/" "Mozilla/5.0 (Windows NT 10.0; Win64; x64) AppleWebKit/537.36 (KHTML, like Gecko) Chrome/92.0.4515.107 Safari/537.36"
::ffff:202.193.57.228 - - [27/Jul/2021:08:10:30 +0000] "GET /api/edu/class/get?curPage=1&viceTeacherId=6 HTTP/1.1" 304 - "http://localhost:9528/" "Mozilla/5.0 (Windows NT 10.0; Win64; x64) AppleWebKit/537.36 (KHTML, like Gecko) Chrome/92.0.4515.107 Safari/537.36"
::ffff:202.193.57.228 - - [27/Jul/2021:08:12:40 +0000] "GET /api/edu/class/get?curPage=1&viceTeacherId=6 HTTP/1.1" 304 - "http://localhost:9528/" "Mozilla/5.0 (Windows NT 10.0; Win64; x64) AppleWebKit/537.36 (KHTML, like Gecko) Chrome/92.0.4515.107 Safari/537.36"
::ffff:202.193.57.228 - - [27/Jul/2021:08:12:40 +0000] "GET /api/edu/class/get?curPage=1&viceTeacherId=6 HTTP/1.1" 304 - "http://localhost:9528/" "Mozilla/5.0 (Windows NT 10.0; Win64; x64) AppleWebKit/537.36 (KHTML, like Gecko) Chrome/92.0.4515.107 Safari/537.36"
::ffff:202.193.57.228 - - [27/Jul/2021:08:12:51 +0000] "GET /api/edu/getTeachersCourse?teacherId=1 HTTP/1.1" 404 33 "-" "Mozilla/5.0 (Windows NT 10.0; Win64; x64) AppleWebKit/537.36 (KHTML, like Gecko) Chrome/92.0.4515.107 Safari/537.36"
::ffff:202.193.57.228 - - [27/Jul/2021:08:13:24 +0000] "GET /api/edu/class/get?curPage=1&viceTeacherId=6 HTTP/1.1" 304 - "http://localhost:9528/" "Mozilla/5.0 (Windows NT 10.0; Win64; x64) AppleWebKit/537.36 (KHTML, like Gecko) Chrome/92.0.4515.107 Safari/537.36"
::ffff:202.193.57.228 - - [27/Jul/2021:08:13:24 +0000] "GET /api/edu/class/get?curPage=1&viceTeacherId=6 HTTP/1.1" 304 - "http://localhost:9528/" "Mozilla/5.0 (Windows NT 10.0; Win64; x64) AppleWebKit/537.36 (KHTML, like Gecko) Chrome/92.0.4515.107 Safari/537.36"
::ffff:202.193.57.228 - - [27/Jul/2021:08:22:15 +0000] "GET /api/edu/class/get?curPage=1&viceTeacherId=6 HTTP/1.1" 304 - "http://localhost:9528/" "Mozilla/5.0 (Windows NT 10.0; Win64; x64) AppleWebKit/537.36 (KHTML, like Gecko) Chrome/92.0.4515.107 Safari/537.36"
::ffff:202.193.57.228 - - [27/Jul/2021:08:22:15 +0000] "GET /api/edu/class/get?curPage=1&viceTeacherId=6 HTTP/1.1" 304 - "http://localhost:9528/" "Mozilla/5.0 (Windows NT 10.0; Win64; x64) AppleWebKit/537.36 (KHTML, like Gecko) Chrome/92.0.4515.107 Safari/537.36"
::ffff:202.193.57.228 - - [27/Jul/2021:08:25:40 +0000] "GET /api/edu/class/get?curPage=1&viceTeacherId=6 HTTP/1.1" 304 - "http://localhost:9528/" "Mozilla/5.0 (Windows NT 10.0; Win64; x64) AppleWebKit/537.36 (KHTML, like Gecko) Chrome/92.0.4515.107 Safari/537.36"
::ffff:202.193.57.228 - - [27/Jul/2021:08:25:41 +0000] "GET /api/edu/class/get?curPage=1&viceTeacherId=6 HTTP/1.1" 304 - "http://localhost:9528/" "Mozilla/5.0 (Windows NT 10.0; Win64; x64) AppleWebKit/537.36 (KHTML, like Gecko) Chrome/92.0.4515.107 Safari/537.36"
::ffff:202.193.57.228 - - [27/Jul/2021:08:25:43 +0000] "GET /api/edu/getTeachersCourse?teacherId=6 HTTP/1.1" 404 33 "-" "Mozilla/5.0 (Windows NT 10.0; Win64; x64) AppleWebKit/537.36 (KHTML, like Gecko) Chrome/92.0.4515.107 Safari/537.36"
::ffff:202.193.57.228 - - [27/Jul/2021:08:31:33 +0000] "GET /api/edu/class/get?curPage=1&viceTeacherId=6 HTTP/1.1" 304 - "http://localhost:9528/" "Mozilla/5.0 (Windows NT 10.0; Win64; x64) AppleWebKit/537.36 (KHTML, like Gecko) Chrome/92.0.4515.107 Safari/537.36"
::ffff:202.193.57.228 - - [27/Jul/2021:08:31:33 +0000] "GET /api/edu/class/get?curPage=1&viceTeacherId=6 HTTP/1.1" 304 - "http://localhost:9528/" "Mozilla/5.0 (Windows NT 10.0; Win64; x64) AppleWebKit/537.36 (KHTML, like Gecko) Chrome/92.0.4515.107 Safari/537.36"
::ffff:10.37.42.238 - - [27/Jul/2021:08:38:20 +0000] "GET /api/edu/student/getUnQualifiedScores?studentId=1 HTTP/1.1" 304 - "https://servicewechat.com/wx4be232a02d452c65/devtools/page-frame.html" "Mozilla/5.0 (iPhone; CPU iPhone OS 10_3_1 like Mac OS X) AppleWebKit/603.1.3 (KHTML, like Gecko) Version/10.0 Mobile/14E304 Safari/602.1 wechatdevtools/1.05.2105170 MicroMessenger/7.0.4 Language/zh_CN webview/"
::ffff:10.37.42.238 - - [27/Jul/2021:08:38:20 +0000] "GET /api/edu/student/getQualifiedScores?studentId=1 HTTP/1.1" 304 - "https://servicewechat.com/wx4be232a02d452c65/devtools/page-frame.html" "Mozilla/5.0 (iPhone; CPU iPhone OS 10_3_1 like Mac OS X) AppleWebKit/603.1.3 (KHTML, like Gecko) Version/10.0 Mobile/14E304 Safari/602.1 wechatdevtools/1.05.2105170 MicroMessenger/7.0.4 Language/zh_CN webview/"
::ffff:202.193.57.228 - - [27/Jul/2021:08:39:39 +0000] "GET /api/edu/class/get?curPage=1&viceTeacherId=6 HTTP/1.1" 304 - "http://localhost:9528/" "Mozilla/5.0 (Windows NT 10.0; Win64; x64) AppleWebKit/537.36 (KHTML, like Gecko) Chrome/92.0.4515.107 Safari/537.36"
::ffff:202.193.57.228 - - [27/Jul/2021:08:39:39 +0000] "GET /api/edu/class/get?curPage=1&viceTeacherId=6 HTTP/1.1" 304 - "http://localhost:9528/" "Mozilla/5.0 (Windows NT 10.0; Win64; x64) AppleWebKit/537.36 (KHTML, like Gecko) Chrome/92.0.4515.107 Safari/537.36"
::ffff:202.193.57.228 - - [27/Jul/2021:08:39:44 +0000] "GET /api/edu/class/get?curPage=1&viceTeacherId=6 HTTP/1.1" 304 - "http://localhost:9528/" "Mozilla/5.0 (Windows NT 10.0; Win64; x64) AppleWebKit/537.36 (KHTML, like Gecko) Chrome/92.0.4515.107 Safari/537.36"
::ffff:202.193.57.228 - - [27/Jul/2021:08:40:05 +0000] "GET /api/edu/class/get?curPage=1&viceTeacherId=6 HTTP/1.1" 304 - "http://localhost:9528/" "Mozilla/5.0 (Windows NT 10.0; Win64; x64) AppleWebKit/537.36 (KHTML, like Gecko) Chrome/92.0.4515.107 Safari/537.36"
::ffff:202.193.57.228 - - [27/Jul/2021:08:40:05 +0000] "GET /api/edu/teacher/getTeachersCourse?teacherId=6 HTTP/1.1" 200 1283 "http://localhost:9528/" "Mozilla/5.0 (Windows NT 10.0; Win64; x64) AppleWebKit/537.36 (KHTML, like Gecko) Chrome/92.0.4515.107 Safari/537.36"
::ffff:202.193.57.228 - - [27/Jul/2021:08:40:05 +0000] "GET /api/edu/class/get?curPage=1&viceTeacherId=6 HTTP/1.1" 304 - "http://localhost:9528/" "Mozilla/5.0 (Windows NT 10.0; Win64; x64) AppleWebKit/537.36 (KHTML, like Gecko) Chrome/92.0.4515.107 Safari/537.36"
::ffff:202.193.57.228 - - [27/Jul/2021:08:40:05 +0000] "GET /api/edu/teacher/getTeachersCourse?teacherId=6 HTTP/1.1" 304 - "http://localhost:9528/" "Mozilla/5.0 (Windows NT 10.0; Win64; x64) AppleWebKit/537.36 (KHTML, like Gecko) Chrome/92.0.4515.107 Safari/537.36"
::ffff:202.193.57.228 - - [27/Jul/2021:08:40:27 +0000] "GET /api/edu/class/get?curPage=1&viceTeacherId=6 HTTP/1.1" 304 - "http://localhost:9528/" "Mozilla/5.0 (Windows NT 10.0; Win64; x64) AppleWebKit/537.36 (KHTML, like Gecko) Chrome/92.0.4515.107 Safari/537.36"
::ffff:202.193.57.228 - - [27/Jul/2021:08:40:27 +0000] "GET /api/edu/teacher/getTeachersCourse?teacherId=6 HTTP/1.1" 304 - "http://localhost:9528/" "Mozilla/5.0 (Windows NT 10.0; Win64; x64) AppleWebKit/537.36 (KHTML, like Gecko) Chrome/92.0.4515.107 Safari/537.36"
::ffff:202.193.57.228 - - [27/Jul/2021:08:41:28 +0000] "GET /api/edu/class/get?curPage=1&viceTeacherId=6 HTTP/1.1" 304 - "http://localhost:9528/" "Mozilla/5.0 (Windows NT 10.0; Win64; x64) AppleWebKit/537.36 (KHTML, like Gecko) Chrome/92.0.4515.107 Safari/537.36"
::ffff:202.193.57.228 - - [27/Jul/2021:08:41:28 +0000] "GET /api/edu/teacher/getTeachersCourse?teacherId=6 HTTP/1.1" 304 - "http://localhost:9528/" "Mozilla/5.0 (Windows NT 10.0; Win64; x64) AppleWebKit/537.36 (KHTML, like Gecko) Chrome/92.0.4515.107 Safari/537.36"
::ffff:202.193.57.228 - - [27/Jul/2021:08:41:28 +0000] "GET /api/edu/class/get?curPage=1&viceTeacherId=6 HTTP/1.1" 304 - "http://localhost:9528/" "Mozilla/5.0 (Windows NT 10.0; Win64; x64) AppleWebKit/537.36 (KHTML, like Gecko) Chrome/92.0.4515.107 Safari/537.36"
::ffff:202.193.57.228 - - [27/Jul/2021:08:41:28 +0000] "GET /api/edu/teacher/getTeachersCourse?teacherId=6 HTTP/1.1" 304 - "http://localhost:9528/" "Mozilla/5.0 (Windows NT 10.0; Win64; x64) AppleWebKit/537.36 (KHTML, like Gecko) Chrome/92.0.4515.107 Safari/537.36"
::ffff:202.193.57.228 - - [27/Jul/2021:08:41:33 +0000] "GET /api/edu/class/get?curPage=1&viceTeacherId=6 HTTP/1.1" 304 - "http://localhost:9528/" "Mozilla/5.0 (Windows NT 10.0; Win64; x64) AppleWebKit/537.36 (KHTML, like Gecko) Chrome/92.0.4515.107 Safari/537.36"
::ffff:202.193.57.228 - - [27/Jul/2021:08:41:33 +0000] "GET /api/edu/teacher/getTeachersCourse?teacherId=6 HTTP/1.1" 304 - "http://localhost:9528/" "Mozilla/5.0 (Windows NT 10.0; Win64; x64) AppleWebKit/537.36 (KHTML, like Gecko) Chrome/92.0.4515.107 Safari/537.36"
::ffff:202.193.57.228 - - [27/Jul/2021:08:41:57 +0000] "GET /api/edu/class/get?curPage=1&viceTeacherId=6 HTTP/1.1" 304 - "http://localhost:9528/" "Mozilla/5.0 (Windows NT 10.0; Win64; x64) AppleWebKit/537.36 (KHTML, like Gecko) Chrome/92.0.4515.107 Safari/537.36"
::ffff:202.193.57.228 - - [27/Jul/2021:08:41:57 +0000] "GET /api/edu/teacher/getTeachersCourse?teacherId=6 HTTP/1.1" 304 - "http://localhost:9528/" "Mozilla/5.0 (Windows NT 10.0; Win64; x64) AppleWebKit/537.36 (KHTML, like Gecko) Chrome/92.0.4515.107 Safari/537.36"
