::ffff:10.37.42.238 - - [23/Jul/2021:14:04:51 +0000] "GET /api/edu/measures/detail?measureId=1 HTTP/1.1" 200 827 "https://servicewechat.com/wx4be232a02d452c65/devtools/page-frame.html" "Mozilla/5.0 (iPhone; CPU iPhone OS 10_3_1 like Mac OS X) AppleWebKit/603.1.3 (KHTML, like Gecko) Version/10.0 Mobile/14E304 Safari/602.1 wechatdevtools/1.05.2105170 MicroMessenger/7.0.4 Language/zh_CN webview/"
::ffff:202.193.57.228 - - [23/Jul/2021:14:06:13 +0000] "GET /api/edu/student/get?stuCode=&curPage=1 HTTP/1.1" 304 - "http://localhost:9528/" "Mozilla/5.0 (Windows NT 10.0; Win64; x64) AppleWebKit/537.36 (KHTML, like Gecko) Chrome/92.0.4515.107 Safari/537.36"
::ffff:202.193.57.228 - - [23/Jul/2021:14:06:13 +0000] "GET /api/edu/class/get HTTP/1.1" 304 - "http://localhost:9528/" "Mozilla/5.0 (Windows NT 10.0; Win64; x64) AppleWebKit/537.36 (KHTML, like Gecko) Chrome/92.0.4515.107 Safari/537.36"
::ffff:10.37.42.238 - - [23/Jul/2021:14:07:16 +0000] "GET /api/edu/student/getUnQualifiedScores?studentId=1 HTTP/1.1" 304 - "https://servicewechat.com/wx4be232a02d452c65/devtools/page-frame.html" "Mozilla/5.0 (iPhone; CPU iPhone OS 10_3_1 like Mac OS X) AppleWebKit/603.1.3 (KHTML, like Gecko) Version/10.0 Mobile/14E304 Safari/602.1 wechatdevtools/1.05.2105170 MicroMessenger/7.0.4 Language/zh_CN webview/"
::ffff:10.37.42.238 - - [23/Jul/2021:14:07:16 +0000] "GET /api/edu/student/getQualifiedScores?studentId=1 HTTP/1.1" 304 - "https://servicewechat.com/wx4be232a02d452c65/devtools/page-frame.html" "Mozilla/5.0 (iPhone; CPU iPhone OS 10_3_1 like Mac OS X) AppleWebKit/603.1.3 (KHTML, like Gecko) Version/10.0 Mobile/14E304 Safari/602.1 wechatdevtools/1.05.2105170 MicroMessenger/7.0.4 Language/zh_CN webview/"
::ffff:10.37.42.238 - - [23/Jul/2021:14:07:25 +0000] "GET /api/edu/course/detail?studentId=1&course_id=1 HTTP/1.1" 304 - "https://servicewechat.com/wx4be232a02d452c65/devtools/page-frame.html" "Mozilla/5.0 (iPhone; CPU iPhone OS 10_3_1 like Mac OS X) AppleWebKit/603.1.3 (KHTML, like Gecko) Version/10.0 Mobile/14E304 Safari/602.1 wechatdevtools/1.05.2105170 MicroMessenger/7.0.4 Language/zh_CN webview/"
::ffff:10.37.42.238 - - [23/Jul/2021:14:07:27 +0000] "GET /api/edu/measures/get?score_id=1 HTTP/1.1" 304 - "https://servicewechat.com/wx4be232a02d452c65/devtools/page-frame.html" "Mozilla/5.0 (iPhone; CPU iPhone OS 10_3_1 like Mac OS X) AppleWebKit/603.1.3 (KHTML, like Gecko) Version/10.0 Mobile/14E304 Safari/602.1 wechatdevtools/1.05.2105170 MicroMessenger/7.0.4 Language/zh_CN webview/"
::ffff:10.37.42.238 - - [23/Jul/2021:14:07:29 +0000] "GET /api/edu/measures/detail?measureId=1 HTTP/1.1" 304 - "https://servicewechat.com/wx4be232a02d452c65/devtools/page-frame.html" "Mozilla/5.0 (iPhone; CPU iPhone OS 10_3_1 like Mac OS X) AppleWebKit/603.1.3 (KHTML, like Gecko) Version/10.0 Mobile/14E304 Safari/602.1 wechatdevtools/1.05.2105170 MicroMessenger/7.0.4 Language/zh_CN webview/"
::ffff:202.193.57.228 - - [23/Jul/2021:14:07:53 +0000] "GET /api/edu/class/get?curPage=1 HTTP/1.1" 304 - "http://localhost:9528/" "Mozilla/5.0 (Windows NT 10.0; Win64; x64) AppleWebKit/537.36 (KHTML, like Gecko) Chrome/92.0.4515.107 Safari/537.36"
::ffff:10.37.42.238 - - [23/Jul/2021:14:08:40 +0000] "GET /api/edu/student/getUnQualifiedScores?studentId=1 HTTP/1.1" 304 - "https://servicewechat.com/wx4be232a02d452c65/devtools/page-frame.html" "Mozilla/5.0 (iPhone; CPU iPhone OS 10_3_1 like Mac OS X) AppleWebKit/603.1.3 (KHTML, like Gecko) Version/10.0 Mobile/14E304 Safari/602.1 wechatdevtools/1.05.2105170 MicroMessenger/7.0.4 Language/zh_CN webview/"
::ffff:10.37.42.238 - - [23/Jul/2021:14:08:40 +0000] "GET /api/edu/student/getQualifiedScores?studentId=1 HTTP/1.1" 304 - "https://servicewechat.com/wx4be232a02d452c65/devtools/page-frame.html" "Mozilla/5.0 (iPhone; CPU iPhone OS 10_3_1 like Mac OS X) AppleWebKit/603.1.3 (KHTML, like Gecko) Version/10.0 Mobile/14E304 Safari/602.1 wechatdevtools/1.05.2105170 MicroMessenger/7.0.4 Language/zh_CN webview/"
::ffff:10.37.42.238 - - [23/Jul/2021:14:08:42 +0000] "GET /api/edu/course/detail?studentId=1&course_id=1 HTTP/1.1" 304 - "https://servicewechat.com/wx4be232a02d452c65/devtools/page-frame.html" "Mozilla/5.0 (iPhone; CPU iPhone OS 10_3_1 like Mac OS X) AppleWebKit/603.1.3 (KHTML, like Gecko) Version/10.0 Mobile/14E304 Safari/602.1 wechatdevtools/1.05.2105170 MicroMessenger/7.0.4 Language/zh_CN webview/"
::ffff:10.37.42.238 - - [23/Jul/2021:14:08:45 +0000] "GET /api/edu/measures/get?score_id=1 HTTP/1.1" 304 - "https://servicewechat.com/wx4be232a02d452c65/devtools/page-frame.html" "Mozilla/5.0 (iPhone; CPU iPhone OS 10_3_1 like Mac OS X) AppleWebKit/603.1.3 (KHTML, like Gecko) Version/10.0 Mobile/14E304 Safari/602.1 wechatdevtools/1.05.2105170 MicroMessenger/7.0.4 Language/zh_CN webview/"
::ffff:10.37.42.238 - - [23/Jul/2021:14:08:46 +0000] "GET /api/edu/measures/detail?measureId=1 HTTP/1.1" 304 - "https://servicewechat.com/wx4be232a02d452c65/devtools/page-frame.html" "Mozilla/5.0 (iPhone; CPU iPhone OS 10_3_1 like Mac OS X) AppleWebKit/603.1.3 (KHTML, like Gecko) Version/10.0 Mobile/14E304 Safari/602.1 wechatdevtools/1.05.2105170 MicroMessenger/7.0.4 Language/zh_CN webview/"
::ffff:202.193.57.228 - - [23/Jul/2021:14:10:01 +0000] "GET /api/edu/class/get?curPage=1 HTTP/1.1" 304 - "http://localhost:9528/" "Mozilla/5.0 (Windows NT 10.0; Win64; x64) AppleWebKit/537.36 (KHTML, like Gecko) Chrome/92.0.4515.107 Safari/537.36"
::ffff:10.37.42.238 - - [23/Jul/2021:14:10:55 +0000] "GET /api/edu/student/getUnQualifiedScores?studentId=1 HTTP/1.1" 304 - "https://servicewechat.com/wx4be232a02d452c65/devtools/page-frame.html" "Mozilla/5.0 (iPhone; CPU iPhone OS 10_3_1 like Mac OS X) AppleWebKit/603.1.3 (KHTML, like Gecko) Version/10.0 Mobile/14E304 Safari/602.1 wechatdevtools/1.05.2105170 MicroMessenger/7.0.4 Language/zh_CN webview/"
::ffff:10.37.42.238 - - [23/Jul/2021:14:10:55 +0000] "GET /api/edu/student/getQualifiedScores?studentId=1 HTTP/1.1" 304 - "https://servicewechat.com/wx4be232a02d452c65/devtools/page-frame.html" "Mozilla/5.0 (iPhone; CPU iPhone OS 10_3_1 like Mac OS X) AppleWebKit/603.1.3 (KHTML, like Gecko) Version/10.0 Mobile/14E304 Safari/602.1 wechatdevtools/1.05.2105170 MicroMessenger/7.0.4 Language/zh_CN webview/"
::ffff:10.37.42.238 - - [23/Jul/2021:14:10:57 +0000] "GET /api/edu/course/detail?studentId=1&course_id=1 HTTP/1.1" 304 - "https://servicewechat.com/wx4be232a02d452c65/devtools/page-frame.html" "Mozilla/5.0 (iPhone; CPU iPhone OS 10_3_1 like Mac OS X) AppleWebKit/603.1.3 (KHTML, like Gecko) Version/10.0 Mobile/14E304 Safari/602.1 wechatdevtools/1.05.2105170 MicroMessenger/7.0.4 Language/zh_CN webview/"
::ffff:10.37.42.238 - - [23/Jul/2021:14:10:59 +0000] "GET /api/edu/measures/get?score_id=1 HTTP/1.1" 304 - "https://servicewechat.com/wx4be232a02d452c65/devtools/page-frame.html" "Mozilla/5.0 (iPhone; CPU iPhone OS 10_3_1 like Mac OS X) AppleWebKit/603.1.3 (KHTML, like Gecko) Version/10.0 Mobile/14E304 Safari/602.1 wechatdevtools/1.05.2105170 MicroMessenger/7.0.4 Language/zh_CN webview/"
::ffff:10.37.42.238 - - [23/Jul/2021:14:11:00 +0000] "GET /api/edu/measures/detail?measureId=1 HTTP/1.1" 304 - "https://servicewechat.com/wx4be232a02d452c65/devtools/page-frame.html" "Mozilla/5.0 (iPhone; CPU iPhone OS 10_3_1 like Mac OS X) AppleWebKit/603.1.3 (KHTML, like Gecko) Version/10.0 Mobile/14E304 Safari/602.1 wechatdevtools/1.05.2105170 MicroMessenger/7.0.4 Language/zh_CN webview/"
::ffff:10.37.42.238 - - [23/Jul/2021:14:11:24 +0000] "GET /api/edu/student/getUnQualifiedScores?studentId=1 HTTP/1.1" 304 - "https://servicewechat.com/wx4be232a02d452c65/devtools/page-frame.html" "Mozilla/5.0 (iPhone; CPU iPhone OS 10_3_1 like Mac OS X) AppleWebKit/603.1.3 (KHTML, like Gecko) Version/10.0 Mobile/14E304 Safari/602.1 wechatdevtools/1.05.2105170 MicroMessenger/7.0.4 Language/zh_CN webview/"
::ffff:10.37.42.238 - - [23/Jul/2021:14:11:24 +0000] "GET /api/edu/student/getQualifiedScores?studentId=1 HTTP/1.1" 304 - "https://servicewechat.com/wx4be232a02d452c65/devtools/page-frame.html" "Mozilla/5.0 (iPhone; CPU iPhone OS 10_3_1 like Mac OS X) AppleWebKit/603.1.3 (KHTML, like Gecko) Version/10.0 Mobile/14E304 Safari/602.1 wechatdevtools/1.05.2105170 MicroMessenger/7.0.4 Language/zh_CN webview/"
::ffff:10.37.42.238 - - [23/Jul/2021:14:11:27 +0000] "GET /api/edu/course/detail?studentId=1&course_id=1 HTTP/1.1" 304 - "https://servicewechat.com/wx4be232a02d452c65/devtools/page-frame.html" "Mozilla/5.0 (iPhone; CPU iPhone OS 10_3_1 like Mac OS X) AppleWebKit/603.1.3 (KHTML, like Gecko) Version/10.0 Mobile/14E304 Safari/602.1 wechatdevtools/1.05.2105170 MicroMessenger/7.0.4 Language/zh_CN webview/"
::ffff:10.37.42.238 - - [23/Jul/2021:14:11:29 +0000] "GET /api/edu/measures/get?score_id=1 HTTP/1.1" 304 - "https://servicewechat.com/wx4be232a02d452c65/devtools/page-frame.html" "Mozilla/5.0 (iPhone; CPU iPhone OS 10_3_1 like Mac OS X) AppleWebKit/603.1.3 (KHTML, like Gecko) Version/10.0 Mobile/14E304 Safari/602.1 wechatdevtools/1.05.2105170 MicroMessenger/7.0.4 Language/zh_CN webview/"
::ffff:10.37.42.238 - - [23/Jul/2021:14:11:31 +0000] "GET /api/edu/measures/detail?measureId=1 HTTP/1.1" 304 - "https://servicewechat.com/wx4be232a02d452c65/devtools/page-frame.html" "Mozilla/5.0 (iPhone; CPU iPhone OS 10_3_1 like Mac OS X) AppleWebKit/603.1.3 (KHTML, like Gecko) Version/10.0 Mobile/14E304 Safari/602.1 wechatdevtools/1.05.2105170 MicroMessenger/7.0.4 Language/zh_CN webview/"
::ffff:10.37.42.238 - - [23/Jul/2021:14:13:04 +0000] "GET /api/edu/student/getUnQualifiedScores?studentId=1 HTTP/1.1" 304 - "https://servicewechat.com/wx4be232a02d452c65/devtools/page-frame.html" "Mozilla/5.0 (iPhone; CPU iPhone OS 10_3_1 like Mac OS X) AppleWebKit/603.1.3 (KHTML, like Gecko) Version/10.0 Mobile/14E304 Safari/602.1 wechatdevtools/1.05.2105170 MicroMessenger/7.0.4 Language/zh_CN webview/"
::ffff:10.37.42.238 - - [23/Jul/2021:14:13:04 +0000] "GET /api/edu/student/getQualifiedScores?studentId=1 HTTP/1.1" 304 - "https://servicewechat.com/wx4be232a02d452c65/devtools/page-frame.html" "Mozilla/5.0 (iPhone; CPU iPhone OS 10_3_1 like Mac OS X) AppleWebKit/603.1.3 (KHTML, like Gecko) Version/10.0 Mobile/14E304 Safari/602.1 wechatdevtools/1.05.2105170 MicroMessenger/7.0.4 Language/zh_CN webview/"
::ffff:10.37.42.238 - - [23/Jul/2021:14:13:10 +0000] "GET /api/edu/course/detail?studentId=1&course_id=1 HTTP/1.1" 304 - "https://servicewechat.com/wx4be232a02d452c65/devtools/page-frame.html" "Mozilla/5.0 (iPhone; CPU iPhone OS 10_3_1 like Mac OS X) AppleWebKit/603.1.3 (KHTML, like Gecko) Version/10.0 Mobile/14E304 Safari/602.1 wechatdevtools/1.05.2105170 MicroMessenger/7.0.4 Language/zh_CN webview/"
::ffff:10.37.42.238 - - [23/Jul/2021:14:13:13 +0000] "GET /api/edu/measures/get?score_id=1 HTTP/1.1" 304 - "https://servicewechat.com/wx4be232a02d452c65/devtools/page-frame.html" "Mozilla/5.0 (iPhone; CPU iPhone OS 10_3_1 like Mac OS X) AppleWebKit/603.1.3 (KHTML, like Gecko) Version/10.0 Mobile/14E304 Safari/602.1 wechatdevtools/1.05.2105170 MicroMessenger/7.0.4 Language/zh_CN webview/"
::ffff:10.37.42.238 - - [23/Jul/2021:14:13:14 +0000] "GET /api/edu/measures/detail?measureId=1 HTTP/1.1" 304 - "https://servicewechat.com/wx4be232a02d452c65/devtools/page-frame.html" "Mozilla/5.0 (iPhone; CPU iPhone OS 10_3_1 like Mac OS X) AppleWebKit/603.1.3 (KHTML, like Gecko) Version/10.0 Mobile/14E304 Safari/602.1 wechatdevtools/1.05.2105170 MicroMessenger/7.0.4 Language/zh_CN webview/"
::ffff:10.37.42.238 - - [23/Jul/2021:14:13:56 +0000] "GET /api/edu/student/getUnQualifiedScores?studentId=1 HTTP/1.1" 304 - "https://servicewechat.com/wx4be232a02d452c65/devtools/page-frame.html" "Mozilla/5.0 (iPhone; CPU iPhone OS 10_3_1 like Mac OS X) AppleWebKit/603.1.3 (KHTML, like Gecko) Version/10.0 Mobile/14E304 Safari/602.1 wechatdevtools/1.05.2105170 MicroMessenger/7.0.4 Language/zh_CN webview/"
::ffff:10.37.42.238 - - [23/Jul/2021:14:13:56 +0000] "GET /api/edu/student/getQualifiedScores?studentId=1 HTTP/1.1" 304 - "https://servicewechat.com/wx4be232a02d452c65/devtools/page-frame.html" "Mozilla/5.0 (iPhone; CPU iPhone OS 10_3_1 like Mac OS X) AppleWebKit/603.1.3 (KHTML, like Gecko) Version/10.0 Mobile/14E304 Safari/602.1 wechatdevtools/1.05.2105170 MicroMessenger/7.0.4 Language/zh_CN webview/"
::ffff:10.37.42.238 - - [23/Jul/2021:14:13:58 +0000] "GET /api/edu/course/detail?studentId=1&course_id=1 HTTP/1.1" 304 - "https://servicewechat.com/wx4be232a02d452c65/devtools/page-frame.html" "Mozilla/5.0 (iPhone; CPU iPhone OS 10_3_1 like Mac OS X) AppleWebKit/603.1.3 (KHTML, like Gecko) Version/10.0 Mobile/14E304 Safari/602.1 wechatdevtools/1.05.2105170 MicroMessenger/7.0.4 Language/zh_CN webview/"
::ffff:10.37.42.238 - - [23/Jul/2021:14:14:00 +0000] "GET /api/edu/measures/get?score_id=1 HTTP/1.1" 304 - "https://servicewechat.com/wx4be232a02d452c65/devtools/page-frame.html" "Mozilla/5.0 (iPhone; CPU iPhone OS 10_3_1 like Mac OS X) AppleWebKit/603.1.3 (KHTML, like Gecko) Version/10.0 Mobile/14E304 Safari/602.1 wechatdevtools/1.05.2105170 MicroMessenger/7.0.4 Language/zh_CN webview/"
::ffff:10.37.42.238 - - [23/Jul/2021:14:14:01 +0000] "GET /api/edu/measures/detail?measureId=1 HTTP/1.1" 304 - "https://servicewechat.com/wx4be232a02d452c65/devtools/page-frame.html" "Mozilla/5.0 (iPhone; CPU iPhone OS 10_3_1 like Mac OS X) AppleWebKit/603.1.3 (KHTML, like Gecko) Version/10.0 Mobile/14E304 Safari/602.1 wechatdevtools/1.05.2105170 MicroMessenger/7.0.4 Language/zh_CN webview/"
::ffff:10.37.42.238 - - [23/Jul/2021:14:14:24 +0000] "GET /api/edu/student/getUnQualifiedScores?studentId=1 HTTP/1.1" 304 - "https://servicewechat.com/wx4be232a02d452c65/devtools/page-frame.html" "Mozilla/5.0 (iPhone; CPU iPhone OS 10_3_1 like Mac OS X) AppleWebKit/603.1.3 (KHTML, like Gecko) Version/10.0 Mobile/14E304 Safari/602.1 wechatdevtools/1.05.2105170 MicroMessenger/7.0.4 Language/zh_CN webview/"
::ffff:10.37.42.238 - - [23/Jul/2021:14:14:24 +0000] "GET /api/edu/student/getQualifiedScores?studentId=1 HTTP/1.1" 304 - "https://servicewechat.com/wx4be232a02d452c65/devtools/page-frame.html" "Mozilla/5.0 (iPhone; CPU iPhone OS 10_3_1 like Mac OS X) AppleWebKit/603.1.3 (KHTML, like Gecko) Version/10.0 Mobile/14E304 Safari/602.1 wechatdevtools/1.05.2105170 MicroMessenger/7.0.4 Language/zh_CN webview/"
::ffff:10.37.42.238 - - [23/Jul/2021:14:14:26 +0000] "GET /api/edu/course/detail?studentId=1&course_id=1 HTTP/1.1" 304 - "https://servicewechat.com/wx4be232a02d452c65/devtools/page-frame.html" "Mozilla/5.0 (iPhone; CPU iPhone OS 10_3_1 like Mac OS X) AppleWebKit/603.1.3 (KHTML, like Gecko) Version/10.0 Mobile/14E304 Safari/602.1 wechatdevtools/1.05.2105170 MicroMessenger/7.0.4 Language/zh_CN webview/"
::ffff:10.37.42.238 - - [23/Jul/2021:14:14:28 +0000] "GET /api/edu/measures/get?score_id=1 HTTP/1.1" 304 - "https://servicewechat.com/wx4be232a02d452c65/devtools/page-frame.html" "Mozilla/5.0 (iPhone; CPU iPhone OS 10_3_1 like Mac OS X) AppleWebKit/603.1.3 (KHTML, like Gecko) Version/10.0 Mobile/14E304 Safari/602.1 wechatdevtools/1.05.2105170 MicroMessenger/7.0.4 Language/zh_CN webview/"
::ffff:10.37.42.238 - - [23/Jul/2021:14:14:29 +0000] "GET /api/edu/measures/detail?measureId=1 HTTP/1.1" 304 - "https://servicewechat.com/wx4be232a02d452c65/devtools/page-frame.html" "Mozilla/5.0 (iPhone; CPU iPhone OS 10_3_1 like Mac OS X) AppleWebKit/603.1.3 (KHTML, like Gecko) Version/10.0 Mobile/14E304 Safari/602.1 wechatdevtools/1.05.2105170 MicroMessenger/7.0.4 Language/zh_CN webview/"
::ffff:202.193.57.228 - - [23/Jul/2021:14:16:10 +0000] "GET /api/edu/teacher/get HTTP/1.1" 200 1142 "-" "Mozilla/5.0 (Windows NT 10.0; Win64; x64) AppleWebKit/537.36 (KHTML, like Gecko) Chrome/92.0.4515.107 Safari/537.36"
::ffff:10.37.42.238 - - [23/Jul/2021:14:19:59 +0000] "GET /api/edu/student/getUnQualifiedScores?studentId=1 HTTP/1.1" 304 - "https://servicewechat.com/wx4be232a02d452c65/devtools/page-frame.html" "Mozilla/5.0 (iPhone; CPU iPhone OS 10_3_1 like Mac OS X) AppleWebKit/603.1.3 (KHTML, like Gecko) Version/10.0 Mobile/14E304 Safari/602.1 wechatdevtools/1.05.2105170 MicroMessenger/7.0.4 Language/zh_CN webview/"
::ffff:10.37.42.238 - - [23/Jul/2021:14:19:59 +0000] "GET /api/edu/student/getQualifiedScores?studentId=1 HTTP/1.1" 304 - "https://servicewechat.com/wx4be232a02d452c65/devtools/page-frame.html" "Mozilla/5.0 (iPhone; CPU iPhone OS 10_3_1 like Mac OS X) AppleWebKit/603.1.3 (KHTML, like Gecko) Version/10.0 Mobile/14E304 Safari/602.1 wechatdevtools/1.05.2105170 MicroMessenger/7.0.4 Language/zh_CN webview/"
::ffff:10.37.42.238 - - [23/Jul/2021:14:20:01 +0000] "GET /api/edu/course/detail?studentId=1&course_id=1 HTTP/1.1" 304 - "https://servicewechat.com/wx4be232a02d452c65/devtools/page-frame.html" "Mozilla/5.0 (iPhone; CPU iPhone OS 10_3_1 like Mac OS X) AppleWebKit/603.1.3 (KHTML, like Gecko) Version/10.0 Mobile/14E304 Safari/602.1 wechatdevtools/1.05.2105170 MicroMessenger/7.0.4 Language/zh_CN webview/"
::ffff:10.37.42.238 - - [23/Jul/2021:14:20:03 +0000] "GET /api/edu/measures/get?score_id=1 HTTP/1.1" 304 - "https://servicewechat.com/wx4be232a02d452c65/devtools/page-frame.html" "Mozilla/5.0 (iPhone; CPU iPhone OS 10_3_1 like Mac OS X) AppleWebKit/603.1.3 (KHTML, like Gecko) Version/10.0 Mobile/14E304 Safari/602.1 wechatdevtools/1.05.2105170 MicroMessenger/7.0.4 Language/zh_CN webview/"
::ffff:10.37.42.238 - - [23/Jul/2021:14:20:04 +0000] "GET /api/edu/measures/detail?measureId=1 HTTP/1.1" 304 - "https://servicewechat.com/wx4be232a02d452c65/devtools/page-frame.html" "Mozilla/5.0 (iPhone; CPU iPhone OS 10_3_1 like Mac OS X) AppleWebKit/603.1.3 (KHTML, like Gecko) Version/10.0 Mobile/14E304 Safari/602.1 wechatdevtools/1.05.2105170 MicroMessenger/7.0.4 Language/zh_CN webview/"
::ffff:10.37.42.238 - - [23/Jul/2021:14:20:43 +0000] "GET /api/edu/student/getUnQualifiedScores?studentId=1 HTTP/1.1" 304 - "https://servicewechat.com/wx4be232a02d452c65/devtools/page-frame.html" "Mozilla/5.0 (iPhone; CPU iPhone OS 10_3_1 like Mac OS X) AppleWebKit/603.1.3 (KHTML, like Gecko) Version/10.0 Mobile/14E304 Safari/602.1 wechatdevtools/1.05.2105170 MicroMessenger/7.0.4 Language/zh_CN webview/"
::ffff:10.37.42.238 - - [23/Jul/2021:14:20:43 +0000] "GET /api/edu/student/getQualifiedScores?studentId=1 HTTP/1.1" 304 - "https://servicewechat.com/wx4be232a02d452c65/devtools/page-frame.html" "Mozilla/5.0 (iPhone; CPU iPhone OS 10_3_1 like Mac OS X) AppleWebKit/603.1.3 (KHTML, like Gecko) Version/10.0 Mobile/14E304 Safari/602.1 wechatdevtools/1.05.2105170 MicroMessenger/7.0.4 Language/zh_CN webview/"
::ffff:10.37.42.238 - - [23/Jul/2021:14:20:44 +0000] "GET /api/edu/course/detail?studentId=1&course_id=1 HTTP/1.1" 304 - "https://servicewechat.com/wx4be232a02d452c65/devtools/page-frame.html" "Mozilla/5.0 (iPhone; CPU iPhone OS 10_3_1 like Mac OS X) AppleWebKit/603.1.3 (KHTML, like Gecko) Version/10.0 Mobile/14E304 Safari/602.1 wechatdevtools/1.05.2105170 MicroMessenger/7.0.4 Language/zh_CN webview/"
::ffff:10.37.42.238 - - [23/Jul/2021:14:20:46 +0000] "GET /api/edu/measures/get?score_id=1 HTTP/1.1" 304 - "https://servicewechat.com/wx4be232a02d452c65/devtools/page-frame.html" "Mozilla/5.0 (iPhone; CPU iPhone OS 10_3_1 like Mac OS X) AppleWebKit/603.1.3 (KHTML, like Gecko) Version/10.0 Mobile/14E304 Safari/602.1 wechatdevtools/1.05.2105170 MicroMessenger/7.0.4 Language/zh_CN webview/"
::ffff:10.37.42.238 - - [23/Jul/2021:14:20:48 +0000] "GET /api/edu/measures/detail?measureId=1 HTTP/1.1" 304 - "https://servicewechat.com/wx4be232a02d452c65/devtools/page-frame.html" "Mozilla/5.0 (iPhone; CPU iPhone OS 10_3_1 like Mac OS X) AppleWebKit/603.1.3 (KHTML, like Gecko) Version/10.0 Mobile/14E304 Safari/602.1 wechatdevtools/1.05.2105170 MicroMessenger/7.0.4 Language/zh_CN webview/"
::ffff:10.37.42.238 - - [23/Jul/2021:14:20:59 +0000] "GET /api/edu/student/getUnQualifiedScores?studentId=1 HTTP/1.1" 304 - "https://servicewechat.com/wx4be232a02d452c65/devtools/page-frame.html" "Mozilla/5.0 (iPhone; CPU iPhone OS 10_3_1 like Mac OS X) AppleWebKit/603.1.3 (KHTML, like Gecko) Version/10.0 Mobile/14E304 Safari/602.1 wechatdevtools/1.05.2105170 MicroMessenger/7.0.4 Language/zh_CN webview/"
::ffff:10.37.42.238 - - [23/Jul/2021:14:20:59 +0000] "GET /api/edu/student/getQualifiedScores?studentId=1 HTTP/1.1" 304 - "https://servicewechat.com/wx4be232a02d452c65/devtools/page-frame.html" "Mozilla/5.0 (iPhone; CPU iPhone OS 10_3_1 like Mac OS X) AppleWebKit/603.1.3 (KHTML, like Gecko) Version/10.0 Mobile/14E304 Safari/602.1 wechatdevtools/1.05.2105170 MicroMessenger/7.0.4 Language/zh_CN webview/"
::ffff:10.37.42.238 - - [23/Jul/2021:14:21:13 +0000] "GET /api/edu/course/detail?studentId=1&course_id=1 HTTP/1.1" 304 - "https://servicewechat.com/wx4be232a02d452c65/devtools/page-frame.html" "Mozilla/5.0 (iPhone; CPU iPhone OS 10_3_1 like Mac OS X) AppleWebKit/603.1.3 (KHTML, like Gecko) Version/10.0 Mobile/14E304 Safari/602.1 wechatdevtools/1.05.2105170 MicroMessenger/7.0.4 Language/zh_CN webview/"
::ffff:10.37.42.238 - - [23/Jul/2021:14:21:15 +0000] "GET /api/edu/measures/get?score_id=1 HTTP/1.1" 304 - "https://servicewechat.com/wx4be232a02d452c65/devtools/page-frame.html" "Mozilla/5.0 (iPhone; CPU iPhone OS 10_3_1 like Mac OS X) AppleWebKit/603.1.3 (KHTML, like Gecko) Version/10.0 Mobile/14E304 Safari/602.1 wechatdevtools/1.05.2105170 MicroMessenger/7.0.4 Language/zh_CN webview/"
::ffff:10.37.42.238 - - [23/Jul/2021:14:21:17 +0000] "GET /api/edu/measures/detail?measureId=1 HTTP/1.1" 304 - "https://servicewechat.com/wx4be232a02d452c65/devtools/page-frame.html" "Mozilla/5.0 (iPhone; CPU iPhone OS 10_3_1 like Mac OS X) AppleWebKit/603.1.3 (KHTML, like Gecko) Version/10.0 Mobile/14E304 Safari/602.1 wechatdevtools/1.05.2105170 MicroMessenger/7.0.4 Language/zh_CN webview/"
::ffff:202.193.57.228 - - [23/Jul/2021:14:21:21 +0000] "GET /api/edu/teacher/get HTTP/1.1" 304 - "http://localhost:9528/" "Mozilla/5.0 (Windows NT 10.0; Win64; x64) AppleWebKit/537.36 (KHTML, like Gecko) Chrome/92.0.4515.107 Safari/537.36"
::ffff:202.193.57.228 - - [23/Jul/2021:14:21:21 +0000] "GET /api/edu/teacher/get HTTP/1.1" 304 - "http://localhost:9528/" "Mozilla/5.0 (Windows NT 10.0; Win64; x64) AppleWebKit/537.36 (KHTML, like Gecko) Chrome/92.0.4515.107 Safari/537.36"
::ffff:10.37.42.238 - - [23/Jul/2021:14:21:34 +0000] "GET /api/edu/student/getUnQualifiedScores?studentId=1 HTTP/1.1" 304 - "https://servicewechat.com/wx4be232a02d452c65/devtools/page-frame.html" "Mozilla/5.0 (iPhone; CPU iPhone OS 10_3_1 like Mac OS X) AppleWebKit/603.1.3 (KHTML, like Gecko) Version/10.0 Mobile/14E304 Safari/602.1 wechatdevtools/1.05.2105170 MicroMessenger/7.0.4 Language/zh_CN webview/"
::ffff:10.37.42.238 - - [23/Jul/2021:14:21:34 +0000] "GET /api/edu/student/getQualifiedScores?studentId=1 HTTP/1.1" 304 - "https://servicewechat.com/wx4be232a02d452c65/devtools/page-frame.html" "Mozilla/5.0 (iPhone; CPU iPhone OS 10_3_1 like Mac OS X) AppleWebKit/603.1.3 (KHTML, like Gecko) Version/10.0 Mobile/14E304 Safari/602.1 wechatdevtools/1.05.2105170 MicroMessenger/7.0.4 Language/zh_CN webview/"
::ffff:10.37.42.238 - - [23/Jul/2021:14:21:36 +0000] "GET /api/edu/course/detail?studentId=1&course_id=1 HTTP/1.1" 304 - "https://servicewechat.com/wx4be232a02d452c65/devtools/page-frame.html" "Mozilla/5.0 (iPhone; CPU iPhone OS 10_3_1 like Mac OS X) AppleWebKit/603.1.3 (KHTML, like Gecko) Version/10.0 Mobile/14E304 Safari/602.1 wechatdevtools/1.05.2105170 MicroMessenger/7.0.4 Language/zh_CN webview/"
::ffff:10.37.42.238 - - [23/Jul/2021:14:21:38 +0000] "GET /api/edu/measures/get?score_id=1 HTTP/1.1" 304 - "https://servicewechat.com/wx4be232a02d452c65/devtools/page-frame.html" "Mozilla/5.0 (iPhone; CPU iPhone OS 10_3_1 like Mac OS X) AppleWebKit/603.1.3 (KHTML, like Gecko) Version/10.0 Mobile/14E304 Safari/602.1 wechatdevtools/1.05.2105170 MicroMessenger/7.0.4 Language/zh_CN webview/"
::ffff:10.37.42.238 - - [23/Jul/2021:14:21:39 +0000] "GET /api/edu/measures/detail?measureId=1 HTTP/1.1" 304 - "https://servicewechat.com/wx4be232a02d452c65/devtools/page-frame.html" "Mozilla/5.0 (iPhone; CPU iPhone OS 10_3_1 like Mac OS X) AppleWebKit/603.1.3 (KHTML, like Gecko) Version/10.0 Mobile/14E304 Safari/602.1 wechatdevtools/1.05.2105170 MicroMessenger/7.0.4 Language/zh_CN webview/"
::ffff:10.37.42.238 - - [23/Jul/2021:14:22:30 +0000] "GET /api/edu/student/getUnQualifiedScores?studentId=1 HTTP/1.1" 304 - "https://servicewechat.com/wx4be232a02d452c65/devtools/page-frame.html" "Mozilla/5.0 (iPhone; CPU iPhone OS 10_3_1 like Mac OS X) AppleWebKit/603.1.3 (KHTML, like Gecko) Version/10.0 Mobile/14E304 Safari/602.1 wechatdevtools/1.05.2105170 MicroMessenger/7.0.4 Language/zh_CN webview/"
::ffff:10.37.42.238 - - [23/Jul/2021:14:22:30 +0000] "GET /api/edu/student/getQualifiedScores?studentId=1 HTTP/1.1" 304 - "https://servicewechat.com/wx4be232a02d452c65/devtools/page-frame.html" "Mozilla/5.0 (iPhone; CPU iPhone OS 10_3_1 like Mac OS X) AppleWebKit/603.1.3 (KHTML, like Gecko) Version/10.0 Mobile/14E304 Safari/602.1 wechatdevtools/1.05.2105170 MicroMessenger/7.0.4 Language/zh_CN webview/"
::ffff:202.193.57.228 - - [23/Jul/2021:14:22:30 +0000] "GET /api/edu/teacher/get HTTP/1.1" 304 - "http://localhost:9528/" "Mozilla/5.0 (Windows NT 10.0; Win64; x64) AppleWebKit/537.36 (KHTML, like Gecko) Chrome/92.0.4515.107 Safari/537.36"
::ffff:202.193.57.228 - - [23/Jul/2021:14:22:30 +0000] "GET /api/edu/teacher/get HTTP/1.1" 304 - "http://localhost:9528/" "Mozilla/5.0 (Windows NT 10.0; Win64; x64) AppleWebKit/537.36 (KHTML, like Gecko) Chrome/92.0.4515.107 Safari/537.36"
::ffff:10.37.42.238 - - [23/Jul/2021:14:22:39 +0000] "GET /api/edu/course/detail?studentId=1&course_id=1 HTTP/1.1" 304 - "https://servicewechat.com/wx4be232a02d452c65/devtools/page-frame.html" "Mozilla/5.0 (iPhone; CPU iPhone OS 10_3_1 like Mac OS X) AppleWebKit/603.1.3 (KHTML, like Gecko) Version/10.0 Mobile/14E304 Safari/602.1 wechatdevtools/1.05.2105170 MicroMessenger/7.0.4 Language/zh_CN webview/"
::ffff:10.37.42.238 - - [23/Jul/2021:14:22:41 +0000] "GET /api/edu/measures/get?score_id=1 HTTP/1.1" 304 - "https://servicewechat.com/wx4be232a02d452c65/devtools/page-frame.html" "Mozilla/5.0 (iPhone; CPU iPhone OS 10_3_1 like Mac OS X) AppleWebKit/603.1.3 (KHTML, like Gecko) Version/10.0 Mobile/14E304 Safari/602.1 wechatdevtools/1.05.2105170 MicroMessenger/7.0.4 Language/zh_CN webview/"
::ffff:10.37.42.238 - - [23/Jul/2021:14:22:43 +0000] "GET /api/edu/measures/detail?measureId=1 HTTP/1.1" 304 - "https://servicewechat.com/wx4be232a02d452c65/devtools/page-frame.html" "Mozilla/5.0 (iPhone; CPU iPhone OS 10_3_1 like Mac OS X) AppleWebKit/603.1.3 (KHTML, like Gecko) Version/10.0 Mobile/14E304 Safari/602.1 wechatdevtools/1.05.2105170 MicroMessenger/7.0.4 Language/zh_CN webview/"
::ffff:10.37.42.238 - - [23/Jul/2021:14:23:11 +0000] "GET /api/edu/student/getUnQualifiedScores?studentId=1 HTTP/1.1" 304 - "https://servicewechat.com/wx4be232a02d452c65/devtools/page-frame.html" "Mozilla/5.0 (iPhone; CPU iPhone OS 10_3_1 like Mac OS X) AppleWebKit/603.1.3 (KHTML, like Gecko) Version/10.0 Mobile/14E304 Safari/602.1 wechatdevtools/1.05.2105170 MicroMessenger/7.0.4 Language/zh_CN webview/"
::ffff:10.37.42.238 - - [23/Jul/2021:14:23:11 +0000] "GET /api/edu/student/getQualifiedScores?studentId=1 HTTP/1.1" 304 - "https://servicewechat.com/wx4be232a02d452c65/devtools/page-frame.html" "Mozilla/5.0 (iPhone; CPU iPhone OS 10_3_1 like Mac OS X) AppleWebKit/603.1.3 (KHTML, like Gecko) Version/10.0 Mobile/14E304 Safari/602.1 wechatdevtools/1.05.2105170 MicroMessenger/7.0.4 Language/zh_CN webview/"
::ffff:10.37.42.238 - - [23/Jul/2021:14:23:13 +0000] "GET /api/edu/course/detail?studentId=1&course_id=1 HTTP/1.1" 304 - "https://servicewechat.com/wx4be232a02d452c65/devtools/page-frame.html" "Mozilla/5.0 (iPhone; CPU iPhone OS 10_3_1 like Mac OS X) AppleWebKit/603.1.3 (KHTML, like Gecko) Version/10.0 Mobile/14E304 Safari/602.1 wechatdevtools/1.05.2105170 MicroMessenger/7.0.4 Language/zh_CN webview/"
::ffff:10.37.42.238 - - [23/Jul/2021:14:23:15 +0000] "GET /api/edu/measures/get?score_id=1 HTTP/1.1" 304 - "https://servicewechat.com/wx4be232a02d452c65/devtools/page-frame.html" "Mozilla/5.0 (iPhone; CPU iPhone OS 10_3_1 like Mac OS X) AppleWebKit/603.1.3 (KHTML, like Gecko) Version/10.0 Mobile/14E304 Safari/602.1 wechatdevtools/1.05.2105170 MicroMessenger/7.0.4 Language/zh_CN webview/"
::ffff:10.37.42.238 - - [23/Jul/2021:14:23:16 +0000] "GET /api/edu/measures/detail?measureId=1 HTTP/1.1" 304 - "https://servicewechat.com/wx4be232a02d452c65/devtools/page-frame.html" "Mozilla/5.0 (iPhone; CPU iPhone OS 10_3_1 like Mac OS X) AppleWebKit/603.1.3 (KHTML, like Gecko) Version/10.0 Mobile/14E304 Safari/602.1 wechatdevtools/1.05.2105170 MicroMessenger/7.0.4 Language/zh_CN webview/"
::ffff:10.37.42.238 - - [23/Jul/2021:14:23:39 +0000] "GET /api/edu/student/getUnQualifiedScores?studentId=1 HTTP/1.1" 304 - "https://servicewechat.com/wx4be232a02d452c65/devtools/page-frame.html" "Mozilla/5.0 (iPhone; CPU iPhone OS 10_3_1 like Mac OS X) AppleWebKit/603.1.3 (KHTML, like Gecko) Version/10.0 Mobile/14E304 Safari/602.1 wechatdevtools/1.05.2105170 MicroMessenger/7.0.4 Language/zh_CN webview/"
::ffff:10.37.42.238 - - [23/Jul/2021:14:23:39 +0000] "GET /api/edu/student/getQualifiedScores?studentId=1 HTTP/1.1" 304 - "https://servicewechat.com/wx4be232a02d452c65/devtools/page-frame.html" "Mozilla/5.0 (iPhone; CPU iPhone OS 10_3_1 like Mac OS X) AppleWebKit/603.1.3 (KHTML, like Gecko) Version/10.0 Mobile/14E304 Safari/602.1 wechatdevtools/1.05.2105170 MicroMessenger/7.0.4 Language/zh_CN webview/"
::ffff:10.37.42.238 - - [23/Jul/2021:14:23:41 +0000] "GET /api/edu/course/detail?studentId=1&course_id=1 HTTP/1.1" 304 - "https://servicewechat.com/wx4be232a02d452c65/devtools/page-frame.html" "Mozilla/5.0 (iPhone; CPU iPhone OS 10_3_1 like Mac OS X) AppleWebKit/603.1.3 (KHTML, like Gecko) Version/10.0 Mobile/14E304 Safari/602.1 wechatdevtools/1.05.2105170 MicroMessenger/7.0.4 Language/zh_CN webview/"
::ffff:10.37.42.238 - - [23/Jul/2021:14:23:43 +0000] "GET /api/edu/measures/get?score_id=1 HTTP/1.1" 304 - "https://servicewechat.com/wx4be232a02d452c65/devtools/page-frame.html" "Mozilla/5.0 (iPhone; CPU iPhone OS 10_3_1 like Mac OS X) AppleWebKit/603.1.3 (KHTML, like Gecko) Version/10.0 Mobile/14E304 Safari/602.1 wechatdevtools/1.05.2105170 MicroMessenger/7.0.4 Language/zh_CN webview/"
::ffff:10.37.42.238 - - [23/Jul/2021:14:23:45 +0000] "GET /api/edu/measures/detail?measureId=1 HTTP/1.1" 304 - "https://servicewechat.com/wx4be232a02d452c65/devtools/page-frame.html" "Mozilla/5.0 (iPhone; CPU iPhone OS 10_3_1 like Mac OS X) AppleWebKit/603.1.3 (KHTML, like Gecko) Version/10.0 Mobile/14E304 Safari/602.1 wechatdevtools/1.05.2105170 MicroMessenger/7.0.4 Language/zh_CN webview/"
::ffff:202.193.57.228 - - [23/Jul/2021:14:23:56 +0000] "GET /api/edu/teacher/get HTTP/1.1" 304 - "http://localhost:9528/" "Mozilla/5.0 (Windows NT 10.0; Win64; x64) AppleWebKit/537.36 (KHTML, like Gecko) Chrome/92.0.4515.107 Safari/537.36"
::ffff:10.37.42.238 - - [23/Jul/2021:14:24:16 +0000] "GET /api/edu/student/getUnQualifiedScores?studentId=1 HTTP/1.1" 304 - "https://servicewechat.com/wx4be232a02d452c65/devtools/page-frame.html" "Mozilla/5.0 (iPhone; CPU iPhone OS 10_3_1 like Mac OS X) AppleWebKit/603.1.3 (KHTML, like Gecko) Version/10.0 Mobile/14E304 Safari/602.1 wechatdevtools/1.05.2105170 MicroMessenger/7.0.4 Language/zh_CN webview/"
::ffff:10.37.42.238 - - [23/Jul/2021:14:24:16 +0000] "GET /api/edu/student/getQualifiedScores?studentId=1 HTTP/1.1" 304 - "https://servicewechat.com/wx4be232a02d452c65/devtools/page-frame.html" "Mozilla/5.0 (iPhone; CPU iPhone OS 10_3_1 like Mac OS X) AppleWebKit/603.1.3 (KHTML, like Gecko) Version/10.0 Mobile/14E304 Safari/602.1 wechatdevtools/1.05.2105170 MicroMessenger/7.0.4 Language/zh_CN webview/"
::ffff:10.37.42.238 - - [23/Jul/2021:14:24:20 +0000] "GET /api/edu/course/detail?studentId=1&course_id=1 HTTP/1.1" 304 - "https://servicewechat.com/wx4be232a02d452c65/devtools/page-frame.html" "Mozilla/5.0 (iPhone; CPU iPhone OS 10_3_1 like Mac OS X) AppleWebKit/603.1.3 (KHTML, like Gecko) Version/10.0 Mobile/14E304 Safari/602.1 wechatdevtools/1.05.2105170 MicroMessenger/7.0.4 Language/zh_CN webview/"
::ffff:202.193.57.228 - - [23/Jul/2021:14:24:37 +0000] "GET /api/edu/teacher/get HTTP/1.1" 304 - "http://localhost:9528/" "Mozilla/5.0 (Windows NT 10.0; Win64; x64) AppleWebKit/537.36 (KHTML, like Gecko) Chrome/92.0.4515.107 Safari/537.36"
::ffff:10.37.42.238 - - [23/Jul/2021:14:25:19 +0000] "GET /api/edu/student/getUnQualifiedScores?studentId=1 HTTP/1.1" 304 - "https://servicewechat.com/wx4be232a02d452c65/devtools/page-frame.html" "Mozilla/5.0 (iPhone; CPU iPhone OS 10_3_1 like Mac OS X) AppleWebKit/603.1.3 (KHTML, like Gecko) Version/10.0 Mobile/14E304 Safari/602.1 wechatdevtools/1.05.2105170 MicroMessenger/7.0.4 Language/zh_CN webview/"
::ffff:10.37.42.238 - - [23/Jul/2021:14:25:19 +0000] "GET /api/edu/student/getQualifiedScores?studentId=1 HTTP/1.1" 304 - "https://servicewechat.com/wx4be232a02d452c65/devtools/page-frame.html" "Mozilla/5.0 (iPhone; CPU iPhone OS 10_3_1 like Mac OS X) AppleWebKit/603.1.3 (KHTML, like Gecko) Version/10.0 Mobile/14E304 Safari/602.1 wechatdevtools/1.05.2105170 MicroMessenger/7.0.4 Language/zh_CN webview/"
::ffff:202.193.57.228 - - [23/Jul/2021:14:27:59 +0000] "GET /api/edu/class/get?curPage=1 HTTP/1.1" 304 - "http://localhost:9528/" "Mozilla/5.0 (Windows NT 10.0; Win64; x64) AppleWebKit/537.36 (KHTML, like Gecko) Chrome/92.0.4515.107 Safari/537.36"
::ffff:10.37.42.238 - - [23/Jul/2021:14:29:06 +0000] "GET /api/edu/student/getUnQualifiedScores?studentId=1 HTTP/1.1" 304 - "https://servicewechat.com/wx4be232a02d452c65/devtools/page-frame.html" "Mozilla/5.0 (iPhone; CPU iPhone OS 10_3_1 like Mac OS X) AppleWebKit/603.1.3 (KHTML, like Gecko) Version/10.0 Mobile/14E304 Safari/602.1 wechatdevtools/1.05.2105170 MicroMessenger/7.0.4 Language/zh_CN webview/"
::ffff:10.37.42.238 - - [23/Jul/2021:14:29:06 +0000] "GET /api/edu/student/getQualifiedScores?studentId=1 HTTP/1.1" 304 - "https://servicewechat.com/wx4be232a02d452c65/devtools/page-frame.html" "Mozilla/5.0 (iPhone; CPU iPhone OS 10_3_1 like Mac OS X) AppleWebKit/603.1.3 (KHTML, like Gecko) Version/10.0 Mobile/14E304 Safari/602.1 wechatdevtools/1.05.2105170 MicroMessenger/7.0.4 Language/zh_CN webview/"
::ffff:10.37.42.238 - - [23/Jul/2021:14:29:07 +0000] "GET /api/edu/course/detail?studentId=1&course_id=1 HTTP/1.1" 304 - "https://servicewechat.com/wx4be232a02d452c65/devtools/page-frame.html" "Mozilla/5.0 (iPhone; CPU iPhone OS 10_3_1 like Mac OS X) AppleWebKit/603.1.3 (KHTML, like Gecko) Version/10.0 Mobile/14E304 Safari/602.1 wechatdevtools/1.05.2105170 MicroMessenger/7.0.4 Language/zh_CN webview/"
::ffff:10.37.42.238 - - [23/Jul/2021:14:29:09 +0000] "GET /api/edu/measures/get?score_id=1 HTTP/1.1" 304 - "https://servicewechat.com/wx4be232a02d452c65/devtools/page-frame.html" "Mozilla/5.0 (iPhone; CPU iPhone OS 10_3_1 like Mac OS X) AppleWebKit/603.1.3 (KHTML, like Gecko) Version/10.0 Mobile/14E304 Safari/602.1 wechatdevtools/1.05.2105170 MicroMessenger/7.0.4 Language/zh_CN webview/"
::ffff:10.37.42.238 - - [23/Jul/2021:14:29:12 +0000] "GET /api/edu/measures/detail?measureId=1 HTTP/1.1" 304 - "https://servicewechat.com/wx4be232a02d452c65/devtools/page-frame.html" "Mozilla/5.0 (iPhone; CPU iPhone OS 10_3_1 like Mac OS X) AppleWebKit/603.1.3 (KHTML, like Gecko) Version/10.0 Mobile/14E304 Safari/602.1 wechatdevtools/1.05.2105170 MicroMessenger/7.0.4 Language/zh_CN webview/"
::ffff:10.37.42.238 - - [23/Jul/2021:14:29:13 +0000] "GET /api/edu/files/show?file_name=1626608659277-download.jpg HTTP/1.1" 200 - "https://servicewechat.com/wx4be232a02d452c65/devtools/page-frame.html" "Mozilla/5.0 (iPhone; CPU iPhone OS 10_3_1 like Mac OS X) AppleWebKit/603.1.3 (KHTML, like Gecko) Version/10.0 Mobile/14E304 Safari/602.1 wechatdevtools/1.05.2105170 MicroMessenger/7.0.4 Language/zh_CN webview/95 desktopapp miniprogram port/38107 token/9bdb8393dcf3c3fd5141351815a748ba runtime/2"
::ffff:202.193.57.228 - - [23/Jul/2021:14:29:17 +0000] "GET /api/edu/teacher/get HTTP/1.1" 304 - "http://localhost:9528/" "Mozilla/5.0 (Windows NT 10.0; Win64; x64) AppleWebKit/537.36 (KHTML, like Gecko) Chrome/92.0.4515.107 Safari/537.36"
::ffff:202.193.57.228 - - [23/Jul/2021:14:29:17 +0000] "GET /api/edu/teacher/get HTTP/1.1" 304 - "http://localhost:9528/" "Mozilla/5.0 (Windows NT 10.0; Win64; x64) AppleWebKit/537.36 (KHTML, like Gecko) Chrome/92.0.4515.107 Safari/537.36"
::ffff:10.37.42.238 - - [23/Jul/2021:14:30:28 +0000] "GET /api/edu/student/getUnQualifiedScores?studentId=1 HTTP/1.1" 304 - "https://servicewechat.com/wx4be232a02d452c65/devtools/page-frame.html" "Mozilla/5.0 (iPhone; CPU iPhone OS 10_3_1 like Mac OS X) AppleWebKit/603.1.3 (KHTML, like Gecko) Version/10.0 Mobile/14E304 Safari/602.1 wechatdevtools/1.05.2105170 MicroMessenger/7.0.4 Language/zh_CN webview/"
::ffff:10.37.42.238 - - [23/Jul/2021:14:30:28 +0000] "GET /api/edu/student/getQualifiedScores?studentId=1 HTTP/1.1" 304 - "https://servicewechat.com/wx4be232a02d452c65/devtools/page-frame.html" "Mozilla/5.0 (iPhone; CPU iPhone OS 10_3_1 like Mac OS X) AppleWebKit/603.1.3 (KHTML, like Gecko) Version/10.0 Mobile/14E304 Safari/602.1 wechatdevtools/1.05.2105170 MicroMessenger/7.0.4 Language/zh_CN webview/"
::ffff:10.37.42.238 - - [23/Jul/2021:14:30:30 +0000] "GET /api/edu/course/detail?studentId=1&course_id=1 HTTP/1.1" 304 - "https://servicewechat.com/wx4be232a02d452c65/devtools/page-frame.html" "Mozilla/5.0 (iPhone; CPU iPhone OS 10_3_1 like Mac OS X) AppleWebKit/603.1.3 (KHTML, like Gecko) Version/10.0 Mobile/14E304 Safari/602.1 wechatdevtools/1.05.2105170 MicroMessenger/7.0.4 Language/zh_CN webview/"
::ffff:10.37.42.238 - - [23/Jul/2021:14:30:32 +0000] "GET /api/edu/measures/get?score_id=1 HTTP/1.1" 304 - "https://servicewechat.com/wx4be232a02d452c65/devtools/page-frame.html" "Mozilla/5.0 (iPhone; CPU iPhone OS 10_3_1 like Mac OS X) AppleWebKit/603.1.3 (KHTML, like Gecko) Version/10.0 Mobile/14E304 Safari/602.1 wechatdevtools/1.05.2105170 MicroMessenger/7.0.4 Language/zh_CN webview/"
::ffff:10.37.42.238 - - [23/Jul/2021:14:30:34 +0000] "GET /api/edu/measures/detail?measureId=1 HTTP/1.1" 304 - "https://servicewechat.com/wx4be232a02d452c65/devtools/page-frame.html" "Mozilla/5.0 (iPhone; CPU iPhone OS 10_3_1 like Mac OS X) AppleWebKit/603.1.3 (KHTML, like Gecko) Version/10.0 Mobile/14E304 Safari/602.1 wechatdevtools/1.05.2105170 MicroMessenger/7.0.4 Language/zh_CN webview/"
::ffff:10.37.42.238 - - [23/Jul/2021:14:30:34 +0000] "GET /api/edu/files/show?file_name=1626608659277-download.jpg HTTP/1.1" 200 - "https://servicewechat.com/wx4be232a02d452c65/devtools/page-frame.html" "Mozilla/5.0 (iPhone; CPU iPhone OS 10_3_1 like Mac OS X) AppleWebKit/603.1.3 (KHTML, like Gecko) Version/10.0 Mobile/14E304 Safari/602.1 wechatdevtools/1.05.2105170 MicroMessenger/7.0.4 Language/zh_CN webview/99 desktopapp miniprogram port/38107 token/9bdb8393dcf3c3fd5141351815a748ba runtime/2"
::ffff:202.193.57.228 - - [23/Jul/2021:14:31:12 +0000] "GET /api/edu/teacher/get HTTP/1.1" 304 - "http://localhost:9528/" "Mozilla/5.0 (Windows NT 10.0; Win64; x64) AppleWebKit/537.36 (KHTML, like Gecko) Chrome/92.0.4515.107 Safari/537.36"
::ffff:202.193.57.228 - - [23/Jul/2021:14:31:12 +0000] "GET /api/edu/teacher/get HTTP/1.1" 304 - "http://localhost:9528/" "Mozilla/5.0 (Windows NT 10.0; Win64; x64) AppleWebKit/537.36 (KHTML, like Gecko) Chrome/92.0.4515.107 Safari/537.36"
::ffff:202.193.57.228 - - [23/Jul/2021:14:31:41 +0000] "GET /api/edu/teacher/get HTTP/1.1" 304 - "http://localhost:9528/" "Mozilla/5.0 (Windows NT 10.0; Win64; x64) AppleWebKit/537.36 (KHTML, like Gecko) Chrome/92.0.4515.107 Safari/537.36"
::ffff:10.37.42.238 - - [23/Jul/2021:14:31:44 +0000] "GET /api/edu/student/getUnQualifiedScores?studentId=1 HTTP/1.1" 304 - "https://servicewechat.com/wx4be232a02d452c65/devtools/page-frame.html" "Mozilla/5.0 (iPhone; CPU iPhone OS 10_3_1 like Mac OS X) AppleWebKit/603.1.3 (KHTML, like Gecko) Version/10.0 Mobile/14E304 Safari/602.1 wechatdevtools/1.05.2105170 MicroMessenger/7.0.4 Language/zh_CN webview/"
::ffff:10.37.42.238 - - [23/Jul/2021:14:31:44 +0000] "GET /api/edu/student/getQualifiedScores?studentId=1 HTTP/1.1" 304 - "https://servicewechat.com/wx4be232a02d452c65/devtools/page-frame.html" "Mozilla/5.0 (iPhone; CPU iPhone OS 10_3_1 like Mac OS X) AppleWebKit/603.1.3 (KHTML, like Gecko) Version/10.0 Mobile/14E304 Safari/602.1 wechatdevtools/1.05.2105170 MicroMessenger/7.0.4 Language/zh_CN webview/"
::ffff:10.37.42.238 - - [23/Jul/2021:14:31:49 +0000] "GET /api/edu/course/detail?studentId=1&course_id=1 HTTP/1.1" 304 - "https://servicewechat.com/wx4be232a02d452c65/devtools/page-frame.html" "Mozilla/5.0 (iPhone; CPU iPhone OS 10_3_1 like Mac OS X) AppleWebKit/603.1.3 (KHTML, like Gecko) Version/10.0 Mobile/14E304 Safari/602.1 wechatdevtools/1.05.2105170 MicroMessenger/7.0.4 Language/zh_CN webview/"
::ffff:10.37.42.238 - - [23/Jul/2021:14:31:51 +0000] "GET /api/edu/measures/get?score_id=1 HTTP/1.1" 304 - "https://servicewechat.com/wx4be232a02d452c65/devtools/page-frame.html" "Mozilla/5.0 (iPhone; CPU iPhone OS 10_3_1 like Mac OS X) AppleWebKit/603.1.3 (KHTML, like Gecko) Version/10.0 Mobile/14E304 Safari/602.1 wechatdevtools/1.05.2105170 MicroMessenger/7.0.4 Language/zh_CN webview/"
::ffff:10.37.42.238 - - [23/Jul/2021:14:31:53 +0000] "GET /api/edu/measures/detail?measureId=1 HTTP/1.1" 304 - "https://servicewechat.com/wx4be232a02d452c65/devtools/page-frame.html" "Mozilla/5.0 (iPhone; CPU iPhone OS 10_3_1 like Mac OS X) AppleWebKit/603.1.3 (KHTML, like Gecko) Version/10.0 Mobile/14E304 Safari/602.1 wechatdevtools/1.05.2105170 MicroMessenger/7.0.4 Language/zh_CN webview/"
::ffff:10.37.42.238 - - [23/Jul/2021:14:31:53 +0000] "GET /api/edu/files/show?file_name=1626608659277-download.jpg HTTP/1.1" 200 - "https://servicewechat.com/wx4be232a02d452c65/devtools/page-frame.html" "Mozilla/5.0 (iPhone; CPU iPhone OS 10_3_1 like Mac OS X) AppleWebKit/603.1.3 (KHTML, like Gecko) Version/10.0 Mobile/14E304 Safari/602.1 wechatdevtools/1.05.2105170 MicroMessenger/7.0.4 Language/zh_CN webview/103 desktopapp miniprogram port/38107 token/9bdb8393dcf3c3fd5141351815a748ba runtime/2"
::ffff:202.193.57.228 - - [23/Jul/2021:14:32:26 +0000] "GET /api/edu/class/get?curPage=1 HTTP/1.1" 304 - "http://localhost:9528/" "Mozilla/5.0 (Windows NT 10.0; Win64; x64) AppleWebKit/537.36 (KHTML, like Gecko) Chrome/92.0.4515.107 Safari/537.36"
::ffff:202.193.57.228 - - [23/Jul/2021:14:32:28 +0000] "GET /api/edu/teacher/get HTTP/1.1" 304 - "http://localhost:9528/" "Mozilla/5.0 (Windows NT 10.0; Win64; x64) AppleWebKit/537.36 (KHTML, like Gecko) Chrome/92.0.4515.107 Safari/537.36"
::ffff:202.193.57.228 - - [23/Jul/2021:14:32:28 +0000] "GET /api/edu/teacher/get HTTP/1.1" 304 - "http://localhost:9528/" "Mozilla/5.0 (Windows NT 10.0; Win64; x64) AppleWebKit/537.36 (KHTML, like Gecko) Chrome/92.0.4515.107 Safari/537.36"
::ffff:10.37.42.238 - - [23/Jul/2021:14:32:40 +0000] "GET /api/edu/student/getUnQualifiedScores?studentId=1 HTTP/1.1" 304 - "https://servicewechat.com/wx4be232a02d452c65/devtools/page-frame.html" "Mozilla/5.0 (iPhone; CPU iPhone OS 10_3_1 like Mac OS X) AppleWebKit/603.1.3 (KHTML, like Gecko) Version/10.0 Mobile/14E304 Safari/602.1 wechatdevtools/1.05.2105170 MicroMessenger/7.0.4 Language/zh_CN webview/"
::ffff:10.37.42.238 - - [23/Jul/2021:14:32:40 +0000] "GET /api/edu/student/getQualifiedScores?studentId=1 HTTP/1.1" 304 - "https://servicewechat.com/wx4be232a02d452c65/devtools/page-frame.html" "Mozilla/5.0 (iPhone; CPU iPhone OS 10_3_1 like Mac OS X) AppleWebKit/603.1.3 (KHTML, like Gecko) Version/10.0 Mobile/14E304 Safari/602.1 wechatdevtools/1.05.2105170 MicroMessenger/7.0.4 Language/zh_CN webview/"
::ffff:10.37.42.238 - - [23/Jul/2021:14:32:42 +0000] "GET /api/edu/course/detail?studentId=1&course_id=1 HTTP/1.1" 304 - "https://servicewechat.com/wx4be232a02d452c65/devtools/page-frame.html" "Mozilla/5.0 (iPhone; CPU iPhone OS 10_3_1 like Mac OS X) AppleWebKit/603.1.3 (KHTML, like Gecko) Version/10.0 Mobile/14E304 Safari/602.1 wechatdevtools/1.05.2105170 MicroMessenger/7.0.4 Language/zh_CN webview/"
::ffff:10.37.42.238 - - [23/Jul/2021:14:32:43 +0000] "GET /api/edu/measures/get?score_id=1 HTTP/1.1" 304 - "https://servicewechat.com/wx4be232a02d452c65/devtools/page-frame.html" "Mozilla/5.0 (iPhone; CPU iPhone OS 10_3_1 like Mac OS X) AppleWebKit/603.1.3 (KHTML, like Gecko) Version/10.0 Mobile/14E304 Safari/602.1 wechatdevtools/1.05.2105170 MicroMessenger/7.0.4 Language/zh_CN webview/"
::ffff:10.37.42.238 - - [23/Jul/2021:14:32:45 +0000] "GET /api/edu/measures/detail?measureId=1 HTTP/1.1" 304 - "https://servicewechat.com/wx4be232a02d452c65/devtools/page-frame.html" "Mozilla/5.0 (iPhone; CPU iPhone OS 10_3_1 like Mac OS X) AppleWebKit/603.1.3 (KHTML, like Gecko) Version/10.0 Mobile/14E304 Safari/602.1 wechatdevtools/1.05.2105170 MicroMessenger/7.0.4 Language/zh_CN webview/"
::ffff:10.37.42.238 - - [23/Jul/2021:14:32:46 +0000] "GET /api/edu/files/show?file_name=1626608659277-download.jpg HTTP/1.1" 200 - "https://servicewechat.com/wx4be232a02d452c65/devtools/page-frame.html" "Mozilla/5.0 (iPhone; CPU iPhone OS 10_3_1 like Mac OS X) AppleWebKit/603.1.3 (KHTML, like Gecko) Version/10.0 Mobile/14E304 Safari/602.1 wechatdevtools/1.05.2105170 MicroMessenger/7.0.4 Language/zh_CN webview/107 desktopapp miniprogram port/38107 token/9bdb8393dcf3c3fd5141351815a748ba runtime/2"
::ffff:10.37.42.238 - - [23/Jul/2021:14:33:05 +0000] "GET /api/edu/student/getUnQualifiedScores?studentId=1 HTTP/1.1" 304 - "https://servicewechat.com/wx4be232a02d452c65/devtools/page-frame.html" "Mozilla/5.0 (iPhone; CPU iPhone OS 10_3_1 like Mac OS X) AppleWebKit/603.1.3 (KHTML, like Gecko) Version/10.0 Mobile/14E304 Safari/602.1 wechatdevtools/1.05.2105170 MicroMessenger/7.0.4 Language/zh_CN webview/"
::ffff:10.37.42.238 - - [23/Jul/2021:14:33:05 +0000] "GET /api/edu/student/getQualifiedScores?studentId=1 HTTP/1.1" 304 - "https://servicewechat.com/wx4be232a02d452c65/devtools/page-frame.html" "Mozilla/5.0 (iPhone; CPU iPhone OS 10_3_1 like Mac OS X) AppleWebKit/603.1.3 (KHTML, like Gecko) Version/10.0 Mobile/14E304 Safari/602.1 wechatdevtools/1.05.2105170 MicroMessenger/7.0.4 Language/zh_CN webview/"
::ffff:202.193.57.228 - - [23/Jul/2021:14:35:07 +0000] "GET /api/edu/teacher/get HTTP/1.1" 304 - "http://localhost:9528/" "Mozilla/5.0 (Windows NT 10.0; Win64; x64) AppleWebKit/537.36 (KHTML, like Gecko) Chrome/92.0.4515.107 Safari/537.36"
::ffff:202.193.57.228 - - [23/Jul/2021:14:35:07 +0000] "GET /api/edu/teacher/get HTTP/1.1" 304 - "http://localhost:9528/" "Mozilla/5.0 (Windows NT 10.0; Win64; x64) AppleWebKit/537.36 (KHTML, like Gecko) Chrome/92.0.4515.107 Safari/537.36"
::ffff:202.193.57.228 - - [23/Jul/2021:14:35:12 +0000] "GET /api/edu/class/get?curPage=1 HTTP/1.1" 304 - "http://localhost:9528/" "Mozilla/5.0 (Windows NT 10.0; Win64; x64) AppleWebKit/537.36 (KHTML, like Gecko) Chrome/92.0.4515.107 Safari/537.36"
::ffff:202.193.57.228 - - [23/Jul/2021:14:35:15 +0000] "GET /api/edu/teacher/get HTTP/1.1" 304 - "http://localhost:9528/" "Mozilla/5.0 (Windows NT 10.0; Win64; x64) AppleWebKit/537.36 (KHTML, like Gecko) Chrome/92.0.4515.107 Safari/537.36"
::ffff:202.193.57.228 - - [23/Jul/2021:14:35:15 +0000] "GET /api/edu/teacher/get HTTP/1.1" 304 - "http://localhost:9528/" "Mozilla/5.0 (Windows NT 10.0; Win64; x64) AppleWebKit/537.36 (KHTML, like Gecko) Chrome/92.0.4515.107 Safari/537.36"
::ffff:202.193.57.228 - - [23/Jul/2021:14:35:46 +0000] "GET /api/edu/teacher/get HTTP/1.1" 304 - "http://localhost:9528/" "Mozilla/5.0 (Windows NT 10.0; Win64; x64) AppleWebKit/537.36 (KHTML, like Gecko) Chrome/92.0.4515.107 Safari/537.36"
::ffff:202.193.57.228 - - [23/Jul/2021:14:36:16 +0000] "GET /api/edu/class/get?curPage=1 HTTP/1.1" 304 - "http://localhost:9528/" "Mozilla/5.0 (Windows NT 10.0; Win64; x64) AppleWebKit/537.36 (KHTML, like Gecko) Chrome/92.0.4515.107 Safari/537.36"
::ffff:202.193.57.228 - - [23/Jul/2021:14:36:17 +0000] "GET /api/edu/teacher/get HTTP/1.1" 304 - "http://localhost:9528/" "Mozilla/5.0 (Windows NT 10.0; Win64; x64) AppleWebKit/537.36 (KHTML, like Gecko) Chrome/92.0.4515.107 Safari/537.36"
::ffff:202.193.57.228 - - [23/Jul/2021:14:36:33 +0000] "GET /api/edu/teacher/get HTTP/1.1" 304 - "http://localhost:9528/" "Mozilla/5.0 (Windows NT 10.0; Win64; x64) AppleWebKit/537.36 (KHTML, like Gecko) Chrome/92.0.4515.107 Safari/537.36"
::ffff:202.193.57.228 - - [23/Jul/2021:14:36:44 +0000] "GET /api/edu/class/get?curPage=1 HTTP/1.1" 304 - "http://localhost:9528/" "Mozilla/5.0 (Windows NT 10.0; Win64; x64) AppleWebKit/537.36 (KHTML, like Gecko) Chrome/92.0.4515.107 Safari/537.36"
::ffff:202.193.57.228 - - [23/Jul/2021:14:36:46 +0000] "GET /api/edu/teacher/get HTTP/1.1" 304 - "http://localhost:9528/" "Mozilla/5.0 (Windows NT 10.0; Win64; x64) AppleWebKit/537.36 (KHTML, like Gecko) Chrome/92.0.4515.107 Safari/537.36"
::ffff:10.37.42.238 - - [23/Jul/2021:14:36:46 +0000] "GET /api/edu/student/getUnQualifiedScores?studentId=1 HTTP/1.1" 304 - "https://servicewechat.com/wx4be232a02d452c65/devtools/page-frame.html" "Mozilla/5.0 (iPhone; CPU iPhone OS 10_3_1 like Mac OS X) AppleWebKit/603.1.3 (KHTML, like Gecko) Version/10.0 Mobile/14E304 Safari/602.1 wechatdevtools/1.05.2105170 MicroMessenger/7.0.4 Language/zh_CN webview/"
::ffff:10.37.42.238 - - [23/Jul/2021:14:36:46 +0000] "GET /api/edu/student/getQualifiedScores?studentId=1 HTTP/1.1" 304 - "https://servicewechat.com/wx4be232a02d452c65/devtools/page-frame.html" "Mozilla/5.0 (iPhone; CPU iPhone OS 10_3_1 like Mac OS X) AppleWebKit/603.1.3 (KHTML, like Gecko) Version/10.0 Mobile/14E304 Safari/602.1 wechatdevtools/1.05.2105170 MicroMessenger/7.0.4 Language/zh_CN webview/"
