::ffff:10.37.42.238 - - [22/Jul/2021:05:54:23 +0000] "GET /api/edu/student/getQualifiedScores?studentId=1 HTTP/1.1" 304 - "https://servicewechat.com/wx4be232a02d452c65/devtools/page-frame.html" "Mozilla/5.0 (iPhone; CPU iPhone OS 10_3_1 like Mac OS X) AppleWebKit/603.1.3 (KHTML, like Gecko) Version/10.0 Mobile/14E304 Safari/602.1 wechatdevtools/1.05.2105170 MicroMessenger/7.0.4 Language/zh_CN webview/"
::1 - - [22/Jul/2021:06:05:34 +0000] "GET /api/edu/course/detail/20032303034 HTTP/1.1" - - "-" "Mozilla/5.0 (Windows NT 10.0; Win64; x64) AppleWebKit/537.36 (KHTML, like Gecko) Chrome/91.0.4472.124 Safari/537.36"
::1 - - [22/Jul/2021:06:06:20 +0000] "GET /api/edu/course/detail/20032303034 HTTP/1.1" - - "-" "Mozilla/5.0 (Windows NT 10.0; Win64; x64) AppleWebKit/537.36 (KHTML, like Gecko) Chrome/91.0.4472.124 Safari/537.36"
::1 - - [22/Jul/2021:06:06:46 +0000] "GET /api/edu/course/detail/20032303034 HTTP/1.1" 200 32 "-" "Mozilla/5.0 (Windows NT 10.0; Win64; x64) AppleWebKit/537.36 (KHTML, like Gecko) Chrome/91.0.4472.124 Safari/537.36"
::1 - - [22/Jul/2021:06:08:01 +0000] "GET /api/edu/course/detail/20032303034 HTTP/1.1" 304 - "-" "Mozilla/5.0 (Windows NT 10.0; Win64; x64) AppleWebKit/537.36 (KHTML, like Gecko) Chrome/91.0.4472.124 Safari/537.36"
::1 - - [22/Jul/2021:06:09:13 +0000] "GET /api/edu/course/detail/1 HTTP/1.1" 200 1890 "-" "Mozilla/5.0 (Windows NT 10.0; Win64; x64) AppleWebKit/537.36 (KHTML, like Gecko) Chrome/91.0.4472.124 Safari/537.36"
::ffff:202.193.57.228 - - [22/Jul/2021:06:26:46 +0000] "GET /api/edu/class/get?teacherId=&classNum=&class_no=&grade=&curPage=1 HTTP/1.1" 304 - "http://localhost:9528/" "Mozilla/5.0 (Windows NT 10.0; Win64; x64) AppleWebKit/537.36 (KHTML, like Gecko) Chrome/91.0.4472.164 Safari/537.36"
::ffff:202.193.57.228 - - [22/Jul/2021:06:28:38 +0000] "GET /api/edu/course/get?id=&code=&name= HTTP/1.1" 200 2999 "http://localhost:9528/" "Mozilla/5.0 (Windows NT 10.0; Win64; x64) AppleWebKit/537.36 (KHTML, like Gecko) Chrome/91.0.4472.164 Safari/537.36"
::ffff:202.193.57.228 - - [22/Jul/2021:06:28:46 +0000] "GET /api/edu/class/get?teacherId=&classNum=&class_no=&grade=&curPage=1 HTTP/1.1" 304 - "http://localhost:9528/" "Mozilla/5.0 (Windows NT 10.0; Win64; x64) AppleWebKit/537.36 (KHTML, like Gecko) Chrome/91.0.4472.164 Safari/537.36"
::ffff:202.193.57.228 - - [22/Jul/2021:06:28:51 +0000] "GET /api/edu/teacher/get HTTP/1.1" 304 - "http://localhost:9528/" "Mozilla/5.0 (Windows NT 10.0; Win64; x64) AppleWebKit/537.36 (KHTML, like Gecko) Chrome/91.0.4472.164 Safari/537.36"
::ffff:202.193.57.228 - - [22/Jul/2021:06:28:55 +0000] "GET /api/edu/course/get?id=&code=&name= HTTP/1.1" 304 - "http://localhost:9528/" "Mozilla/5.0 (Windows NT 10.0; Win64; x64) AppleWebKit/537.36 (KHTML, like Gecko) Chrome/91.0.4472.164 Safari/537.36"
::ffff:202.193.57.228 - - [22/Jul/2021:06:29:02 +0000] "GET /api/edu/organization/get?curPage=1&name=&contact_people= HTTP/1.1" 304 - "http://localhost:9528/" "Mozilla/5.0 (Windows NT 10.0; Win64; x64) AppleWebKit/537.36 (KHTML, like Gecko) Chrome/91.0.4472.164 Safari/537.36"
::ffff:202.193.57.228 - - [22/Jul/2021:06:30:19 +0000] "GET /api/edu/organization/get?curPage=1&name=&contact_people= HTTP/1.1" 304 - "http://localhost:9528/" "Mozilla/5.0 (Windows NT 10.0; Win64; x64) AppleWebKit/537.36 (KHTML, like Gecko) Chrome/91.0.4472.164 Safari/537.36"
::1 - - [22/Jul/2021:06:31:16 +0000] "GET /api/edu/course/detail/1 HTTP/1.1" - - "-" "Mozilla/5.0 (Windows NT 10.0; Win64; x64) AppleWebKit/537.36 (KHTML, like Gecko) Chrome/91.0.4472.124 Safari/537.36"
::1 - - [22/Jul/2021:06:32:01 +0000] "GET /api/edu/course/detail/1 HTTP/1.1" 200 1950 "-" "Mozilla/5.0 (Windows NT 10.0; Win64; x64) AppleWebKit/537.36 (KHTML, like Gecko) Chrome/91.0.4472.124 Safari/537.36"
::1 - - [22/Jul/2021:06:32:09 +0000] "GET /api/edu/course/detail/1 HTTP/1.1" 304 - "-" "Mozilla/5.0 (Windows NT 10.0; Win64; x64) AppleWebKit/537.36 (KHTML, like Gecko) Chrome/91.0.4472.124 Safari/537.36"
::ffff:202.193.57.228 - - [22/Jul/2021:06:32:15 +0000] "OPTIONS /api/edu/organization/new HTTP/1.1" 200 4 "http://localhost:9528/" "Mozilla/5.0 (Windows NT 10.0; Win64; x64) AppleWebKit/537.36 (KHTML, like Gecko) Chrome/91.0.4472.164 Safari/537.36"
::ffff:202.193.57.228 - - [22/Jul/2021:06:32:15 +0000] "POST /api/edu/organization/new HTTP/1.1" 200 52 "http://localhost:9528/" "Mozilla/5.0 (Windows NT 10.0; Win64; x64) AppleWebKit/537.36 (KHTML, like Gecko) Chrome/91.0.4472.164 Safari/537.36"
::ffff:202.193.57.228 - - [22/Jul/2021:06:32:15 +0000] "GET /api/edu/organization/get?curPage=1&name=&contact_people= HTTP/1.1" 304 - "http://localhost:9528/" "Mozilla/5.0 (Windows NT 10.0; Win64; x64) AppleWebKit/537.36 (KHTML, like Gecko) Chrome/91.0.4472.164 Safari/537.36"
::1 - - [22/Jul/2021:06:33:52 +0000] "GET /api/edu/course/detail/1 HTTP/1.1" 304 - "-" "Mozilla/5.0 (Windows NT 10.0; Win64; x64) AppleWebKit/537.36 (KHTML, like Gecko) Chrome/91.0.4472.124 Safari/537.36"
::ffff:202.193.57.228 - - [22/Jul/2021:06:34:18 +0000] "OPTIONS /api/edu/organization/new HTTP/1.1" 200 4 "http://localhost:9528/" "Mozilla/5.0 (Windows NT 10.0; Win64; x64) AppleWebKit/537.36 (KHTML, like Gecko) Chrome/91.0.4472.164 Safari/537.36"
::ffff:202.193.57.228 - - [22/Jul/2021:06:34:18 +0000] "POST /api/edu/organization/new HTTP/1.1" 200 52 "http://localhost:9528/" "Mozilla/5.0 (Windows NT 10.0; Win64; x64) AppleWebKit/537.36 (KHTML, like Gecko) Chrome/91.0.4472.164 Safari/537.36"
::ffff:202.193.57.228 - - [22/Jul/2021:06:34:18 +0000] "GET /api/edu/organization/get?curPage=1&name=&contact_people= HTTP/1.1" 304 - "http://localhost:9528/" "Mozilla/5.0 (Windows NT 10.0; Win64; x64) AppleWebKit/537.36 (KHTML, like Gecko) Chrome/91.0.4472.164 Safari/537.36"
::ffff:202.193.57.228 - - [22/Jul/2021:06:36:26 +0000] "GET /api/edu/organization/get?curPage=1&name=&contact_people= HTTP/1.1" 304 - "http://localhost:9528/" "Mozilla/5.0 (Windows NT 10.0; Win64; x64) AppleWebKit/537.36 (KHTML, like Gecko) Chrome/91.0.4472.164 Safari/537.36"
::ffff:202.193.57.228 - - [22/Jul/2021:06:39:47 +0000] "OPTIONS /api/edu/organization/new HTTP/1.1" 200 4 "http://localhost:9528/" "Mozilla/5.0 (Windows NT 10.0; Win64; x64) AppleWebKit/537.36 (KHTML, like Gecko) Chrome/91.0.4472.164 Safari/537.36"
::ffff:202.193.57.228 - - [22/Jul/2021:06:39:47 +0000] "POST /api/edu/organization/new HTTP/1.1" 200 52 "http://localhost:9528/" "Mozilla/5.0 (Windows NT 10.0; Win64; x64) AppleWebKit/537.36 (KHTML, like Gecko) Chrome/91.0.4472.164 Safari/537.36"
::ffff:202.193.57.228 - - [22/Jul/2021:06:39:47 +0000] "GET /api/edu/organization/get?curPage=1&name=&contact_people= HTTP/1.1" 304 - "http://localhost:9528/" "Mozilla/5.0 (Windows NT 10.0; Win64; x64) AppleWebKit/537.36 (KHTML, like Gecko) Chrome/91.0.4472.164 Safari/537.36"
::ffff:202.193.57.228 - - [22/Jul/2021:06:41:04 +0000] "OPTIONS /api/edu/organization/new HTTP/1.1" 200 4 "http://localhost:9528/" "Mozilla/5.0 (Windows NT 10.0; Win64; x64) AppleWebKit/537.36 (KHTML, like Gecko) Chrome/91.0.4472.164 Safari/537.36"
::ffff:202.193.57.228 - - [22/Jul/2021:06:41:04 +0000] "POST /api/edu/organization/new HTTP/1.1" 200 52 "http://localhost:9528/" "Mozilla/5.0 (Windows NT 10.0; Win64; x64) AppleWebKit/537.36 (KHTML, like Gecko) Chrome/91.0.4472.164 Safari/537.36"
::ffff:202.193.57.228 - - [22/Jul/2021:06:41:04 +0000] "GET /api/edu/organization/get?curPage=1&name=&contact_people= HTTP/1.1" 304 - "http://localhost:9528/" "Mozilla/5.0 (Windows NT 10.0; Win64; x64) AppleWebKit/537.36 (KHTML, like Gecko) Chrome/91.0.4472.164 Safari/537.36"
::ffff:202.193.57.228 - - [22/Jul/2021:06:41:27 +0000] "OPTIONS /api/edu/organization/del HTTP/1.1" 200 4 "http://localhost:9528/" "Mozilla/5.0 (Windows NT 10.0; Win64; x64) AppleWebKit/537.36 (KHTML, like Gecko) Chrome/91.0.4472.164 Safari/537.36"
::ffff:202.193.57.228 - - [22/Jul/2021:06:41:27 +0000] "POST /api/edu/organization/del HTTP/1.1" 200 34 "http://localhost:9528/" "Mozilla/5.0 (Windows NT 10.0; Win64; x64) AppleWebKit/537.36 (KHTML, like Gecko) Chrome/91.0.4472.164 Safari/537.36"
::ffff:202.193.57.228 - - [22/Jul/2021:06:41:27 +0000] "GET /api/edu/organization/get?curPage=1&name=&contact_people= HTTP/1.1" 200 1102 "http://localhost:9528/" "Mozilla/5.0 (Windows NT 10.0; Win64; x64) AppleWebKit/537.36 (KHTML, like Gecko) Chrome/91.0.4472.164 Safari/537.36"
::ffff:202.193.57.228 - - [22/Jul/2021:06:41:29 +0000] "POST /api/edu/organization/del HTTP/1.1" 200 34 "http://localhost:9528/" "Mozilla/5.0 (Windows NT 10.0; Win64; x64) AppleWebKit/537.36 (KHTML, like Gecko) Chrome/91.0.4472.164 Safari/537.36"
::ffff:202.193.57.228 - - [22/Jul/2021:06:41:29 +0000] "GET /api/edu/organization/get?curPage=1&name=&contact_people= HTTP/1.1" 200 589 "http://localhost:9528/" "Mozilla/5.0 (Windows NT 10.0; Win64; x64) AppleWebKit/537.36 (KHTML, like Gecko) Chrome/91.0.4472.164 Safari/537.36"
::ffff:202.193.57.228 - - [22/Jul/2021:06:41:31 +0000] "POST /api/edu/organization/del HTTP/1.1" 200 34 "http://localhost:9528/" "Mozilla/5.0 (Windows NT 10.0; Win64; x64) AppleWebKit/537.36 (KHTML, like Gecko) Chrome/91.0.4472.164 Safari/537.36"
::ffff:202.193.57.228 - - [22/Jul/2021:06:41:36 +0000] "GET /api/edu/organization/get?curPage=0&name=&contact_people= HTTP/1.1" - - "http://localhost:9528/" "Mozilla/5.0 (Windows NT 10.0; Win64; x64) AppleWebKit/537.36 (KHTML, like Gecko) Chrome/91.0.4472.164 Safari/537.36"
::ffff:202.193.57.228 - - [22/Jul/2021:06:41:42 +0000] "GET /api/edu/organization/get?curPage=1&name=&contact_people= HTTP/1.1" 200 32 "http://localhost:9528/" "Mozilla/5.0 (Windows NT 10.0; Win64; x64) AppleWebKit/537.36 (KHTML, like Gecko) Chrome/91.0.4472.164 Safari/537.36"
::ffff:10.37.42.238 - - [22/Jul/2021:06:47:05 +0000] "GET /api/edu/course/detail/1 HTTP/1.1" 200 1950 "-" "Mozilla/5.0 (Windows NT 10.0; Win64; x64) AppleWebKit/537.36 (KHTML, like Gecko) Chrome/91.0.4472.77 Safari/537.36"
::ffff:10.37.42.238 - - [22/Jul/2021:06:48:58 +0000] "GET /api/edu/student/getUnQualifiedScores?studentId=1 HTTP/1.1" 200 679 "https://servicewechat.com/wx4be232a02d452c65/devtools/page-frame.html" "Mozilla/5.0 (iPhone; CPU iPhone OS 10_3_1 like Mac OS X) AppleWebKit/603.1.3 (KHTML, like Gecko) Version/10.0 Mobile/14E304 Safari/602.1 wechatdevtools/1.05.2105170 MicroMessenger/7.0.4 Language/zh_CN webview/"
::ffff:10.37.42.238 - - [22/Jul/2021:06:48:58 +0000] "GET /api/edu/student/getQualifiedScores?studentId=1 HTTP/1.1" 200 684 "https://servicewechat.com/wx4be232a02d452c65/devtools/page-frame.html" "Mozilla/5.0 (iPhone; CPU iPhone OS 10_3_1 like Mac OS X) AppleWebKit/603.1.3 (KHTML, like Gecko) Version/10.0 Mobile/14E304 Safari/602.1 wechatdevtools/1.05.2105170 MicroMessenger/7.0.4 Language/zh_CN webview/"
::ffff:202.193.57.228 - - [22/Jul/2021:06:52:04 +0000] "GET /api/edu/organization/get?curPage=1&name=&contact_people= HTTP/1.1" 304 - "http://localhost:9528/" "Mozilla/5.0 (Windows NT 10.0; Win64; x64) AppleWebKit/537.36 (KHTML, like Gecko) Chrome/91.0.4472.164 Safari/537.36"
::ffff:202.193.57.228 - - [22/Jul/2021:06:52:40 +0000] "GET /api/edu/organization/get?curPage=1&name=&contact_people= HTTP/1.1" 304 - "http://localhost:9528/" "Mozilla/5.0 (Windows NT 10.0; Win64; x64) AppleWebKit/537.36 (KHTML, like Gecko) Chrome/91.0.4472.164 Safari/537.36"
::ffff:202.193.57.228 - - [22/Jul/2021:06:52:46 +0000] "GET /api/edu/course/get?id=&code=&name= HTTP/1.1" 304 - "http://localhost:9528/" "Mozilla/5.0 (Windows NT 10.0; Win64; x64) AppleWebKit/537.36 (KHTML, like Gecko) Chrome/91.0.4472.164 Safari/537.36"
::ffff:202.193.57.228 - - [22/Jul/2021:06:52:49 +0000] "GET /api/edu/organization/get?curPage=1&name=&contact_people= HTTP/1.1" 304 - "http://localhost:9528/" "Mozilla/5.0 (Windows NT 10.0; Win64; x64) AppleWebKit/537.36 (KHTML, like Gecko) Chrome/91.0.4472.164 Safari/537.36"
::ffff:202.193.57.228 - - [22/Jul/2021:06:55:53 +0000] "GET /api/edu/organization/get?curPage=1&name=&contact_people= HTTP/1.1" 304 - "http://localhost:9528/" "Mozilla/5.0 (Windows NT 10.0; Win64; x64) AppleWebKit/537.36 (KHTML, like Gecko) Chrome/91.0.4472.164 Safari/537.36"
::ffff:202.193.57.228 - - [22/Jul/2021:06:56:46 +0000] "GET /api/edu/organization/get?curPage=1&name=&contact_people= HTTP/1.1" 304 - "http://localhost:9528/" "Mozilla/5.0 (Windows NT 10.0; Win64; x64) AppleWebKit/537.36 (KHTML, like Gecko) Chrome/91.0.4472.164 Safari/537.36"
::ffff:10.37.53.62 - - [22/Jul/2021:07:02:05 +0000] "GET /api/edu/student/getUnQualifiedScores?studentId=1 HTTP/1.1" 200 679 "-" "Mozilla/5.0 (Windows NT 10.0; Win64; x64) AppleWebKit/537.36 (KHTML, like Gecko) Chrome/91.0.4472.124 Safari/537.36"
::ffff:10.37.53.62 - - [22/Jul/2021:07:02:46 +0000] "GET /api/edu/course/detail?course_id=1&studentId=1 HTTP/1.1" 200 1950 "-" "Mozilla/5.0 (Windows NT 10.0; Win64; x64) AppleWebKit/537.36 (KHTML, like Gecko) Chrome/91.0.4472.124 Safari/537.36"
::ffff:202.193.57.228 - - [22/Jul/2021:07:03:26 +0000] "GET /api/edu/organization/get?curPage=1&name=&contact_people= HTTP/1.1" 304 - "http://localhost:9528/" "Mozilla/5.0 (Windows NT 10.0; Win64; x64) AppleWebKit/537.36 (KHTML, like Gecko) Chrome/91.0.4472.164 Safari/537.36"
::ffff:10.37.42.238 - - [22/Jul/2021:07:27:48 +0000] "GET /api/edu/student/getQualifiedScores?studentId=1 HTTP/1.1" - - "https://servicewechat.com/wx4be232a02d452c65/devtools/page-frame.html" "Mozilla/5.0 (iPhone; CPU iPhone OS 10_3_1 like Mac OS X) AppleWebKit/603.1.3 (KHTML, like Gecko) Version/10.0 Mobile/14E304 Safari/602.1 wechatdevtools/1.05.2105170 MicroMessenger/7.0.4 Language/zh_CN webview/"
::ffff:10.37.42.238 - - [22/Jul/2021:07:27:48 +0000] "GET /api/edu/student/getUnQualifiedScores?studentId=1 HTTP/1.1" - - "https://servicewechat.com/wx4be232a02d452c65/devtools/page-frame.html" "Mozilla/5.0 (iPhone; CPU iPhone OS 10_3_1 like Mac OS X) AppleWebKit/603.1.3 (KHTML, like Gecko) Version/10.0 Mobile/14E304 Safari/602.1 wechatdevtools/1.05.2105170 MicroMessenger/7.0.4 Language/zh_CN webview/"
::ffff:10.37.42.238 - - [22/Jul/2021:07:29:11 +0000] "GET /api/edu/student/getUnQualifiedScores?studentId=1 HTTP/1.1" - - "https://servicewechat.com/wx4be232a02d452c65/devtools/page-frame.html" "Mozilla/5.0 (iPhone; CPU iPhone OS 10_3_1 like Mac OS X) AppleWebKit/603.1.3 (KHTML, like Gecko) Version/10.0 Mobile/14E304 Safari/602.1 wechatdevtools/1.05.2105170 MicroMessenger/7.0.4 Language/zh_CN webview/"
::ffff:10.37.42.238 - - [22/Jul/2021:07:29:11 +0000] "GET /api/edu/student/getQualifiedScores?studentId=1 HTTP/1.1" - - "https://servicewechat.com/wx4be232a02d452c65/devtools/page-frame.html" "Mozilla/5.0 (iPhone; CPU iPhone OS 10_3_1 like Mac OS X) AppleWebKit/603.1.3 (KHTML, like Gecko) Version/10.0 Mobile/14E304 Safari/602.1 wechatdevtools/1.05.2105170 MicroMessenger/7.0.4 Language/zh_CN webview/"
::ffff:10.37.53.62 - - [22/Jul/2021:07:30:57 +0000] "GET /api/edu/files/show?file_name=1626609161571-download.jpg HTTP/1.1" - - "-" "Mozilla/5.0 (Windows NT 10.0; Win64; x64) AppleWebKit/537.36 (KHTML, like Gecko) Chrome/91.0.4472.124 Safari/537.36"
::ffff:10.37.53.62 - - [22/Jul/2021:07:31:01 +0000] "GET /api/edu/files/show?file_name=1626609161571-download.jpg HTTP/1.1" 200 - "-" "Mozilla/5.0 (Windows NT 10.0; Win64; x64) AppleWebKit/537.36 (KHTML, like Gecko) Chrome/91.0.4472.124 Safari/537.36"
::ffff:202.193.57.228 - - [22/Jul/2021:07:31:25 +0000] "OPTIONS /api/edu/organization/new HTTP/1.1" 200 4 "http://localhost:9528/" "Mozilla/5.0 (Windows NT 10.0; Win64; x64) AppleWebKit/537.36 (KHTML, like Gecko) Chrome/91.0.4472.164 Safari/537.36"
::ffff:202.193.57.228 - - [22/Jul/2021:07:31:25 +0000] "POST /api/edu/organization/new HTTP/1.1" 200 52 "http://localhost:9528/" "Mozilla/5.0 (Windows NT 10.0; Win64; x64) AppleWebKit/537.36 (KHTML, like Gecko) Chrome/91.0.4472.164 Safari/537.36"
::ffff:202.193.57.228 - - [22/Jul/2021:07:31:25 +0000] "GET /api/edu/organization/get?curPage=1&name=&contact_people= HTTP/1.1" 304 - "http://localhost:9528/" "Mozilla/5.0 (Windows NT 10.0; Win64; x64) AppleWebKit/537.36 (KHTML, like Gecko) Chrome/91.0.4472.164 Safari/537.36"
::ffff:10.37.42.238 - - [22/Jul/2021:07:32:21 +0000] "GET /api/edu/student/getUnQualifiedScores?studentId=1 HTTP/1.1" 200 679 "https://servicewechat.com/wx4be232a02d452c65/devtools/page-frame.html" "Mozilla/5.0 (iPhone; CPU iPhone OS 10_3_1 like Mac OS X) AppleWebKit/603.1.3 (KHTML, like Gecko) Version/10.0 Mobile/14E304 Safari/602.1 wechatdevtools/1.05.2105170 MicroMessenger/7.0.4 Language/zh_CN webview/"
::ffff:10.37.42.238 - - [22/Jul/2021:07:32:21 +0000] "GET /api/edu/student/getQualifiedScores?studentId=1 HTTP/1.1" 200 684 "https://servicewechat.com/wx4be232a02d452c65/devtools/page-frame.html" "Mozilla/5.0 (iPhone; CPU iPhone OS 10_3_1 like Mac OS X) AppleWebKit/603.1.3 (KHTML, like Gecko) Version/10.0 Mobile/14E304 Safari/602.1 wechatdevtools/1.05.2105170 MicroMessenger/7.0.4 Language/zh_CN webview/"
::ffff:10.37.53.62 - - [22/Jul/2021:07:33:03 +0000] "GET /api/edu/files/show?file_name=1626609161571-download.jpg HTTP/1.1" 200 - "-" "Mozilla/5.0 (Windows NT 10.0; Win64; x64) AppleWebKit/537.36 (KHTML, like Gecko) Chrome/91.0.4472.124 Safari/537.36"
::ffff:202.193.57.228 - - [22/Jul/2021:07:34:36 +0000] "OPTIONS /api/edu/organization/new HTTP/1.1" 200 4 "http://localhost:9528/" "Mozilla/5.0 (Windows NT 10.0; Win64; x64) AppleWebKit/537.36 (KHTML, like Gecko) Chrome/91.0.4472.164 Safari/537.36"
::ffff:202.193.57.228 - - [22/Jul/2021:07:34:36 +0000] "POST /api/edu/organization/new HTTP/1.1" 200 39 "http://localhost:9528/" "Mozilla/5.0 (Windows NT 10.0; Win64; x64) AppleWebKit/537.36 (KHTML, like Gecko) Chrome/91.0.4472.164 Safari/537.36"
::ffff:202.193.57.228 - - [22/Jul/2021:07:34:36 +0000] "GET /api/edu/organization/get?curPage=1&name=&contact_people= HTTP/1.1" 200 525 "http://localhost:9528/" "Mozilla/5.0 (Windows NT 10.0; Win64; x64) AppleWebKit/537.36 (KHTML, like Gecko) Chrome/91.0.4472.164 Safari/537.36"
::ffff:202.193.57.228 - - [22/Jul/2021:07:35:26 +0000] "GET /api/edu/organization/get?curPage=1&name=&contact_people= HTTP/1.1" 304 - "http://localhost:9528/" "Mozilla/5.0 (Windows NT 10.0; Win64; x64) AppleWebKit/537.36 (KHTML, like Gecko) Chrome/91.0.4472.164 Safari/537.36"
::ffff:202.193.57.228 - - [22/Jul/2021:07:36:00 +0000] "GET /api/edu/organization/get?curPage=1&name=&contact_people= HTTP/1.1" 304 - "http://localhost:9528/" "Mozilla/5.0 (Windows NT 10.0; Win64; x64) AppleWebKit/537.36 (KHTML, like Gecko) Chrome/91.0.4472.164 Safari/537.36"
::ffff:10.37.42.238 - - [22/Jul/2021:07:37:41 +0000] "GET /api/edu/student/getUnQualifiedScores?studentId=1 HTTP/1.1" 304 - "https://servicewechat.com/wx4be232a02d452c65/devtools/page-frame.html" "Mozilla/5.0 (iPhone; CPU iPhone OS 10_3_1 like Mac OS X) AppleWebKit/603.1.3 (KHTML, like Gecko) Version/10.0 Mobile/14E304 Safari/602.1 wechatdevtools/1.05.2105170 MicroMessenger/7.0.4 Language/zh_CN webview/"
::ffff:10.37.42.238 - - [22/Jul/2021:07:37:41 +0000] "GET /api/edu/student/getQualifiedScores?studentId=1 HTTP/1.1" 304 - "https://servicewechat.com/wx4be232a02d452c65/devtools/page-frame.html" "Mozilla/5.0 (iPhone; CPU iPhone OS 10_3_1 like Mac OS X) AppleWebKit/603.1.3 (KHTML, like Gecko) Version/10.0 Mobile/14E304 Safari/602.1 wechatdevtools/1.05.2105170 MicroMessenger/7.0.4 Language/zh_CN webview/"
::ffff:202.193.57.228 - - [22/Jul/2021:07:37:57 +0000] "GET /api/edu/organization/get?curPage=1&name=&contact_people= HTTP/1.1" 304 - "http://localhost:9528/" "Mozilla/5.0 (Windows NT 10.0; Win64; x64) AppleWebKit/537.36 (KHTML, like Gecko) Chrome/91.0.4472.164 Safari/537.36"
::ffff:10.37.42.238 - - [22/Jul/2021:07:38:21 +0000] "GET /api/edu/student/getUnQualifiedScores?studentId=1 HTTP/1.1" 304 - "https://servicewechat.com/wx4be232a02d452c65/devtools/page-frame.html" "Mozilla/5.0 (iPhone; CPU iPhone OS 10_3_1 like Mac OS X) AppleWebKit/603.1.3 (KHTML, like Gecko) Version/10.0 Mobile/14E304 Safari/602.1 wechatdevtools/1.05.2105170 MicroMessenger/7.0.4 Language/zh_CN webview/"
::ffff:10.37.42.238 - - [22/Jul/2021:07:38:21 +0000] "GET /api/edu/student/getQualifiedScores?studentId=1 HTTP/1.1" 304 - "https://servicewechat.com/wx4be232a02d452c65/devtools/page-frame.html" "Mozilla/5.0 (iPhone; CPU iPhone OS 10_3_1 like Mac OS X) AppleWebKit/603.1.3 (KHTML, like Gecko) Version/10.0 Mobile/14E304 Safari/602.1 wechatdevtools/1.05.2105170 MicroMessenger/7.0.4 Language/zh_CN webview/"
::ffff:10.37.42.238 - - [22/Jul/2021:07:39:18 +0000] "GET /api/edu/student/getUnQualifiedScores?studentId=1 HTTP/1.1" 304 - "https://servicewechat.com/wx4be232a02d452c65/devtools/page-frame.html" "Mozilla/5.0 (iPhone; CPU iPhone OS 10_3_1 like Mac OS X) AppleWebKit/603.1.3 (KHTML, like Gecko) Version/10.0 Mobile/14E304 Safari/602.1 wechatdevtools/1.05.2105170 MicroMessenger/7.0.4 Language/zh_CN webview/"
::ffff:10.37.42.238 - - [22/Jul/2021:07:39:18 +0000] "GET /api/edu/student/getQualifiedScores?studentId=1 HTTP/1.1" 304 - "https://servicewechat.com/wx4be232a02d452c65/devtools/page-frame.html" "Mozilla/5.0 (iPhone; CPU iPhone OS 10_3_1 like Mac OS X) AppleWebKit/603.1.3 (KHTML, like Gecko) Version/10.0 Mobile/14E304 Safari/602.1 wechatdevtools/1.05.2105170 MicroMessenger/7.0.4 Language/zh_CN webview/"
::ffff:202.193.57.228 - - [22/Jul/2021:07:39:20 +0000] "GET /api/edu/organization/get HTTP/1.1" 200 525 "-" "Mozilla/5.0 (Windows NT 10.0; Win64; x64) AppleWebKit/537.36 (KHTML, like Gecko) Chrome/91.0.4472.164 Safari/537.36"
::ffff:202.193.57.228 - - [22/Jul/2021:07:39:21 +0000] "GET /favicon.ico HTTP/1.1" 404 33 "http://10.37.53.62:8000/api/edu/organization/get" "Mozilla/5.0 (Windows NT 10.0; Win64; x64) AppleWebKit/537.36 (KHTML, like Gecko) Chrome/91.0.4472.164 Safari/537.36"
::ffff:202.193.57.228 - - [22/Jul/2021:07:40:09 +0000] "GET /api/edu/organization/get?curPage=1&name=&contact_people= HTTP/1.1" 304 - "http://localhost:9528/" "Mozilla/5.0 (Windows NT 10.0; Win64; x64) AppleWebKit/537.36 (KHTML, like Gecko) Chrome/91.0.4472.164 Safari/537.36"
::ffff:202.193.57.228 - - [22/Jul/2021:07:40:09 +0000] "GET /api/edu/organization/get?curPage=1&name=&contact_people= HTTP/1.1" 304 - "http://localhost:9528/" "Mozilla/5.0 (Windows NT 10.0; Win64; x64) AppleWebKit/537.36 (KHTML, like Gecko) Chrome/91.0.4472.164 Safari/537.36"
::ffff:202.193.57.228 - - [22/Jul/2021:07:40:15 +0000] "GET /api/edu/organization/get?curPage=1&name=&contact_people= HTTP/1.1" 304 - "http://localhost:9528/" "Mozilla/5.0 (Windows NT 10.0; Win64; x64) AppleWebKit/537.36 (KHTML, like Gecko) Chrome/91.0.4472.164 Safari/537.36"
::ffff:10.37.42.238 - - [22/Jul/2021:07:40:43 +0000] "GET /api/edu/student/getUnQualifiedScores?studentId=1 HTTP/1.1" 304 - "https://servicewechat.com/wx4be232a02d452c65/devtools/page-frame.html" "Mozilla/5.0 (iPhone; CPU iPhone OS 10_3_1 like Mac OS X) AppleWebKit/603.1.3 (KHTML, like Gecko) Version/10.0 Mobile/14E304 Safari/602.1 wechatdevtools/1.05.2105170 MicroMessenger/7.0.4 Language/zh_CN webview/"
::ffff:10.37.42.238 - - [22/Jul/2021:07:40:43 +0000] "GET /api/edu/student/getQualifiedScores?studentId=1 HTTP/1.1" 304 - "https://servicewechat.com/wx4be232a02d452c65/devtools/page-frame.html" "Mozilla/5.0 (iPhone; CPU iPhone OS 10_3_1 like Mac OS X) AppleWebKit/603.1.3 (KHTML, like Gecko) Version/10.0 Mobile/14E304 Safari/602.1 wechatdevtools/1.05.2105170 MicroMessenger/7.0.4 Language/zh_CN webview/"
::ffff:10.37.42.238 - - [22/Jul/2021:07:41:07 +0000] "GET /api/edu/student/getUnQualifiedScores?studentId=1 HTTP/1.1" 304 - "https://servicewechat.com/wx4be232a02d452c65/devtools/page-frame.html" "Mozilla/5.0 (iPhone; CPU iPhone OS 10_3_1 like Mac OS X) AppleWebKit/603.1.3 (KHTML, like Gecko) Version/10.0 Mobile/14E304 Safari/602.1 wechatdevtools/1.05.2105170 MicroMessenger/7.0.4 Language/zh_CN webview/"
::ffff:10.37.42.238 - - [22/Jul/2021:07:41:07 +0000] "GET /api/edu/student/getQualifiedScores?studentId=1 HTTP/1.1" 304 - "https://servicewechat.com/wx4be232a02d452c65/devtools/page-frame.html" "Mozilla/5.0 (iPhone; CPU iPhone OS 10_3_1 like Mac OS X) AppleWebKit/603.1.3 (KHTML, like Gecko) Version/10.0 Mobile/14E304 Safari/602.1 wechatdevtools/1.05.2105170 MicroMessenger/7.0.4 Language/zh_CN webview/"
::ffff:10.37.42.238 - - [22/Jul/2021:07:41:10 +0000] "GET /api/edu/course/detail?studentId=1&course_id=1 HTTP/1.1" 200 1950 "https://servicewechat.com/wx4be232a02d452c65/devtools/page-frame.html" "Mozilla/5.0 (iPhone; CPU iPhone OS 10_3_1 like Mac OS X) AppleWebKit/603.1.3 (KHTML, like Gecko) Version/10.0 Mobile/14E304 Safari/602.1 wechatdevtools/1.05.2105170 MicroMessenger/7.0.4 Language/zh_CN webview/"
::ffff:202.193.57.228 - - [22/Jul/2021:07:42:30 +0000] "GET /api/edu/organization/get?curPage=1&name=&contact_people= HTTP/1.1" 304 - "http://localhost:9528/" "Mozilla/5.0 (Windows NT 10.0; Win64; x64) AppleWebKit/537.36 (KHTML, like Gecko) Chrome/91.0.4472.164 Safari/537.36"
::ffff:202.193.57.228 - - [22/Jul/2021:07:42:50 +0000] "GET /api/edu/organization/get?curPage=1&name=&contact_people= HTTP/1.1" 304 - "http://localhost:9528/" "Mozilla/5.0 (Windows NT 10.0; Win64; x64) AppleWebKit/537.36 (KHTML, like Gecko) Chrome/91.0.4472.164 Safari/537.36"
::ffff:202.193.57.228 - - [22/Jul/2021:07:43:40 +0000] "GET /api/edu/organization/get?curPage=1&name=&contact_people= HTTP/1.1" 304 - "http://localhost:9528/" "Mozilla/5.0 (Windows NT 10.0; Win64; x64) AppleWebKit/537.36 (KHTML, like Gecko) Chrome/91.0.4472.164 Safari/537.36"
::ffff:202.193.57.228 - - [22/Jul/2021:07:45:47 +0000] "GET /api/edu/organization/get?curPage=1&name=&contact_people= HTTP/1.1" 304 - "http://localhost:9528/" "Mozilla/5.0 (Windows NT 10.0; Win64; x64) AppleWebKit/537.36 (KHTML, like Gecko) Chrome/91.0.4472.164 Safari/537.36"
::ffff:10.37.53.62 - - [22/Jul/2021:07:47:25 +0000] "GET /api/edu/studentWork/detail?homeworkId=1 HTTP/1.1" - - "-" "Mozilla/5.0 (Windows NT 10.0; Win64; x64) AppleWebKit/537.36 (KHTML, like Gecko) Chrome/91.0.4472.124 Safari/537.36"
::ffff:10.37.53.62 - - [22/Jul/2021:07:47:49 +0000] "GET /api/edu/studentWork/detail?homeWorkId=1 HTTP/1.1" 200 30275 "-" "Mozilla/5.0 (Windows NT 10.0; Win64; x64) AppleWebKit/537.36 (KHTML, like Gecko) Chrome/91.0.4472.124 Safari/537.36"
::ffff:202.193.57.228 - - [22/Jul/2021:07:49:00 +0000] "GET /api/edu/organization/get?curPage=1&name=&contact_people= HTTP/1.1" 304 - "http://localhost:9528/" "Mozilla/5.0 (Windows NT 10.0; Win64; x64) AppleWebKit/537.36 (KHTML, like Gecko) Chrome/91.0.4472.164 Safari/537.36"
::ffff:10.37.53.62 - - [22/Jul/2021:07:49:23 +0000] "GET /api/edu/studentWork/detail?homeWorkId=1 HTTP/1.1" 200 587 "-" "Mozilla/5.0 (Windows NT 10.0; Win64; x64) AppleWebKit/537.36 (KHTML, like Gecko) Chrome/91.0.4472.124 Safari/537.36"
::ffff:202.193.57.228 - - [22/Jul/2021:07:49:25 +0000] "GET /api/edu/organization/get?curPage=1&name=&contact_people= HTTP/1.1" 304 - "http://localhost:9528/" "Mozilla/5.0 (Windows NT 10.0; Win64; x64) AppleWebKit/537.36 (KHTML, like Gecko) Chrome/91.0.4472.164 Safari/537.36"
::ffff:202.193.57.228 - - [22/Jul/2021:07:49:37 +0000] "GET /api/edu/organization/get?curPage=1&name=&contact_people= HTTP/1.1" 304 - "http://localhost:9528/" "Mozilla/5.0 (Windows NT 10.0; Win64; x64) AppleWebKit/537.36 (KHTML, like Gecko) Chrome/91.0.4472.164 Safari/537.36"
::ffff:10.37.41.160 - - [22/Jul/2021:07:51:03 +0000] "GET /api/edu/student/getUnQualifiedScores?studentId=1 HTTP/1.1" 200 679 "-" "PostmanRuntime/7.28.1"
::ffff:202.193.57.228 - - [22/Jul/2021:07:51:55 +0000] "GET /api/edu/organization/get?curPage=1&name=&contact_people= HTTP/1.1" 304 - "http://localhost:9528/" "Mozilla/5.0 (Windows NT 10.0; Win64; x64) AppleWebKit/537.36 (KHTML, like Gecko) Chrome/91.0.4472.164 Safari/537.36"
::ffff:202.193.57.228 - - [22/Jul/2021:07:52:36 +0000] "GET /api/edu/organization/get?curPage=1&name=&contact_people= HTTP/1.1" 304 - "http://localhost:9528/" "Mozilla/5.0 (Windows NT 10.0; Win64; x64) AppleWebKit/537.36 (KHTML, like Gecko) Chrome/91.0.4472.164 Safari/537.36"
::ffff:202.193.57.228 - - [22/Jul/2021:07:54:19 +0000] "GET /api/edu/organization/get?curPage=1&name=&contact_people= HTTP/1.1" 304 - "http://localhost:9528/" "Mozilla/5.0 (Windows NT 10.0; Win64; x64) AppleWebKit/537.36 (KHTML, like Gecko) Chrome/91.0.4472.164 Safari/537.36"
::ffff:202.193.57.228 - - [22/Jul/2021:07:54:42 +0000] "GET /api/edu/organization/get?curPage=1&name=&contact_people= HTTP/1.1" 304 - "http://localhost:9528/" "Mozilla/5.0 (Windows NT 10.0; Win64; x64) AppleWebKit/537.36 (KHTML, like Gecko) Chrome/91.0.4472.164 Safari/537.36"
::ffff:202.193.57.228 - - [22/Jul/2021:07:59:52 +0000] "GET /api/edu/organization/get?curPage=1&name=&contact_people= HTTP/1.1" 304 - "http://localhost:9528/" "Mozilla/5.0 (Windows NT 10.0; Win64; x64) AppleWebKit/537.36 (KHTML, like Gecko) Chrome/91.0.4472.164 Safari/537.36"
::ffff:202.193.57.228 - - [22/Jul/2021:08:03:27 +0000] "GET /api/edu/organization/get?curPage=1&name=&contact_people= HTTP/1.1" 304 - "http://localhost:9528/" "Mozilla/5.0 (Windows NT 10.0; Win64; x64) AppleWebKit/537.36 (KHTML, like Gecko) Chrome/91.0.4472.164 Safari/537.36"
::ffff:202.193.57.228 - - [22/Jul/2021:08:04:53 +0000] "GET /api/edu/organization/get?curPage=1&name=&contact_people= HTTP/1.1" 304 - "http://localhost:9528/" "Mozilla/5.0 (Windows NT 10.0; Win64; x64) AppleWebKit/537.36 (KHTML, like Gecko) Chrome/91.0.4472.164 Safari/537.36"
::ffff:202.193.57.228 - - [22/Jul/2021:08:05:02 +0000] "GET /api/edu/organization/get?curPage=1&name=&contact_people= HTTP/1.1" 304 - "http://localhost:9528/" "Mozilla/5.0 (Windows NT 10.0; Win64; x64) AppleWebKit/537.36 (KHTML, like Gecko) Chrome/91.0.4472.164 Safari/537.36"
::ffff:202.193.57.228 - - [22/Jul/2021:08:06:19 +0000] "GET /api/edu/organization/get?curPage=1&name=&contact_people= HTTP/1.1" 304 - "http://localhost:9528/" "Mozilla/5.0 (Windows NT 10.0; Win64; x64) AppleWebKit/537.36 (KHTML, like Gecko) Chrome/91.0.4472.164 Safari/537.36"
::ffff:10.37.42.238 - - [22/Jul/2021:08:08:58 +0000] "GET /api/edu/studentWork/get1 HTTP/1.1" 404 33 "-" "Mozilla/5.0 (Windows NT 10.0; Win64; x64) AppleWebKit/537.36 (KHTML, like Gecko) Chrome/91.0.4472.77 Safari/537.36"
::ffff:10.37.42.238 - - [22/Jul/2021:08:09:05 +0000] "GET /api/edu/studentWork/get/1 HTTP/1.1" 404 33 "-" "Mozilla/5.0 (Windows NT 10.0; Win64; x64) AppleWebKit/537.36 (KHTML, like Gecko) Chrome/91.0.4472.77 Safari/537.36"
::ffff:10.37.42.238 - - [22/Jul/2021:08:09:38 +0000] "GET /api/edu/studentWork/get HTTP/1.1" 200 305 "-" "Mozilla/5.0 (Windows NT 10.0; Win64; x64) AppleWebKit/537.36 (KHTML, like Gecko) Chrome/91.0.4472.77 Safari/537.36"
::ffff:10.37.42.238 - - [22/Jul/2021:08:09:42 +0000] "GET /api/edu/studentWork/get/1 HTTP/1.1" 404 33 "-" "Mozilla/5.0 (Windows NT 10.0; Win64; x64) AppleWebKit/537.36 (KHTML, like Gecko) Chrome/91.0.4472.77 Safari/537.36"
::ffff:202.193.57.228 - - [22/Jul/2021:08:11:29 +0000] "GET /api/edu/organization/get?curPage=1&name=&contact_people= HTTP/1.1" 304 - "http://localhost:9528/" "Mozilla/5.0 (Windows NT 10.0; Win64; x64) AppleWebKit/537.36 (KHTML, like Gecko) Chrome/91.0.4472.164 Safari/537.36"
::ffff:202.193.57.228 - - [22/Jul/2021:08:12:16 +0000] "GET /api/edu/organization/get?curPage=1&name=&contact_people= HTTP/1.1" 304 - "http://localhost:9528/" "Mozilla/5.0 (Windows NT 10.0; Win64; x64) AppleWebKit/537.36 (KHTML, like Gecko) Chrome/91.0.4472.164 Safari/537.36"
::ffff:202.193.57.228 - - [22/Jul/2021:08:14:36 +0000] "GET /api/edu/organization/get?curPage=1&name=&contact_people= HTTP/1.1" 304 - "http://localhost:9528/" "Mozilla/5.0 (Windows NT 10.0; Win64; x64) AppleWebKit/537.36 (KHTML, like Gecko) Chrome/91.0.4472.164 Safari/537.36"
::ffff:202.193.57.228 - - [22/Jul/2021:08:15:39 +0000] "GET /api/edu/organization/get?curPage=1&name=&contact_people= HTTP/1.1" 304 - "http://localhost:9528/" "Mozilla/5.0 (Windows NT 10.0; Win64; x64) AppleWebKit/537.36 (KHTML, like Gecko) Chrome/91.0.4472.164 Safari/537.36"
::ffff:202.193.57.228 - - [22/Jul/2021:08:20:02 +0000] "GET /api/edu/organization/get?curPage=1&name=&contact_people= HTTP/1.1" 304 - "http://localhost:9528/" "Mozilla/5.0 (Windows NT 10.0; Win64; x64) AppleWebKit/537.36 (KHTML, like Gecko) Chrome/91.0.4472.164 Safari/537.36"
::ffff:202.193.57.228 - - [22/Jul/2021:08:23:37 +0000] "OPTIONS /api/edu/organization/new HTTP/1.1" 200 4 "http://localhost:9528/" "Mozilla/5.0 (Windows NT 10.0; Win64; x64) AppleWebKit/537.36 (KHTML, like Gecko) Chrome/91.0.4472.164 Safari/537.36"
::ffff:202.193.57.228 - - [22/Jul/2021:08:23:37 +0000] "POST /api/edu/organization/new HTTP/1.1" 200 39 "http://localhost:9528/" "Mozilla/5.0 (Windows NT 10.0; Win64; x64) AppleWebKit/537.36 (KHTML, like Gecko) Chrome/91.0.4472.164 Safari/537.36"
::ffff:202.193.57.228 - - [22/Jul/2021:08:23:37 +0000] "GET /api/edu/organization/get?curPage=1&name=&contact_people= HTTP/1.1" 200 1025 "http://localhost:9528/" "Mozilla/5.0 (Windows NT 10.0; Win64; x64) AppleWebKit/537.36 (KHTML, like Gecko) Chrome/91.0.4472.164 Safari/537.36"
::ffff:202.193.57.228 - - [22/Jul/2021:08:25:23 +0000] "GET /api/edu/organization/get?curPage=1&name=&contact_people= HTTP/1.1" 304 - "http://localhost:9528/" "Mozilla/5.0 (Windows NT 10.0; Win64; x64) AppleWebKit/537.36 (KHTML, like Gecko) Chrome/91.0.4472.164 Safari/537.36"
::ffff:202.193.57.228 - - [22/Jul/2021:08:26:50 +0000] "GET /api/edu/organization/get?curPage=1&name=%E6%A1%82%E6%9E%97%E7%94%B5%E5%AD%90%E7%A7%91%E6%8A%80%E5%A4%A7%E5%AD%A6&contact_people=%E6%A1%82%E6%9E%97%E7%94%B5%E5%AD%90%E7%A7%91%E6%8A%80%E5%A4%A7%E5%AD%A6 HTTP/1.1" 200 49 "http://localhost:9528/" "Mozilla/5.0 (Windows NT 10.0; Win64; x64) AppleWebKit/537.36 (KHTML, like Gecko) Chrome/91.0.4472.164 Safari/537.36"
::ffff:202.193.57.228 - - [22/Jul/2021:08:26:51 +0000] "GET /api/edu/organization/get?curPage=1&name=%E6%A1%82%E6%9E%97%E7%94%B5%E5%AD%90%E7%A7%91%E6%8A%80%E5%A4%A7%E5%AD%A6&contact_people=%E6%A1%82%E6%9E%97%E7%94%B5%E5%AD%90%E7%A7%91%E6%8A%80%E5%A4%A7%E5%AD%A6 HTTP/1.1" 304 - "http://localhost:9528/" "Mozilla/5.0 (Windows NT 10.0; Win64; x64) AppleWebKit/537.36 (KHTML, like Gecko) Chrome/91.0.4472.164 Safari/537.36"
::ffff:202.193.57.228 - - [22/Jul/2021:08:26:51 +0000] "GET /api/edu/organization/get?curPage=1&name=%E6%A1%82%E6%9E%97%E7%94%B5%E5%AD%90%E7%A7%91%E6%8A%80%E5%A4%A7%E5%AD%A6&contact_people=%E6%A1%82%E6%9E%97%E7%94%B5%E5%AD%90%E7%A7%91%E6%8A%80%E5%A4%A7%E5%AD%A6 HTTP/1.1" 304 - "http://localhost:9528/" "Mozilla/5.0 (Windows NT 10.0; Win64; x64) AppleWebKit/537.36 (KHTML, like Gecko) Chrome/91.0.4472.164 Safari/537.36"
::ffff:202.193.57.228 - - [22/Jul/2021:08:26:51 +0000] "GET /api/edu/organization/get?curPage=1&name=%E6%A1%82%E6%9E%97%E7%94%B5%E5%AD%90%E7%A7%91%E6%8A%80%E5%A4%A7%E5%AD%A6&contact_people=%E6%A1%82%E6%9E%97%E7%94%B5%E5%AD%90%E7%A7%91%E6%8A%80%E5%A4%A7%E5%AD%A6 HTTP/1.1" 304 - "http://localhost:9528/" "Mozilla/5.0 (Windows NT 10.0; Win64; x64) AppleWebKit/537.36 (KHTML, like Gecko) Chrome/91.0.4472.164 Safari/537.36"
::ffff:202.193.57.228 - - [22/Jul/2021:08:26:52 +0000] "GET /api/edu/organization/get?curPage=1&name=%E6%A1%82%E6%9E%97%E7%94%B5%E5%AD%90%E7%A7%91%E6%8A%80%E5%A4%A7%E5%AD%A6&contact_people=%E6%A1%82%E6%9E%97%E7%94%B5%E5%AD%90%E7%A7%91%E6%8A%80%E5%A4%A7%E5%AD%A6 HTTP/1.1" 304 - "http://localhost:9528/" "Mozilla/5.0 (Windows NT 10.0; Win64; x64) AppleWebKit/537.36 (KHTML, like Gecko) Chrome/91.0.4472.164 Safari/537.36"
::ffff:202.193.57.228 - - [22/Jul/2021:08:26:52 +0000] "GET /api/edu/organization/get?curPage=1&name=%E6%A1%82%E6%9E%97%E7%94%B5%E5%AD%90%E7%A7%91%E6%8A%80%E5%A4%A7%E5%AD%A6&contact_people=%E6%A1%82%E6%9E%97%E7%94%B5%E5%AD%90%E7%A7%91%E6%8A%80%E5%A4%A7%E5%AD%A6 HTTP/1.1" 304 - "http://localhost:9528/" "Mozilla/5.0 (Windows NT 10.0; Win64; x64) AppleWebKit/537.36 (KHTML, like Gecko) Chrome/91.0.4472.164 Safari/537.36"
::ffff:202.193.57.228 - - [22/Jul/2021:08:26:52 +0000] "GET /api/edu/organization/get?curPage=1&name=%E6%A1%82%E6%9E%97%E7%94%B5%E5%AD%90%E7%A7%91%E6%8A%80%E5%A4%A7%E5%AD%A6&contact_people=%E6%A1%82%E6%9E%97%E7%94%B5%E5%AD%90%E7%A7%91%E6%8A%80%E5%A4%A7%E5%AD%A6 HTTP/1.1" 304 - "http://localhost:9528/" "Mozilla/5.0 (Windows NT 10.0; Win64; x64) AppleWebKit/537.36 (KHTML, like Gecko) Chrome/91.0.4472.164 Safari/537.36"
::ffff:202.193.57.228 - - [22/Jul/2021:08:27:01 +0000] "GET /api/edu/organization/get?curPage=1&name=%E6%A1%82%E6%9E%97%E7%94%B5%E5%AD%90%E7%A7%91%E6%8A%80%E5%A4%A7%E5%AD%A6&contact_people=%E6%A1%82%E6%9E%97%E7%94%B5%E5%AD%90%E7%A7%91%E6%8A%80%E5%A4%A7%E5%AD%A6 HTTP/1.1" 304 - "http://localhost:9528/" "Mozilla/5.0 (Windows NT 10.0; Win64; x64) AppleWebKit/537.36 (KHTML, like Gecko) Chrome/91.0.4472.164 Safari/537.36"
::ffff:202.193.57.228 - - [22/Jul/2021:08:27:24 +0000] "GET /api/edu/organization/get?curPage=1&name=&contact_people= HTTP/1.1" 304 - "http://localhost:9528/" "Mozilla/5.0 (Windows NT 10.0; Win64; x64) AppleWebKit/537.36 (KHTML, like Gecko) Chrome/91.0.4472.164 Safari/537.36"
::ffff:10.37.53.62 - - [22/Jul/2021:08:27:31 +0000] "GET /api/edu/measures/detail/measureId=1 HTTP/1.1" 404 33 "-" "Mozilla/5.0 (Windows NT 10.0; Win64; x64) AppleWebKit/537.36 (KHTML, like Gecko) Chrome/91.0.4472.124 Safari/537.36"
::ffff:202.193.57.228 - - [22/Jul/2021:08:27:32 +0000] "GET /api/edu/organization/get?curPage=1&name=450305GUILINDIANZIKEJIDAXUE000015&contact_people=450305GUILINDIANZIKEJIDAXUE000015 HTTP/1.1" 200 49 "http://localhost:9528/" "Mozilla/5.0 (Windows NT 10.0; Win64; x64) AppleWebKit/537.36 (KHTML, like Gecko) Chrome/91.0.4472.164 Safari/537.36"
::ffff:202.193.57.228 - - [22/Jul/2021:08:27:46 +0000] "GET /api/edu/organization/get?curPage=1&name=450305GUILINDIANZIKEJIDAXUE000015&contact_people=450305GUILINDIANZIKEJIDAXUE000015 HTTP/1.1" 304 - "http://localhost:9528/" "Mozilla/5.0 (Windows NT 10.0; Win64; x64) AppleWebKit/537.36 (KHTML, like Gecko) Chrome/91.0.4472.164 Safari/537.36"
::ffff:202.193.57.228 - - [22/Jul/2021:08:27:48 +0000] "GET /api/edu/organization/get?curPage=1&name=&contact_people= HTTP/1.1" 304 - "http://localhost:9528/" "Mozilla/5.0 (Windows NT 10.0; Win64; x64) AppleWebKit/537.36 (KHTML, like Gecko) Chrome/91.0.4472.164 Safari/537.36"
::ffff:10.37.53.62 - - [22/Jul/2021:08:27:52 +0000] "GET /api/edu/measures/detail/measureId=1 HTTP/1.1" 404 33 "-" "Mozilla/5.0 (Windows NT 10.0; Win64; x64) AppleWebKit/537.36 (KHTML, like Gecko) Chrome/91.0.4472.124 Safari/537.36"
::ffff:202.193.57.228 - - [22/Jul/2021:08:28:05 +0000] "OPTIONS /api/edu/organization/update HTTP/1.1" 200 4 "http://localhost:9528/" "Mozilla/5.0 (Windows NT 10.0; Win64; x64) AppleWebKit/537.36 (KHTML, like Gecko) Chrome/91.0.4472.164 Safari/537.36"
::ffff:202.193.57.228 - - [22/Jul/2021:08:28:05 +0000] "POST /api/edu/organization/update HTTP/1.1" 200 34 "http://localhost:9528/" "Mozilla/5.0 (Windows NT 10.0; Win64; x64) AppleWebKit/537.36 (KHTML, like Gecko) Chrome/91.0.4472.164 Safari/537.36"
::ffff:202.193.57.228 - - [22/Jul/2021:08:28:05 +0000] "GET /api/edu/organization/get?curPage=1&name=&contact_people= HTTP/1.1" 200 1025 "http://localhost:9528/" "Mozilla/5.0 (Windows NT 10.0; Win64; x64) AppleWebKit/537.36 (KHTML, like Gecko) Chrome/91.0.4472.164 Safari/537.36"
::ffff:202.193.57.228 - - [22/Jul/2021:08:28:17 +0000] "GET /api/edu/course/get?id=&code=&name= HTTP/1.1" 304 - "http://localhost:9528/" "Mozilla/5.0 (Windows NT 10.0; Win64; x64) AppleWebKit/537.36 (KHTML, like Gecko) Chrome/91.0.4472.164 Safari/537.36"
::ffff:202.193.57.228 - - [22/Jul/2021:08:28:21 +0000] "OPTIONS /api/edu/course/del HTTP/1.1" 200 4 "http://localhost:9528/" "Mozilla/5.0 (Windows NT 10.0; Win64; x64) AppleWebKit/537.36 (KHTML, like Gecko) Chrome/91.0.4472.164 Safari/537.36"
::ffff:202.193.57.228 - - [22/Jul/2021:08:28:21 +0000] "POST /api/edu/course/del HTTP/1.1" 200 52 "http://localhost:9528/" "Mozilla/5.0 (Windows NT 10.0; Win64; x64) AppleWebKit/537.36 (KHTML, like Gecko) Chrome/91.0.4472.164 Safari/537.36"
::ffff:202.193.57.228 - - [22/Jul/2021:08:28:21 +0000] "GET /api/edu/course/get?id=&code=&name= HTTP/1.1" 304 - "http://localhost:9528/" "Mozilla/5.0 (Windows NT 10.0; Win64; x64) AppleWebKit/537.36 (KHTML, like Gecko) Chrome/91.0.4472.164 Safari/537.36"
::ffff:202.193.57.228 - - [22/Jul/2021:08:28:25 +0000] "POST /api/edu/course/del HTTP/1.1" 200 52 "http://localhost:9528/" "Mozilla/5.0 (Windows NT 10.0; Win64; x64) AppleWebKit/537.36 (KHTML, like Gecko) Chrome/91.0.4472.164 Safari/537.36"
::ffff:202.193.57.228 - - [22/Jul/2021:08:28:25 +0000] "GET /api/edu/course/get?id=&code=&name= HTTP/1.1" 304 - "http://localhost:9528/" "Mozilla/5.0 (Windows NT 10.0; Win64; x64) AppleWebKit/537.36 (KHTML, like Gecko) Chrome/91.0.4472.164 Safari/537.36"
::ffff:10.37.53.62 - - [22/Jul/2021:08:28:32 +0000] "GET /api/edu/measures/detail/measureId=1 HTTP/1.1" 404 33 "-" "Mozilla/5.0 (Windows NT 10.0; Win64; x64) AppleWebKit/537.36 (KHTML, like Gecko) Chrome/91.0.4472.124 Safari/537.36"
::ffff:202.193.57.228 - - [22/Jul/2021:08:28:33 +0000] "OPTIONS /api/edu/course/del HTTP/1.1" 200 4 "http://localhost:9528/" "Mozilla/5.0 (Windows NT 10.0; Win64; x64) AppleWebKit/537.36 (KHTML, like Gecko) Chrome/91.0.4472.164 Safari/537.36"
::ffff:202.193.57.228 - - [22/Jul/2021:08:28:33 +0000] "POST /api/edu/course/del HTTP/1.1" 200 52 "http://localhost:9528/" "Mozilla/5.0 (Windows NT 10.0; Win64; x64) AppleWebKit/537.36 (KHTML, like Gecko) Chrome/91.0.4472.164 Safari/537.36"
::ffff:202.193.57.228 - - [22/Jul/2021:08:28:33 +0000] "GET /api/edu/course/get?id=&code=&name= HTTP/1.1" 304 - "http://localhost:9528/" "Mozilla/5.0 (Windows NT 10.0; Win64; x64) AppleWebKit/537.36 (KHTML, like Gecko) Chrome/91.0.4472.164 Safari/537.36"
::ffff:10.37.53.62 - - [22/Jul/2021:08:28:54 +0000] "GET /api/edu/measures/detail?measureId=1 HTTP/1.1" 200 1609 "-" "Mozilla/5.0 (Windows NT 10.0; Win64; x64) AppleWebKit/537.36 (KHTML, like Gecko) Chrome/91.0.4472.124 Safari/537.36"
::ffff:10.37.53.62 - - [22/Jul/2021:08:30:15 +0000] "GET /api/edu/measures/detail?measureId=1 HTTP/1.1" 304 - "-" "Mozilla/5.0 (Windows NT 10.0; Win64; x64) AppleWebKit/537.36 (KHTML, like Gecko) Chrome/91.0.4472.124 Safari/537.36"
::ffff:202.193.57.228 - - [22/Jul/2021:08:31:30 +0000] "GET /api/edu/course/get?id=&code=&name= HTTP/1.1" 304 - "http://localhost:9528/" "Mozilla/5.0 (Windows NT 10.0; Win64; x64) AppleWebKit/537.36 (KHTML, like Gecko) Chrome/91.0.4472.164 Safari/537.36"
::ffff:202.193.57.228 - - [22/Jul/2021:08:31:35 +0000] "OPTIONS /api/edu/course/del HTTP/1.1" 200 4 "http://localhost:9528/" "Mozilla/5.0 (Windows NT 10.0; Win64; x64) AppleWebKit/537.36 (KHTML, like Gecko) Chrome/91.0.4472.164 Safari/537.36"
::ffff:202.193.57.228 - - [22/Jul/2021:08:31:35 +0000] "POST /api/edu/course/del HTTP/1.1" 200 52 "http://localhost:9528/" "Mozilla/5.0 (Windows NT 10.0; Win64; x64) AppleWebKit/537.36 (KHTML, like Gecko) Chrome/91.0.4472.164 Safari/537.36"
::ffff:202.193.57.228 - - [22/Jul/2021:08:31:35 +0000] "GET /api/edu/course/get?id=&code=&name= HTTP/1.1" 304 - "http://localhost:9528/" "Mozilla/5.0 (Windows NT 10.0; Win64; x64) AppleWebKit/537.36 (KHTML, like Gecko) Chrome/91.0.4472.164 Safari/537.36"
::ffff:10.37.53.62 - - [22/Jul/2021:08:32:20 +0000] "GET /api/edu/measures/detail?measureId=1 HTTP/1.1" 500 12 "-" "Mozilla/5.0 (Windows NT 10.0; Win64; x64) AppleWebKit/537.36 (KHTML, like Gecko) Chrome/91.0.4472.124 Safari/537.36"
::ffff:10.37.53.62 - - [22/Jul/2021:08:32:46 +0000] "GET /api/edu/measures/detail?measureId=1 HTTP/1.1" 500 12 "-" "Mozilla/5.0 (Windows NT 10.0; Win64; x64) AppleWebKit/537.36 (KHTML, like Gecko) Chrome/91.0.4472.124 Safari/537.36"
::ffff:10.37.53.62 - - [22/Jul/2021:08:33:00 +0000] "GET /api/edu/measures/detail?measureId=1 HTTP/1.1" 500 12 "-" "Mozilla/5.0 (Windows NT 10.0; Win64; x64) AppleWebKit/537.36 (KHTML, like Gecko) Chrome/91.0.4472.124 Safari/537.36"
::ffff:10.37.53.62 - - [22/Jul/2021:08:33:17 +0000] "GET /api/edu/measures/detail?measureId=1 HTTP/1.1" 200 557 "-" "Mozilla/5.0 (Windows NT 10.0; Win64; x64) AppleWebKit/537.36 (KHTML, like Gecko) Chrome/91.0.4472.124 Safari/537.36"
::ffff:10.37.42.238 - - [22/Jul/2021:08:34:18 +0000] "GET /api/edu/course/detail?studentId=1&course_id=1 HTTP/1.1" 304 - "https://servicewechat.com/wx4be232a02d452c65/devtools/page-frame.html" "Mozilla/5.0 (iPhone; CPU iPhone OS 10_3_1 like Mac OS X) AppleWebKit/603.1.3 (KHTML, like Gecko) Version/10.0 Mobile/14E304 Safari/602.1 wechatdevtools/1.05.2105170 MicroMessenger/7.0.4 Language/zh_CN webview/"
::ffff:202.193.57.228 - - [22/Jul/2021:08:34:49 +0000] "GET /api/edu/course/get?id=&code=&name= HTTP/1.1" 304 - "http://localhost:9528/" "Mozilla/5.0 (Windows NT 10.0; Win64; x64) AppleWebKit/537.36 (KHTML, like Gecko) Chrome/91.0.4472.164 Safari/537.36"
::ffff:202.193.57.228 - - [22/Jul/2021:08:34:52 +0000] "OPTIONS /api/edu/course/del HTTP/1.1" 200 4 "http://localhost:9528/" "Mozilla/5.0 (Windows NT 10.0; Win64; x64) AppleWebKit/537.36 (KHTML, like Gecko) Chrome/91.0.4472.164 Safari/537.36"
::ffff:202.193.57.228 - - [22/Jul/2021:08:34:52 +0000] "POST /api/edu/course/del HTTP/1.1" 200 52 "http://localhost:9528/" "Mozilla/5.0 (Windows NT 10.0; Win64; x64) AppleWebKit/537.36 (KHTML, like Gecko) Chrome/91.0.4472.164 Safari/537.36"
::ffff:202.193.57.228 - - [22/Jul/2021:08:34:52 +0000] "GET /api/edu/course/get?id=&code=&name= HTTP/1.1" 304 - "http://localhost:9528/" "Mozilla/5.0 (Windows NT 10.0; Win64; x64) AppleWebKit/537.36 (KHTML, like Gecko) Chrome/91.0.4472.164 Safari/537.36"
::ffff:202.193.57.228 - - [22/Jul/2021:08:36:00 +0000] "GET /api/edu/course/get?id=&code=&name= HTTP/1.1" 304 - "http://localhost:9528/" "Mozilla/5.0 (Windows NT 10.0; Win64; x64) AppleWebKit/537.36 (KHTML, like Gecko) Chrome/91.0.4472.164 Safari/537.36"
::ffff:202.193.57.228 - - [22/Jul/2021:08:36:05 +0000] "OPTIONS /api/edu/course/del HTTP/1.1" 200 4 "http://localhost:9528/" "Mozilla/5.0 (Windows NT 10.0; Win64; x64) AppleWebKit/537.36 (KHTML, like Gecko) Chrome/91.0.4472.164 Safari/537.36"
::ffff:202.193.57.228 - - [22/Jul/2021:08:36:05 +0000] "POST /api/edu/course/del HTTP/1.1" 200 52 "http://localhost:9528/" "Mozilla/5.0 (Windows NT 10.0; Win64; x64) AppleWebKit/537.36 (KHTML, like Gecko) Chrome/91.0.4472.164 Safari/537.36"
::ffff:202.193.57.228 - - [22/Jul/2021:08:36:05 +0000] "GET /api/edu/course/get?id=&code=&name= HTTP/1.1" 304 - "http://localhost:9528/" "Mozilla/5.0 (Windows NT 10.0; Win64; x64) AppleWebKit/537.36 (KHTML, like Gecko) Chrome/91.0.4472.164 Safari/537.36"
::ffff:202.193.57.228 - - [22/Jul/2021:08:37:34 +0000] "GET /api/edu/course/get?id=&code=&name= HTTP/1.1" 304 - "http://localhost:9528/" "Mozilla/5.0 (Windows NT 10.0; Win64; x64) AppleWebKit/537.36 (KHTML, like Gecko) Chrome/91.0.4472.164 Safari/537.36"
::ffff:202.193.57.228 - - [22/Jul/2021:08:37:41 +0000] "OPTIONS /api/edu/course/del HTTP/1.1" 200 4 "http://localhost:9528/" "Mozilla/5.0 (Windows NT 10.0; Win64; x64) AppleWebKit/537.36 (KHTML, like Gecko) Chrome/91.0.4472.164 Safari/537.36"
::ffff:202.193.57.228 - - [22/Jul/2021:08:37:41 +0000] "POST /api/edu/course/del HTTP/1.1" 200 52 "http://localhost:9528/" "Mozilla/5.0 (Windows NT 10.0; Win64; x64) AppleWebKit/537.36 (KHTML, like Gecko) Chrome/91.0.4472.164 Safari/537.36"
::ffff:202.193.57.228 - - [22/Jul/2021:08:37:41 +0000] "GET /api/edu/course/get?id=&code=&name= HTTP/1.1" 304 - "http://localhost:9528/" "Mozilla/5.0 (Windows NT 10.0; Win64; x64) AppleWebKit/537.36 (KHTML, like Gecko) Chrome/91.0.4472.164 Safari/537.36"
::ffff:202.193.57.228 - - [22/Jul/2021:08:37:58 +0000] "OPTIONS /api/edu/course/del HTTP/1.1" 200 4 "http://localhost:9528/" "Mozilla/5.0 (Windows NT 10.0; Win64; x64) AppleWebKit/537.36 (KHTML, like Gecko) Chrome/91.0.4472.164 Safari/537.36"
::ffff:202.193.57.228 - - [22/Jul/2021:08:37:58 +0000] "POST /api/edu/course/del HTTP/1.1" 200 52 "http://localhost:9528/" "Mozilla/5.0 (Windows NT 10.0; Win64; x64) AppleWebKit/537.36 (KHTML, like Gecko) Chrome/91.0.4472.164 Safari/537.36"
::ffff:202.193.57.228 - - [22/Jul/2021:08:37:58 +0000] "GET /api/edu/course/get?id=&code=&name= HTTP/1.1" 304 - "http://localhost:9528/" "Mozilla/5.0 (Windows NT 10.0; Win64; x64) AppleWebKit/537.36 (KHTML, like Gecko) Chrome/91.0.4472.164 Safari/537.36"
::ffff:202.193.57.228 - - [22/Jul/2021:08:38:04 +0000] "OPTIONS /api/edu/course/del HTTP/1.1" 200 4 "http://localhost:9528/" "Mozilla/5.0 (Windows NT 10.0; Win64; x64) AppleWebKit/537.36 (KHTML, like Gecko) Chrome/91.0.4472.164 Safari/537.36"
::ffff:202.193.57.228 - - [22/Jul/2021:08:38:04 +0000] "POST /api/edu/course/del HTTP/1.1" 200 52 "http://localhost:9528/" "Mozilla/5.0 (Windows NT 10.0; Win64; x64) AppleWebKit/537.36 (KHTML, like Gecko) Chrome/91.0.4472.164 Safari/537.36"
::ffff:202.193.57.228 - - [22/Jul/2021:08:38:04 +0000] "GET /api/edu/course/get?id=&code=&name= HTTP/1.1" 304 - "http://localhost:9528/" "Mozilla/5.0 (Windows NT 10.0; Win64; x64) AppleWebKit/537.36 (KHTML, like Gecko) Chrome/91.0.4472.164 Safari/537.36"
::ffff:202.193.57.228 - - [22/Jul/2021:08:38:08 +0000] "POST /api/edu/course/del HTTP/1.1" 200 52 "http://localhost:9528/" "Mozilla/5.0 (Windows NT 10.0; Win64; x64) AppleWebKit/537.36 (KHTML, like Gecko) Chrome/91.0.4472.164 Safari/537.36"
::ffff:202.193.57.228 - - [22/Jul/2021:08:38:08 +0000] "GET /api/edu/course/get?id=&code=&name= HTTP/1.1" 304 - "http://localhost:9528/" "Mozilla/5.0 (Windows NT 10.0; Win64; x64) AppleWebKit/537.36 (KHTML, like Gecko) Chrome/91.0.4472.164 Safari/537.36"
::ffff:202.193.57.228 - - [22/Jul/2021:08:38:17 +0000] "OPTIONS /api/edu/course/del HTTP/1.1" 200 4 "http://localhost:9528/" "Mozilla/5.0 (Windows NT 10.0; Win64; x64) AppleWebKit/537.36 (KHTML, like Gecko) Chrome/91.0.4472.164 Safari/537.36"
::ffff:202.193.57.228 - - [22/Jul/2021:08:38:17 +0000] "POST /api/edu/course/del HTTP/1.1" 200 52 "http://localhost:9528/" "Mozilla/5.0 (Windows NT 10.0; Win64; x64) AppleWebKit/537.36 (KHTML, like Gecko) Chrome/91.0.4472.164 Safari/537.36"
::ffff:202.193.57.228 - - [22/Jul/2021:08:38:17 +0000] "GET /api/edu/course/get?id=&code=&name= HTTP/1.1" 304 - "http://localhost:9528/" "Mozilla/5.0 (Windows NT 10.0; Win64; x64) AppleWebKit/537.36 (KHTML, like Gecko) Chrome/91.0.4472.164 Safari/537.36"
