::1 - - [01/Aug/2021:05:43:57 +0000] "OPTIONS /api/edu/files/upload HTTP/1.1" 200 4 "http://127.0.0.1:5500/" "Mozilla/5.0 (Windows NT 10.0; Win64; x64) AppleWebKit/537.36 (KHTML, like Gecko) Chrome/92.0.4515.107 Safari/537.36"
::1 - - [01/Aug/2021:05:43:58 +0000] "POST /api/edu/files/upload HTTP/1.1" 200 304 "http://127.0.0.1:5500/" "Mozilla/5.0 (Windows NT 10.0; Win64; x64) AppleWebKit/537.36 (KHTML, like Gecko) Chrome/92.0.4515.107 Safari/537.36"
::ffff:10.37.53.62 - - [01/Aug/2021:05:49:04 +0000] "GET /api/edu/files/show?file_name=1627796637995-2.mp4 HTTP/1.1" 200 - "-" "Mozilla/5.0 (Windows NT 10.0; Win64; x64) AppleWebKit/537.36 (KHTML, like Gecko) Chrome/92.0.4515.107 Safari/537.36"
::ffff:10.37.53.62 - - [01/Aug/2021:05:49:19 +0000] "GET /api/edu/files/show?file_name=1627796637995-2.mp4 HTTP/1.1" 200 - "http://127.0.0.1:5500/" "Mozilla/5.0 (Windows NT 10.0; Win64; x64) AppleWebKit/537.36 (KHTML, like Gecko) Chrome/92.0.4515.107 Safari/537.36"
::ffff:10.37.53.62 - - [01/Aug/2021:05:49:34 +0000] "GET /api/edu/files/show?file_name=1627796637995-2.mp4 HTTP/1.1" 200 - "http://127.0.0.1:5500/" "Mozilla/5.0 (Windows NT 10.0; Win64; x64) AppleWebKit/537.36 (KHTML, like Gecko) Chrome/92.0.4515.107 Safari/537.36"
::ffff:10.37.41.160 - - [01/Aug/2021:05:50:32 +0000] "GET /favicon.ico HTTP/1.1" 404 33 "-" "Mozilla/5.0 (Windows NT 10.0; WOW64) AppleWebKit/537.36 (KHTML, like Gecko) Chrome/80.0.3987.87 Safari/537.36 SE 2.X MetaSr 1.0"
::ffff:10.37.53.62 - - [01/Aug/2021:05:50:37 +0000] "GET /api/edu/files/show?file_name=1627796637995-2.mp4 HTTP/1.1" 200 - "http://127.0.0.1:5500/" "Mozilla/5.0 (Windows NT 10.0; Win64; x64) AppleWebKit/537.36 (KHTML, like Gecko) Chrome/92.0.4515.107 Safari/537.36"
::ffff:10.37.53.62 - - [01/Aug/2021:05:50:43 +0000] "GET /api/edu/files/show?file_name=1627796637995-2.mp4 HTTP/1.1" 200 - "http://127.0.0.1:5500/" "Mozilla/5.0 (Windows NT 10.0; Win64; x64) AppleWebKit/537.36 (KHTML, like Gecko) Chrome/92.0.4515.107 Safari/537.36"
::ffff:10.37.41.160 - - [01/Aug/2021:05:50:52 +0000] "GET /api/edu/files/show?file_name=1627796637995-2.mp4 HTTP/1.1" 200 - "-" "Mozilla/5.0 (Windows NT 10.0; WOW64) AppleWebKit/537.36 (KHTML, like Gecko) Chrome/80.0.3987.87 Safari/537.36 SE 2.X MetaSr 1.0"
::ffff:202.193.57.228 - - [01/Aug/2021:05:54:43 +0000] "OPTIONS /api/edu/files/upload HTTP/1.1" 200 4 "http://localhost:63342/" "Mozilla/5.0 (Windows NT 10.0; Win64; x64) AppleWebKit/537.36 (KHTML, like Gecko) Chrome/92.0.4515.107 Safari/537.36"
::ffff:202.193.57.228 - - [01/Aug/2021:05:58:42 +0000] "OPTIONS /api/edu/files/upload HTTP/1.1" 200 4 "http://localhost:63342/" "Mozilla/5.0 (Windows NT 10.0; Win64; x64) AppleWebKit/537.36 (KHTML, like Gecko) Chrome/92.0.4515.107 Safari/537.36"
::ffff:202.193.57.228 - - [01/Aug/2021:05:58:42 +0000] "POST /api/edu/files/upload HTTP/1.1" 200 431 "http://localhost:63342/" "Mozilla/5.0 (Windows NT 10.0; Win64; x64) AppleWebKit/537.36 (KHTML, like Gecko) Chrome/92.0.4515.107 Safari/537.36"
::ffff:202.193.57.228 - - [01/Aug/2021:05:59:04 +0000] "OPTIONS /api/edu/files/upload HTTP/1.1" 200 4 "http://localhost:63342/" "Mozilla/5.0 (Windows NT 10.0; Win64; x64) AppleWebKit/537.36 (KHTML, like Gecko) Chrome/92.0.4515.107 Safari/537.36"
::ffff:10.37.53.62 - - [01/Aug/2021:06:01:23 +0000] "GET /api/edu/files/show?file_name=1627796637995-2.mp4 HTTP/1.1" 200 - "-" "Mozilla/5.0 (Windows NT 10.0; Win64; x64) AppleWebKit/537.36 (KHTML, like Gecko) Chrome/92.0.4515.107 Safari/537.36"
::ffff:10.37.53.62 - - [01/Aug/2021:06:01:26 +0000] "GET /api/edu/files/show?file_name=1627796637995-2.mp4 HTTP/1.1" 200 - "http://127.0.0.1:5500/" "Mozilla/5.0 (Windows NT 10.0; Win64; x64) AppleWebKit/537.36 (KHTML, like Gecko) Chrome/92.0.4515.107 Safari/537.36"
::1 - - [01/Aug/2021:06:01:34 +0000] "OPTIONS /api/edu/files/upload HTTP/1.1" 200 4 "http://127.0.0.1:5500/" "Mozilla/5.0 (Windows NT 10.0; Win64; x64) AppleWebKit/537.36 (KHTML, like Gecko) Chrome/92.0.4515.107 Safari/537.36"
::1 - - [01/Aug/2021:06:01:34 +0000] "POST /api/edu/files/upload HTTP/1.1" 200 304 "http://127.0.0.1:5500/" "Mozilla/5.0 (Windows NT 10.0; Win64; x64) AppleWebKit/537.36 (KHTML, like Gecko) Chrome/92.0.4515.107 Safari/537.36"
::ffff:10.37.53.62 - - [01/Aug/2021:06:01:35 +0000] "GET /api/edu/files/show?file_name=1627796637995-2.mp4 HTTP/1.1" 200 - "http://127.0.0.1:5500/" "Mozilla/5.0 (Windows NT 10.0; Win64; x64) AppleWebKit/537.36 (KHTML, like Gecko) Chrome/92.0.4515.107 Safari/537.36"
::ffff:10.37.53.62 - - [01/Aug/2021:06:01:50 +0000] "GET /api/edu/files/show?file_name=1627796637995-2.mp4 HTTP/1.1" 200 - "http://127.0.0.1:5500/" "Mozilla/5.0 (Windows NT 10.0; Win64; x64) AppleWebKit/537.36 (KHTML, like Gecko) Chrome/92.0.4515.107 Safari/537.36"
::ffff:10.37.53.62 - - [01/Aug/2021:06:03:12 +0000] "GET /api/edu/files/show?file_name=index.html HTTP/1.1" 200 69 "-" "Mozilla/5.0 (Windows NT 10.0; Win64; x64) AppleWebKit/537.36 (KHTML, like Gecko) Chrome/92.0.4515.107 Safari/537.36"
::ffff:10.37.53.62 - - [01/Aug/2021:06:03:13 +0000] "GET /favicon.ico HTTP/1.1" 404 33 "http://10.37.53.62:8000/api/edu/files/show?file_name=index.html" "Mozilla/5.0 (Windows NT 10.0; Win64; x64) AppleWebKit/537.36 (KHTML, like Gecko) Chrome/92.0.4515.107 Safari/537.36"
::ffff:10.37.53.62 - - [01/Aug/2021:06:03:58 +0000] "GET /api/edu/files/show?file_name=index.html HTTP/1.1" 200 - "-" "Mozilla/5.0 (Windows NT 10.0; Win64; x64) AppleWebKit/537.36 (KHTML, like Gecko) Chrome/92.0.4515.107 Safari/537.36"
::ffff:10.37.53.62 - - [01/Aug/2021:06:03:58 +0000] "GET /api/edu/files/show?file_name=1627796637995-2.mp4 HTTP/1.1" 200 - "http://10.37.53.62:8000/api/edu/files/show?file_name=index.html" "Mozilla/5.0 (Windows NT 10.0; Win64; x64) AppleWebKit/537.36 (KHTML, like Gecko) Chrome/92.0.4515.107 Safari/537.36"
::ffff:10.37.53.62 - - [01/Aug/2021:06:04:13 +0000] "GET /api/edu/files/show?file_name=1627796637995-2.mp4 HTTP/1.1" 200 - "http://10.37.53.62:8000/api/edu/files/show?file_name=index.html" "Mozilla/5.0 (Windows NT 10.0; Win64; x64) AppleWebKit/537.36 (KHTML, like Gecko) Chrome/92.0.4515.107 Safari/537.36"
::ffff:202.193.57.228 - - [01/Aug/2021:06:04:22 +0000] "GET /api/edu/files/show?file_name=index.html HTTP/1.1" 200 - "-" "Mozilla/5.0 (Windows NT 10.0; Win64; x64) AppleWebKit/537.36 (KHTML, like Gecko) Chrome/92.0.4515.107 Safari/537.36"
::ffff:202.193.57.228 - - [01/Aug/2021:06:04:23 +0000] "GET /favicon.ico HTTP/1.1" 404 33 "http://10.37.53.62:8000/api/edu/files/show?file_name=index.html" "Mozilla/5.0 (Windows NT 10.0; Win64; x64) AppleWebKit/537.36 (KHTML, like Gecko) Chrome/92.0.4515.107 Safari/537.36"
::ffff:202.193.57.228 - - [01/Aug/2021:06:04:24 +0000] "GET /api/edu/files/show?file_name=1627796637995-2.mp4 HTTP/1.1" 200 - "http://10.37.53.62:8000/api/edu/files/show?file_name=index.html" "Mozilla/5.0 (Windows NT 10.0; Win64; x64) AppleWebKit/537.36 (KHTML, like Gecko) Chrome/92.0.4515.107 Safari/537.36"
::ffff:202.193.57.228 - - [01/Aug/2021:06:04:26 +0000] "GET /favicon.ico HTTP/1.1" 404 33 "http://10.37.53.62:8000/api/edu/files/show?file_name=index.html" "Mozilla/5.0 (Windows NT 10.0; Win64; x64) AppleWebKit/537.36 (KHTML, like Gecko) Chrome/92.0.4515.107 Safari/537.36"
::1 - - [01/Aug/2021:06:04:28 +0000] "OPTIONS /api/edu/files/upload HTTP/1.1" 200 4 "http://10.37.53.62:8000/" "Mozilla/5.0 (Windows NT 10.0; Win64; x64) AppleWebKit/537.36 (KHTML, like Gecko) Chrome/92.0.4515.107 Safari/537.36"
::1 - - [01/Aug/2021:06:04:29 +0000] "POST /api/edu/files/upload HTTP/1.1" 200 304 "http://10.37.53.62:8000/" "Mozilla/5.0 (Windows NT 10.0; Win64; x64) AppleWebKit/537.36 (KHTML, like Gecko) Chrome/92.0.4515.107 Safari/537.36"
::ffff:202.193.57.228 - - [01/Aug/2021:06:04:33 +0000] "GET /api/edu/files/show?file_name=1627796637995-2.mp4 HTTP/1.1" 200 - "http://10.37.53.62:8000/api/edu/files/show?file_name=index.html" "Mozilla/5.0 (Windows NT 10.0; Win64; x64) AppleWebKit/537.36 (KHTML, like Gecko) Chrome/92.0.4515.107 Safari/537.36"
::ffff:10.37.41.160 - - [01/Aug/2021:06:04:38 +0000] "GET /api/edu/files/show?file_name=index.html HTTP/1.1" 200 - "-" "Mozilla/5.0 (Windows NT 10.0; WOW64) AppleWebKit/537.36 (KHTML, like Gecko) Chrome/75.0.0.8793 Safari/537.36"
::ffff:10.37.41.160 - - [01/Aug/2021:06:04:48 +0000] "GET /api/edu/files/show?file_name=index.html HTTP/1.1" 200 - "-" "Mozilla/5.0 (Windows NT 10.0; WOW64) AppleWebKit/537.36 (KHTML, like Gecko) Chrome/75.0.0.8793 Safari/537.36"
::ffff:10.37.41.160 - - [01/Aug/2021:06:04:54 +0000] "GET /api/edu/files/show?file_name=index.html HTTP/1.1" 200 - "-" "Mozilla/5.0 (Windows NT 10.0; WOW64) AppleWebKit/537.36 (KHTML, like Gecko) Chrome/75.0.0.8793 Safari/537.36"
::ffff:10.37.41.160 - - [01/Aug/2021:06:04:59 +0000] "GET /api/edu/files/show?file_name=index.html HTTP/1.1" 200 - "-" "Mozilla/5.0 (Windows NT 10.0; WOW64) AppleWebKit/537.36 (KHTML, like Gecko) Chrome/75.0.0.8793 Safari/537.36"
::ffff:10.37.53.62 - - [01/Aug/2021:06:05:00 +0000] "GET /api/edu/files/show?file_name=index.html HTTP/1.1" 200 - "-" "Mozilla/5.0 (Windows NT 10.0; Win64; x64) AppleWebKit/537.36 (KHTML, like Gecko) Chrome/92.0.4515.107 Safari/537.36"
::ffff:10.37.41.160 - - [01/Aug/2021:06:05:01 +0000] "GET /api/edu/files/show?file_name=index.html HTTP/1.1" 200 - "-" "Mozilla/5.0 (Windows NT 10.0; WOW64) AppleWebKit/537.36 (KHTML, like Gecko) Chrome/75.0.0.8793 Safari/537.36"
::ffff:10.37.53.62 - - [01/Aug/2021:06:05:08 +0000] "GET /api/edu/files/show?file_name=index.html HTTP/1.1" 200 - "-" "Mozilla/5.0 (Windows NT 10.0; Win64; x64) AppleWebKit/537.36 (KHTML, like Gecko) Chrome/92.0.4515.107 Safari/537.36"
::ffff:202.193.57.228 - - [01/Aug/2021:06:05:09 +0000] "GET /api/edu/files/show?file_name=index.html HTTP/1.1" 200 - "-" "Mozilla/5.0 (Windows NT 10.0; Win64; x64) AppleWebKit/537.36 (KHTML, like Gecko) Chrome/92.0.4515.107 Safari/537.36"
::ffff:10.37.41.160 - - [01/Aug/2021:06:05:09 +0000] "GET /favicon.ico HTTP/1.1" 404 33 "http://10.37.53.62:8000/api/edu/files/show?file_name=index.html" "Mozilla/5.0 (Windows NT 10.0; WOW64) AppleWebKit/537.36 (KHTML, like Gecko) Chrome/75.0.0.8793 Safari/537.36"
::ffff:202.193.57.228 - - [01/Aug/2021:06:05:46 +0000] "GET /api/edu/files/show?file_name=index.html HTTP/1.1" 200 - "-" "Mozilla/5.0 (Windows NT 10.0; Win64; x64) AppleWebKit/537.36 (KHTML, like Gecko) Chrome/92.0.4515.107 Safari/537.36"
::ffff:202.193.57.228 - - [01/Aug/2021:06:05:49 +0000] "GET /api/edu/files/show?file_name=index.html HTTP/1.1" 200 - "-" "Mozilla/5.0 (Windows NT 10.0; Win64; x64) AppleWebKit/537.36 (KHTML, like Gecko) Chrome/92.0.4515.107 Safari/537.36"
::ffff:202.193.57.228 - - [01/Aug/2021:06:05:50 +0000] "GET /api/edu/files/show?file_name=index.html HTTP/1.1" 200 - "-" "Mozilla/5.0 (Windows NT 10.0; Win64; x64) AppleWebKit/537.36 (KHTML, like Gecko) Chrome/92.0.4515.107 Safari/537.36"
::ffff:202.193.57.228 - - [01/Aug/2021:06:05:51 +0000] "GET /api/edu/files/show?file_name=index.html HTTP/1.1" 200 - "-" "Mozilla/5.0 (Windows NT 10.0; Win64; x64) AppleWebKit/537.36 (KHTML, like Gecko) Chrome/92.0.4515.107 Safari/537.36"
::ffff:202.193.57.228 - - [01/Aug/2021:06:05:52 +0000] "GET /api/edu/files/show?file_name=index.html HTTP/1.1" 200 - "-" "Mozilla/5.0 (Windows NT 10.0; Win64; x64) AppleWebKit/537.36 (KHTML, like Gecko) Chrome/92.0.4515.107 Safari/537.36"
::ffff:202.193.57.228 - - [01/Aug/2021:06:05:53 +0000] "GET /api/edu/files/show?file_name=index.html HTTP/1.1" 200 - "-" "Mozilla/5.0 (Windows NT 10.0; Win64; x64) AppleWebKit/537.36 (KHTML, like Gecko) Chrome/92.0.4515.107 Safari/537.36"
::ffff:202.193.57.228 - - [01/Aug/2021:06:05:55 +0000] "GET /api/edu/files/show?file_name=index.html HTTP/1.1" 200 - "-" "Mozilla/5.0 (Windows NT 10.0; Win64; x64) AppleWebKit/537.36 (KHTML, like Gecko) Chrome/92.0.4515.107 Safari/537.36"
::ffff:202.193.57.228 - - [01/Aug/2021:06:05:55 +0000] "GET /api/edu/files/show?file_name=index.html HTTP/1.1" 200 - "-" "Mozilla/5.0 (Windows NT 10.0; Win64; x64) AppleWebKit/537.36 (KHTML, like Gecko) Chrome/92.0.4515.107 Safari/537.36"
::ffff:10.12.0.158 - - [01/Aug/2021:06:09:43 +0000] "GET /api/edu/files/show?file_name=index.html HTTP/1.1" 200 - "-" "Mozilla/5.0 (Windows NT 6.1; WOW64) AppleWebKit/537.36 (KHTML, like Gecko) Chrome/58.0.3029.110 Safari/537.36 SE 2.X MetaSr 1.0"
::ffff:10.12.0.158 - - [01/Aug/2021:06:09:47 +0000] "GET /favicon.ico HTTP/1.1" 404 33 "-" "Mozilla/5.0 (Windows NT 6.1; WOW64) AppleWebKit/537.36 (KHTML, like Gecko) Chrome/58.0.3029.110 Safari/537.36 SE 2.X MetaSr 1.0"
::ffff:10.12.0.158 - - [01/Aug/2021:06:12:31 +0000] "GET /api/edu/files/show?file_name=index.html HTTP/1.1" 200 - "-" "Mozilla/5.0 (Windows NT 6.1; WOW64) AppleWebKit/537.36 (KHTML, like Gecko) Chrome/58.0.3029.110 Safari/537.36 SE 2.X MetaSr 1.0"
::ffff:10.12.0.158 - - [01/Aug/2021:06:14:14 +0000] "GET /api/edu/files/show?file_name=index.html HTTP/1.1" 200 - "-" "Mozilla/5.0 (Windows NT 6.1; WOW64) AppleWebKit/537.36 (KHTML, like Gecko) Chrome/58.0.3029.110 Safari/537.36 SE 2.X MetaSr 1.0"
::ffff:10.12.0.158 - - [01/Aug/2021:06:17:08 +0000] "GET /api/edu/files/show?file_name=index.html HTTP/1.1" 200 - "-" "Mozilla/5.0 (Windows NT 6.1; WOW64) AppleWebKit/537.36 (KHTML, like Gecko) Chrome/58.0.3029.110 Safari/537.36 SE 2.X MetaSr 1.0"
::ffff:10.12.0.158 - - [01/Aug/2021:06:22:15 +0000] "POST /api/edu/files/upload HTTP/1.1" 200 304 "http://10.37.53.62:8000/api/edu/files/show?file_name=index.html" "Mozilla/5.0 (Windows NT 6.1; WOW64) AppleWebKit/537.36 (KHTML, like Gecko) Chrome/58.0.3029.110 Safari/537.36 SE 2.X MetaSr 1.0"
::ffff:10.37.41.160 - - [01/Aug/2021:06:23:19 +0000] "GET /api/edu/files/show?file_name=index.html HTTP/1.1" 200 - "-" "Mozilla/5.0 (Windows NT 10.0; Win64; x64) AppleWebKit/537.36 (KHTML, like Gecko) Chrome/73.0.3683.75 Safari/537.36"
::ffff:10.37.41.160 - - [01/Aug/2021:06:23:40 +0000] "GET /favicon.ico HTTP/1.1" 404 33 "http://10.37.53.62:8000/api/edu/files/show?file_name=index.html" "Mozilla/5.0 (Windows NT 10.0; Win64; x64) AppleWebKit/537.36 (KHTML, like Gecko) Chrome/73.0.3683.75 Safari/537.36"
::ffff:10.37.41.160 - - [01/Aug/2021:06:23:54 +0000] "POST /api/edu/files/upload HTTP/1.1" 200 370 "http://10.37.53.62:8000/api/edu/files/show?file_name=index.html" "Mozilla/5.0 (Windows NT 10.0; Win64; x64) AppleWebKit/537.36 (KHTML, like Gecko) Chrome/73.0.3683.75 Safari/537.36"
::ffff:202.193.57.228 - - [01/Aug/2021:06:24:34 +0000] "GET /api/edu/files/show?file_name=index.html HTTP/1.1" 200 - "-" "Mozilla/5.0 (Windows NT 10.0; Win64; x64) AppleWebKit/537.36 (KHTML, like Gecko) Chrome/92.0.4515.107 Safari/537.36"
::ffff:202.193.57.228 - - [01/Aug/2021:06:24:43 +0000] "POST /api/edu/files/upload HTTP/1.1" 200 373 "http://10.37.53.62:8000/api/edu/files/show?file_name=index.html" "Mozilla/5.0 (Windows NT 10.0; Win64; x64) AppleWebKit/537.36 (KHTML, like Gecko) Chrome/92.0.4515.107 Safari/537.36"
::ffff:202.193.57.228 - - [01/Aug/2021:06:27:56 +0000] "GET /api/edu/course/get?curPage=1&id=&code=&name= HTTP/1.1" 200 3637 "http://localhost:9528/" "Mozilla/5.0 (Windows NT 10.0; Win64; x64) AppleWebKit/537.36 (KHTML, like Gecko) Chrome/92.0.4515.107 Safari/537.36"
::ffff:202.193.57.228 - - [01/Aug/2021:06:27:56 +0000] "GET /api/edu/teacher/getTeachersCourse?teacherId=11 HTTP/1.1" 200 1081 "http://localhost:9528/" "Mozilla/5.0 (Windows NT 10.0; Win64; x64) AppleWebKit/537.36 (KHTML, like Gecko) Chrome/92.0.4515.107 Safari/537.36"
::ffff:202.193.57.228 - - [01/Aug/2021:06:27:56 +0000] "GET /api/edu/class/get?curPage=1&viceTeacherId=11 HTTP/1.1" 200 12706 "http://localhost:9528/" "Mozilla/5.0 (Windows NT 10.0; Win64; x64) AppleWebKit/537.36 (KHTML, like Gecko) Chrome/92.0.4515.107 Safari/537.36"
::ffff:202.193.57.228 - - [01/Aug/2021:06:28:00 +0000] "GET /api/edu/course/get?curPage=1&id=&code=&name= HTTP/1.1" 304 - "http://localhost:9528/" "Mozilla/5.0 (Windows NT 10.0; Win64; x64) AppleWebKit/537.36 (KHTML, like Gecko) Chrome/92.0.4515.107 Safari/537.36"
::ffff:202.193.57.228 - - [01/Aug/2021:06:28:07 +0000] "GET /api/edu/files/get?module_id=1&module_name=%E8%AF%BE%E7%A8%8B HTTP/1.1" 200 32 "http://localhost:9528/" "Mozilla/5.0 (Windows NT 10.0; Win64; x64) AppleWebKit/537.36 (KHTML, like Gecko) Chrome/92.0.4515.107 Safari/537.36"
::ffff:202.193.57.228 - - [01/Aug/2021:06:28:11 +0000] "GET /api/edu/course/get?curPage=1&id=&code=&name= HTTP/1.1" 304 - "http://localhost:9528/" "Mozilla/5.0 (Windows NT 10.0; Win64; x64) AppleWebKit/537.36 (KHTML, like Gecko) Chrome/92.0.4515.107 Safari/537.36"
::ffff:202.193.57.228 - - [01/Aug/2021:06:28:13 +0000] "GET /api/edu/files/get?module_id=1&module_name=%E8%AF%BE%E7%A8%8B HTTP/1.1" 304 - "http://localhost:9528/" "Mozilla/5.0 (Windows NT 10.0; Win64; x64) AppleWebKit/537.36 (KHTML, like Gecko) Chrome/92.0.4515.107 Safari/537.36"
::ffff:202.193.57.228 - - [01/Aug/2021:06:28:18 +0000] "OPTIONS /api/edu/files/upload HTTP/1.1" 200 4 "http://localhost:9528/" "Mozilla/5.0 (Windows NT 10.0; Win64; x64) AppleWebKit/537.36 (KHTML, like Gecko) Chrome/92.0.4515.107 Safari/537.36"
::ffff:202.193.57.228 - - [01/Aug/2021:06:28:22 +0000] "POST /api/edu/files/upload HTTP/1.1" 200 379 "http://localhost:9528/" "Mozilla/5.0 (Windows NT 10.0; Win64; x64) AppleWebKit/537.36 (KHTML, like Gecko) Chrome/92.0.4515.107 Safari/537.36"
::ffff:202.193.57.228 - - [01/Aug/2021:06:28:22 +0000] "GET /api/edu/files/get?module_id=1&module_name=%E8%AF%BE%E7%A8%8B HTTP/1.1" 200 413 "http://localhost:9528/" "Mozilla/5.0 (Windows NT 10.0; Win64; x64) AppleWebKit/537.36 (KHTML, like Gecko) Chrome/92.0.4515.107 Safari/537.36"
::ffff:10.12.0.158 - - [01/Aug/2021:06:35:14 +0000] "POST /api/edu/files/upload HTTP/1.1" 200 366 "http://10.37.53.62:8000/api/edu/files/show?file_name=index.html" "Mozilla/5.0 (Windows NT 6.1; WOW64) AppleWebKit/537.36 (KHTML, like Gecko) Chrome/58.0.3029.110 Safari/537.36 SE 2.X MetaSr 1.0"
::ffff:10.12.0.158 - - [01/Aug/2021:06:35:16 +0000] "GET /api/edu/files/show?file_name=index.html HTTP/1.1" 200 - "-" "Mozilla/5.0 (Windows NT 6.1; WOW64) AppleWebKit/537.36 (KHTML, like Gecko) Chrome/58.0.3029.110 Safari/537.36 SE 2.X MetaSr 1.0"
::ffff:10.12.0.158 - - [01/Aug/2021:06:35:22 +0000] "POST /api/edu/files/upload HTTP/1.1" 200 366 "http://10.37.53.62:8000/api/edu/files/show?file_name=index.html" "Mozilla/5.0 (Windows NT 6.1; WOW64) AppleWebKit/537.36 (KHTML, like Gecko) Chrome/58.0.3029.110 Safari/537.36 SE 2.X MetaSr 1.0"
::1 - - [01/Aug/2021:07:18:23 +0000] "GET /api/edu/student/getUnQualifiedScores?studentId=49 HTTP/1.1" 200 698 "-" "Mozilla/5.0 (Windows NT 10.0; Win64; x64) AppleWebKit/537.36 (KHTML, like Gecko) Chrome/92.0.4515.107 Safari/537.36"
::1 - - [01/Aug/2021:07:18:24 +0000] "GET /favicon.ico HTTP/1.1" 404 33 "http://localhost:8000/api/edu/student/getUnQualifiedScores?studentId=49" "Mozilla/5.0 (Windows NT 10.0; Win64; x64) AppleWebKit/537.36 (KHTML, like Gecko) Chrome/92.0.4515.107 Safari/537.36"
::1 - - [01/Aug/2021:07:22:41 +0000] "GET /api/edu/student/getUnQualifiedScores?studentId=49 HTTP/1.1" 200 698 "-" "Mozilla/5.0 (Windows NT 10.0; Win64; x64) AppleWebKit/537.36 (KHTML, like Gecko) Chrome/92.0.4515.107 Safari/537.36"
::1 - - [01/Aug/2021:09:25:04 +0000] "GET /api/edu/organization/getSpecialRecordStudents HTTP/1.1" 200 2460 "-" "Mozilla/5.0 (Windows NT 10.0; Win64; x64) AppleWebKit/537.36 (KHTML, like Gecko) Chrome/92.0.4515.107 Safari/537.36"
::1 - - [01/Aug/2021:09:26:52 +0000] "GET /api/edu/organization/getSpecialRecordStudents HTTP/1.1" 200 2460 "-" "Mozilla/5.0 (Windows NT 10.0; Win64; x64) AppleWebKit/537.36 (KHTML, like Gecko) Chrome/92.0.4515.107 Safari/537.36"
::1 - - [01/Aug/2021:10:59:46 +0000] "GET /api/edu/organization/getSpecialRecordStudents HTTP/1.1" 200 32 "-" "Mozilla/5.0 (Windows NT 10.0; Win64; x64) AppleWebKit/537.36 (KHTML, like Gecko) Chrome/92.0.4515.107 Safari/537.36"
