::ffff:10.37.42.238 - - [28/Jul/2021:07:17:13 +0000] "GET /api/edu/student/getUnQualifiedScores?studentId=1 HTTP/1.1" 304 - "https://servicewechat.com/wx4be232a02d452c65/devtools/page-frame.html" "Mozilla/5.0 (iPhone; CPU iPhone OS 10_3_1 like Mac OS X) AppleWebKit/603.1.3 (KHTML, like Gecko) Version/10.0 Mobile/14E304 Safari/602.1 wechatdevtools/1.05.2105170 MicroMessenger/7.0.4 Language/zh_CN webview/"
::ffff:10.37.42.238 - - [28/Jul/2021:07:17:13 +0000] "GET /api/edu/student/getQualifiedScores?studentId=1 HTTP/1.1" 304 - "https://servicewechat.com/wx4be232a02d452c65/devtools/page-frame.html" "Mozilla/5.0 (iPhone; CPU iPhone OS 10_3_1 like Mac OS X) AppleWebKit/603.1.3 (KHTML, like Gecko) Version/10.0 Mobile/14E304 Safari/602.1 wechatdevtools/1.05.2105170 MicroMessenger/7.0.4 Language/zh_CN webview/"
::ffff:10.37.42.238 - - [28/Jul/2021:07:17:16 +0000] "GET /api/edu/studentWork/detail?homeWorkId=1 HTTP/1.1" 304 - "https://servicewechat.com/wx4be232a02d452c65/devtools/page-frame.html" "Mozilla/5.0 (iPhone; CPU iPhone OS 10_3_1 like Mac OS X) AppleWebKit/603.1.3 (KHTML, like Gecko) Version/10.0 Mobile/14E304 Safari/602.1 wechatdevtools/1.05.2105170 MicroMessenger/7.0.4 Language/zh_CN webview/"
::ffff:10.37.42.238 - - [28/Jul/2021:07:17:16 +0000] "GET /api/edu/files/show?file_name=1626609161571-download.jpg HTTP/1.1" 200 - "https://servicewechat.com/wx4be232a02d452c65/devtools/page-frame.html" "Mozilla/5.0 (iPhone; CPU iPhone OS 10_3_1 like Mac OS X) AppleWebKit/603.1.3 (KHTML, like Gecko) Version/10.0 Mobile/14E304 Safari/602.1 wechatdevtools/1.05.2105170 MicroMessenger/7.0.4 Language/zh_CN webview/29 desktopapp miniprogram port/37744 token/f529b38298c42290f9df3639936c7ae7 runtime/2"
::ffff:10.37.42.238 - - [28/Jul/2021:07:17:34 +0000] "GET /api/edu/student/getUnQualifiedScores?studentId=1 HTTP/1.1" 304 - "https://servicewechat.com/wx4be232a02d452c65/devtools/page-frame.html" "Mozilla/5.0 (iPhone; CPU iPhone OS 10_3_1 like Mac OS X) AppleWebKit/603.1.3 (KHTML, like Gecko) Version/10.0 Mobile/14E304 Safari/602.1 wechatdevtools/1.05.2105170 MicroMessenger/7.0.4 Language/zh_CN webview/"
::ffff:10.37.42.238 - - [28/Jul/2021:07:17:34 +0000] "GET /api/edu/student/getQualifiedScores?studentId=1 HTTP/1.1" 304 - "https://servicewechat.com/wx4be232a02d452c65/devtools/page-frame.html" "Mozilla/5.0 (iPhone; CPU iPhone OS 10_3_1 like Mac OS X) AppleWebKit/603.1.3 (KHTML, like Gecko) Version/10.0 Mobile/14E304 Safari/602.1 wechatdevtools/1.05.2105170 MicroMessenger/7.0.4 Language/zh_CN webview/"
::ffff:10.37.42.238 - - [28/Jul/2021:07:17:37 +0000] "GET /api/edu/studentWork/detail?homeWorkId=1 HTTP/1.1" 304 - "https://servicewechat.com/wx4be232a02d452c65/devtools/page-frame.html" "Mozilla/5.0 (iPhone; CPU iPhone OS 10_3_1 like Mac OS X) AppleWebKit/603.1.3 (KHTML, like Gecko) Version/10.0 Mobile/14E304 Safari/602.1 wechatdevtools/1.05.2105170 MicroMessenger/7.0.4 Language/zh_CN webview/"
::ffff:10.37.42.238 - - [28/Jul/2021:07:17:37 +0000] "GET /api/edu/files/show?file_name=1626609161571-download.jpg HTTP/1.1" 200 - "https://servicewechat.com/wx4be232a02d452c65/devtools/page-frame.html" "Mozilla/5.0 (iPhone; CPU iPhone OS 10_3_1 like Mac OS X) AppleWebKit/603.1.3 (KHTML, like Gecko) Version/10.0 Mobile/14E304 Safari/602.1 wechatdevtools/1.05.2105170 MicroMessenger/7.0.4 Language/zh_CN webview/31 desktopapp miniprogram port/37744 token/f529b38298c42290f9df3639936c7ae7 runtime/2"
::ffff:10.37.42.238 - - [28/Jul/2021:07:17:53 +0000] "GET /api/edu/student/getQualifiedScores?studentId=1 HTTP/1.1" 304 - "https://servicewechat.com/wx4be232a02d452c65/devtools/page-frame.html" "Mozilla/5.0 (iPhone; CPU iPhone OS 10_3_1 like Mac OS X) AppleWebKit/603.1.3 (KHTML, like Gecko) Version/10.0 Mobile/14E304 Safari/602.1 wechatdevtools/1.05.2105170 MicroMessenger/7.0.4 Language/zh_CN webview/"
::ffff:10.37.42.238 - - [28/Jul/2021:07:17:53 +0000] "GET /api/edu/student/getUnQualifiedScores?studentId=1 HTTP/1.1" 304 - "https://servicewechat.com/wx4be232a02d452c65/devtools/page-frame.html" "Mozilla/5.0 (iPhone; CPU iPhone OS 10_3_1 like Mac OS X) AppleWebKit/603.1.3 (KHTML, like Gecko) Version/10.0 Mobile/14E304 Safari/602.1 wechatdevtools/1.05.2105170 MicroMessenger/7.0.4 Language/zh_CN webview/"
::ffff:10.37.42.238 - - [28/Jul/2021:07:17:55 +0000] "GET /api/edu/studentWork/detail?homeWorkId=1 HTTP/1.1" 304 - "https://servicewechat.com/wx4be232a02d452c65/devtools/page-frame.html" "Mozilla/5.0 (iPhone; CPU iPhone OS 10_3_1 like Mac OS X) AppleWebKit/603.1.3 (KHTML, like Gecko) Version/10.0 Mobile/14E304 Safari/602.1 wechatdevtools/1.05.2105170 MicroMessenger/7.0.4 Language/zh_CN webview/"
::ffff:10.37.42.238 - - [28/Jul/2021:07:17:55 +0000] "GET /api/edu/files/show?file_name=1626609161571-download.jpg HTTP/1.1" 200 - "https://servicewechat.com/wx4be232a02d452c65/devtools/page-frame.html" "Mozilla/5.0 (iPhone; CPU iPhone OS 10_3_1 like Mac OS X) AppleWebKit/603.1.3 (KHTML, like Gecko) Version/10.0 Mobile/14E304 Safari/602.1 wechatdevtools/1.05.2105170 MicroMessenger/7.0.4 Language/zh_CN webview/33 desktopapp miniprogram port/37744 token/f529b38298c42290f9df3639936c7ae7 runtime/2"
::ffff:10.37.42.238 - - [28/Jul/2021:07:17:56 +0000] "GET /api/edu/files/upload?file=&module_name=homework&module_id=1&file_usage=%E4%BD%9C%E4%B8%9A HTTP/1.1" 404 33 "https://servicewechat.com/wx4be232a02d452c65/devtools/page-frame.html" "Mozilla/5.0 (iPhone; CPU iPhone OS 10_3_1 like Mac OS X) AppleWebKit/603.1.3 (KHTML, like Gecko) Version/10.0 Mobile/14E304 Safari/602.1 wechatdevtools/1.05.2105170 MicroMessenger/7.0.4 Language/zh_CN webview/"
::ffff:202.193.57.228 - - [28/Jul/2021:07:19:24 +0000] "GET /api/edu/teacher/get?organizational_id=17 HTTP/1.1" 304 - "http://localhost:9528/" "Mozilla/5.0 (Windows NT 10.0; Win64; x64) AppleWebKit/537.36 (KHTML, like Gecko) Chrome/92.0.4515.107 Safari/537.36"
::ffff:202.193.57.228 - - [28/Jul/2021:07:20:27 +0000] "GET /api/edu/teacher/getTeachersCourse?teacherId=11 HTTP/1.1" 304 - "http://localhost:9528/" "Mozilla/5.0 (Windows NT 10.0; Win64; x64) AppleWebKit/537.36 (KHTML, like Gecko) Chrome/92.0.4515.107 Safari/537.36"
::ffff:202.193.57.228 - - [28/Jul/2021:07:20:27 +0000] "GET /api/edu/class/get?curPage=1&viceTeacherId=11 HTTP/1.1" 304 - "http://localhost:9528/" "Mozilla/5.0 (Windows NT 10.0; Win64; x64) AppleWebKit/537.36 (KHTML, like Gecko) Chrome/92.0.4515.107 Safari/537.36"
::ffff:202.193.57.228 - - [28/Jul/2021:07:20:31 +0000] "GET /api/edu/class/getAllStudents?classId=13 HTTP/1.1" 304 - "http://localhost:9528/" "Mozilla/5.0 (Windows NT 10.0; Win64; x64) AppleWebKit/537.36 (KHTML, like Gecko) Chrome/92.0.4515.107 Safari/537.36"
::ffff:10.37.42.238 - - [28/Jul/2021:07:20:31 +0000] "GET /api/edu/student/getUnQualifiedScores?studentId=1 HTTP/1.1" 304 - "https://servicewechat.com/wx4be232a02d452c65/devtools/page-frame.html" "Mozilla/5.0 (iPhone; CPU iPhone OS 10_3_1 like Mac OS X) AppleWebKit/603.1.3 (KHTML, like Gecko) Version/10.0 Mobile/14E304 Safari/602.1 wechatdevtools/1.05.2105170 MicroMessenger/7.0.4 Language/zh_CN webview/"
::ffff:10.37.42.238 - - [28/Jul/2021:07:20:31 +0000] "GET /api/edu/student/getQualifiedScores?studentId=1 HTTP/1.1" 304 - "https://servicewechat.com/wx4be232a02d452c65/devtools/page-frame.html" "Mozilla/5.0 (iPhone; CPU iPhone OS 10_3_1 like Mac OS X) AppleWebKit/603.1.3 (KHTML, like Gecko) Version/10.0 Mobile/14E304 Safari/602.1 wechatdevtools/1.05.2105170 MicroMessenger/7.0.4 Language/zh_CN webview/"
::ffff:202.193.57.228 - - [28/Jul/2021:07:20:32 +0000] "GET /api/edu/class/getAllStudents?classId=13 HTTP/1.1" 304 - "http://localhost:9528/" "Mozilla/5.0 (Windows NT 10.0; Win64; x64) AppleWebKit/537.36 (KHTML, like Gecko) Chrome/92.0.4515.107 Safari/537.36"
::ffff:10.37.42.238 - - [28/Jul/2021:07:20:44 +0000] "GET /api/edu/studentWork/detail?homeWorkId=1 HTTP/1.1" 304 - "https://servicewechat.com/wx4be232a02d452c65/devtools/page-frame.html" "Mozilla/5.0 (iPhone; CPU iPhone OS 10_3_1 like Mac OS X) AppleWebKit/603.1.3 (KHTML, like Gecko) Version/10.0 Mobile/14E304 Safari/602.1 wechatdevtools/1.05.2105170 MicroMessenger/7.0.4 Language/zh_CN webview/"
::ffff:10.37.42.238 - - [28/Jul/2021:07:20:44 +0000] "GET /api/edu/files/show?file_name=1626609161571-download.jpg HTTP/1.1" 200 - "https://servicewechat.com/wx4be232a02d452c65/devtools/page-frame.html" "Mozilla/5.0 (iPhone; CPU iPhone OS 10_3_1 like Mac OS X) AppleWebKit/603.1.3 (KHTML, like Gecko) Version/10.0 Mobile/14E304 Safari/602.1 wechatdevtools/1.05.2105170 MicroMessenger/7.0.4 Language/zh_CN webview/35 desktopapp miniprogram port/37744 token/f529b38298c42290f9df3639936c7ae7 runtime/2"
::ffff:10.37.42.238 - - [28/Jul/2021:07:20:45 +0000] "GET /api/edu/files/upload?file=&module_name=homework&module_id=1&file_usage=%E4%BD%9C%E4%B8%9A HTTP/1.1" 404 33 "https://servicewechat.com/wx4be232a02d452c65/devtools/page-frame.html" "Mozilla/5.0 (iPhone; CPU iPhone OS 10_3_1 like Mac OS X) AppleWebKit/603.1.3 (KHTML, like Gecko) Version/10.0 Mobile/14E304 Safari/602.1 wechatdevtools/1.05.2105170 MicroMessenger/7.0.4 Language/zh_CN webview/"
::ffff:202.193.57.228 - - [28/Jul/2021:07:21:45 +0000] "GET /api/edu/teacher/getTeachersCourse?teacherId=11 HTTP/1.1" 304 - "http://localhost:9528/" "Mozilla/5.0 (Windows NT 10.0; Win64; x64) AppleWebKit/537.36 (KHTML, like Gecko) Chrome/92.0.4515.107 Safari/537.36"
::ffff:202.193.57.228 - - [28/Jul/2021:07:21:45 +0000] "GET /api/edu/class/get?curPage=1&viceTeacherId=11 HTTP/1.1" 304 - "http://localhost:9528/" "Mozilla/5.0 (Windows NT 10.0; Win64; x64) AppleWebKit/537.36 (KHTML, like Gecko) Chrome/92.0.4515.107 Safari/537.36"
::ffff:202.193.57.228 - - [28/Jul/2021:07:21:47 +0000] "GET /api/edu/teacher/getTeachersCourse?teacherId=11 HTTP/1.1" 304 - "http://localhost:9528/" "Mozilla/5.0 (Windows NT 10.0; Win64; x64) AppleWebKit/537.36 (KHTML, like Gecko) Chrome/92.0.4515.107 Safari/537.36"
::ffff:202.193.57.228 - - [28/Jul/2021:07:21:47 +0000] "GET /api/edu/class/get?curPage=1&viceTeacherId=11 HTTP/1.1" 304 - "http://localhost:9528/" "Mozilla/5.0 (Windows NT 10.0; Win64; x64) AppleWebKit/537.36 (KHTML, like Gecko) Chrome/92.0.4515.107 Safari/537.36"
::ffff:202.193.57.228 - - [28/Jul/2021:07:21:50 +0000] "GET /api/edu/student/get?stuCode=&curPage=1 HTTP/1.1" 304 - "http://localhost:9528/" "Mozilla/5.0 (Windows NT 10.0; Win64; x64) AppleWebKit/537.36 (KHTML, like Gecko) Chrome/92.0.4515.107 Safari/537.36"
::ffff:202.193.57.228 - - [28/Jul/2021:07:21:50 +0000] "GET /api/edu/class/get HTTP/1.1" 304 - "http://localhost:9528/" "Mozilla/5.0 (Windows NT 10.0; Win64; x64) AppleWebKit/537.36 (KHTML, like Gecko) Chrome/92.0.4515.107 Safari/537.36"
::ffff:202.193.57.228 - - [28/Jul/2021:07:21:58 +0000] "GET /api/edu/teacher/get?stuCode=&curPage=1&organizational_id=17 HTTP/1.1" 304 - "http://localhost:9528/" "Mozilla/5.0 (Windows NT 10.0; Win64; x64) AppleWebKit/537.36 (KHTML, like Gecko) Chrome/92.0.4515.107 Safari/537.36"
::ffff:202.193.57.228 - - [28/Jul/2021:07:22:01 +0000] "GET /api/edu/class/get?curPage=1&viceTeacherId=11 HTTP/1.1" 304 - "http://localhost:9528/" "Mozilla/5.0 (Windows NT 10.0; Win64; x64) AppleWebKit/537.36 (KHTML, like Gecko) Chrome/92.0.4515.107 Safari/537.36"
::ffff:202.193.57.228 - - [28/Jul/2021:07:22:05 +0000] "GET /api/edu/class/get?curPage=2&viceTeacherId=11 HTTP/1.1" 200 6689 "http://localhost:9528/" "Mozilla/5.0 (Windows NT 10.0; Win64; x64) AppleWebKit/537.36 (KHTML, like Gecko) Chrome/92.0.4515.107 Safari/537.36"
::ffff:202.193.57.228 - - [28/Jul/2021:07:22:06 +0000] "GET /api/edu/class/get?curPage=3&viceTeacherId=11 HTTP/1.1" 200 6689 "http://localhost:9528/" "Mozilla/5.0 (Windows NT 10.0; Win64; x64) AppleWebKit/537.36 (KHTML, like Gecko) Chrome/92.0.4515.107 Safari/537.36"
::ffff:202.193.57.228 - - [28/Jul/2021:07:22:08 +0000] "GET /api/edu/class/get?curPage=4&viceTeacherId=12 HTTP/1.1" 200 6689 "http://localhost:9528/" "Mozilla/5.0 (Windows NT 10.0; Win64; x64) AppleWebKit/537.36 (KHTML, like Gecko) Chrome/92.0.4515.107 Safari/537.36"
::ffff:202.193.57.228 - - [28/Jul/2021:07:22:08 +0000] "GET /api/edu/class/get?curPage=5&viceTeacherId=12 HTTP/1.1" 200 6689 "http://localhost:9528/" "Mozilla/5.0 (Windows NT 10.0; Win64; x64) AppleWebKit/537.36 (KHTML, like Gecko) Chrome/92.0.4515.107 Safari/537.36"
::ffff:202.193.57.228 - - [28/Jul/2021:07:22:09 +0000] "GET /api/edu/class/get?curPage=6&viceTeacherId=12 HTTP/1.1" 200 6689 "http://localhost:9528/" "Mozilla/5.0 (Windows NT 10.0; Win64; x64) AppleWebKit/537.36 (KHTML, like Gecko) Chrome/92.0.4515.107 Safari/537.36"
::ffff:202.193.57.228 - - [28/Jul/2021:07:22:11 +0000] "GET /api/edu/class/get?curPage=7&viceTeacherId=13 HTTP/1.1" 200 6689 "http://localhost:9528/" "Mozilla/5.0 (Windows NT 10.0; Win64; x64) AppleWebKit/537.36 (KHTML, like Gecko) Chrome/92.0.4515.107 Safari/537.36"
::ffff:202.193.57.228 - - [28/Jul/2021:07:22:11 +0000] "GET /api/edu/class/get?curPage=8&viceTeacherId=13 HTTP/1.1" 200 6689 "http://localhost:9528/" "Mozilla/5.0 (Windows NT 10.0; Win64; x64) AppleWebKit/537.36 (KHTML, like Gecko) Chrome/92.0.4515.107 Safari/537.36"
::ffff:202.193.57.228 - - [28/Jul/2021:07:22:12 +0000] "GET /api/edu/class/get?curPage=9&viceTeacherId=13 HTTP/1.1" 200 6689 "http://localhost:9528/" "Mozilla/5.0 (Windows NT 10.0; Win64; x64) AppleWebKit/537.36 (KHTML, like Gecko) Chrome/92.0.4515.107 Safari/537.36"
::ffff:202.193.57.228 - - [28/Jul/2021:07:22:46 +0000] "GET /api/edu/teacher/get?curPage=1&organizational_id=17 HTTP/1.1" 304 - "http://localhost:9528/" "Mozilla/5.0 (Windows NT 10.0; Win64; x64) AppleWebKit/537.36 (KHTML, like Gecko) Chrome/92.0.4515.107 Safari/537.36"
::ffff:202.193.57.228 - - [28/Jul/2021:07:22:46 +0000] "GET /api/edu/class/get?curPage=1&organizational_id=17 HTTP/1.1" 304 - "http://localhost:9528/" "Mozilla/5.0 (Windows NT 10.0; Win64; x64) AppleWebKit/537.36 (KHTML, like Gecko) Chrome/92.0.4515.107 Safari/537.36"
::ffff:202.193.57.228 - - [28/Jul/2021:07:22:47 +0000] "GET /api/edu/teacher/get?organizational_id=17 HTTP/1.1" 304 - "http://localhost:9528/" "Mozilla/5.0 (Windows NT 10.0; Win64; x64) AppleWebKit/537.36 (KHTML, like Gecko) Chrome/92.0.4515.107 Safari/537.36"
::ffff:10.37.42.238 - - [28/Jul/2021:07:23:19 +0000] "GET /api/edu/student/getUnQualifiedScores?studentId=1 HTTP/1.1" 304 - "https://servicewechat.com/wx4be232a02d452c65/devtools/page-frame.html" "Mozilla/5.0 (iPhone; CPU iPhone OS 10_3_1 like Mac OS X) AppleWebKit/603.1.3 (KHTML, like Gecko) Version/10.0 Mobile/14E304 Safari/602.1 wechatdevtools/1.05.2105170 MicroMessenger/7.0.4 Language/zh_CN webview/"
::ffff:10.37.42.238 - - [28/Jul/2021:07:23:19 +0000] "GET /api/edu/student/getQualifiedScores?studentId=1 HTTP/1.1" 304 - "https://servicewechat.com/wx4be232a02d452c65/devtools/page-frame.html" "Mozilla/5.0 (iPhone; CPU iPhone OS 10_3_1 like Mac OS X) AppleWebKit/603.1.3 (KHTML, like Gecko) Version/10.0 Mobile/14E304 Safari/602.1 wechatdevtools/1.05.2105170 MicroMessenger/7.0.4 Language/zh_CN webview/"
::ffff:10.37.42.238 - - [28/Jul/2021:07:23:27 +0000] "GET /api/edu/studentWork/detail?homeWorkId=1 HTTP/1.1" 304 - "https://servicewechat.com/wx4be232a02d452c65/devtools/page-frame.html" "Mozilla/5.0 (iPhone; CPU iPhone OS 10_3_1 like Mac OS X) AppleWebKit/603.1.3 (KHTML, like Gecko) Version/10.0 Mobile/14E304 Safari/602.1 wechatdevtools/1.05.2105170 MicroMessenger/7.0.4 Language/zh_CN webview/"
::ffff:10.37.42.238 - - [28/Jul/2021:07:23:27 +0000] "GET /api/edu/files/show?file_name=1626609161571-download.jpg HTTP/1.1" 200 - "https://servicewechat.com/wx4be232a02d452c65/devtools/page-frame.html" "Mozilla/5.0 (iPhone; CPU iPhone OS 10_3_1 like Mac OS X) AppleWebKit/603.1.3 (KHTML, like Gecko) Version/10.0 Mobile/14E304 Safari/602.1 wechatdevtools/1.05.2105170 MicroMessenger/7.0.4 Language/zh_CN webview/37 desktopapp miniprogram port/37744 token/f529b38298c42290f9df3639936c7ae7 runtime/2"
::ffff:10.37.42.238 - - [28/Jul/2021:07:24:07 +0000] "GET /api/edu/student/getUnQualifiedScores?studentId=1 HTTP/1.1" 304 - "https://servicewechat.com/wx4be232a02d452c65/devtools/page-frame.html" "Mozilla/5.0 (iPhone; CPU iPhone OS 10_3_1 like Mac OS X) AppleWebKit/603.1.3 (KHTML, like Gecko) Version/10.0 Mobile/14E304 Safari/602.1 wechatdevtools/1.05.2105170 MicroMessenger/7.0.4 Language/zh_CN webview/"
::ffff:10.37.42.238 - - [28/Jul/2021:07:24:07 +0000] "GET /api/edu/student/getQualifiedScores?studentId=1 HTTP/1.1" 304 - "https://servicewechat.com/wx4be232a02d452c65/devtools/page-frame.html" "Mozilla/5.0 (iPhone; CPU iPhone OS 10_3_1 like Mac OS X) AppleWebKit/603.1.3 (KHTML, like Gecko) Version/10.0 Mobile/14E304 Safari/602.1 wechatdevtools/1.05.2105170 MicroMessenger/7.0.4 Language/zh_CN webview/"
::ffff:10.37.42.238 - - [28/Jul/2021:07:24:09 +0000] "GET /api/edu/studentWork/detail?homeWorkId=1 HTTP/1.1" 304 - "https://servicewechat.com/wx4be232a02d452c65/devtools/page-frame.html" "Mozilla/5.0 (iPhone; CPU iPhone OS 10_3_1 like Mac OS X) AppleWebKit/603.1.3 (KHTML, like Gecko) Version/10.0 Mobile/14E304 Safari/602.1 wechatdevtools/1.05.2105170 MicroMessenger/7.0.4 Language/zh_CN webview/"
::ffff:10.37.42.238 - - [28/Jul/2021:07:24:09 +0000] "GET /api/edu/files/show?file_name=1626609161571-download.jpg HTTP/1.1" 200 - "https://servicewechat.com/wx4be232a02d452c65/devtools/page-frame.html" "Mozilla/5.0 (iPhone; CPU iPhone OS 10_3_1 like Mac OS X) AppleWebKit/603.1.3 (KHTML, like Gecko) Version/10.0 Mobile/14E304 Safari/602.1 wechatdevtools/1.05.2105170 MicroMessenger/7.0.4 Language/zh_CN webview/39 desktopapp miniprogram port/37744 token/f529b38298c42290f9df3639936c7ae7 runtime/2"
::ffff:10.37.42.238 - - [28/Jul/2021:07:24:39 +0000] "GET /api/edu/student/getUnQualifiedScores?studentId=1 HTTP/1.1" 304 - "https://servicewechat.com/wx4be232a02d452c65/devtools/page-frame.html" "Mozilla/5.0 (iPhone; CPU iPhone OS 10_3_1 like Mac OS X) AppleWebKit/603.1.3 (KHTML, like Gecko) Version/10.0 Mobile/14E304 Safari/602.1 wechatdevtools/1.05.2105170 MicroMessenger/7.0.4 Language/zh_CN webview/"
::ffff:10.37.42.238 - - [28/Jul/2021:07:24:39 +0000] "GET /api/edu/student/getQualifiedScores?studentId=1 HTTP/1.1" 304 - "https://servicewechat.com/wx4be232a02d452c65/devtools/page-frame.html" "Mozilla/5.0 (iPhone; CPU iPhone OS 10_3_1 like Mac OS X) AppleWebKit/603.1.3 (KHTML, like Gecko) Version/10.0 Mobile/14E304 Safari/602.1 wechatdevtools/1.05.2105170 MicroMessenger/7.0.4 Language/zh_CN webview/"
::ffff:10.37.42.238 - - [28/Jul/2021:07:24:41 +0000] "GET /api/edu/studentWork/detail?homeWorkId=1 HTTP/1.1" 304 - "https://servicewechat.com/wx4be232a02d452c65/devtools/page-frame.html" "Mozilla/5.0 (iPhone; CPU iPhone OS 10_3_1 like Mac OS X) AppleWebKit/603.1.3 (KHTML, like Gecko) Version/10.0 Mobile/14E304 Safari/602.1 wechatdevtools/1.05.2105170 MicroMessenger/7.0.4 Language/zh_CN webview/"
::ffff:10.37.42.238 - - [28/Jul/2021:07:24:41 +0000] "GET /api/edu/files/show?file_name=1626609161571-download.jpg HTTP/1.1" 200 - "https://servicewechat.com/wx4be232a02d452c65/devtools/page-frame.html" "Mozilla/5.0 (iPhone; CPU iPhone OS 10_3_1 like Mac OS X) AppleWebKit/603.1.3 (KHTML, like Gecko) Version/10.0 Mobile/14E304 Safari/602.1 wechatdevtools/1.05.2105170 MicroMessenger/7.0.4 Language/zh_CN webview/41 desktopapp miniprogram port/37744 token/f529b38298c42290f9df3639936c7ae7 runtime/2"
::ffff:10.37.42.238 - - [28/Jul/2021:07:25:04 +0000] "GET /api/edu/student/getUnQualifiedScores?studentId=1 HTTP/1.1" 304 - "https://servicewechat.com/wx4be232a02d452c65/devtools/page-frame.html" "Mozilla/5.0 (iPhone; CPU iPhone OS 10_3_1 like Mac OS X) AppleWebKit/603.1.3 (KHTML, like Gecko) Version/10.0 Mobile/14E304 Safari/602.1 wechatdevtools/1.05.2105170 MicroMessenger/7.0.4 Language/zh_CN webview/"
::ffff:10.37.42.238 - - [28/Jul/2021:07:25:04 +0000] "GET /api/edu/student/getQualifiedScores?studentId=1 HTTP/1.1" 304 - "https://servicewechat.com/wx4be232a02d452c65/devtools/page-frame.html" "Mozilla/5.0 (iPhone; CPU iPhone OS 10_3_1 like Mac OS X) AppleWebKit/603.1.3 (KHTML, like Gecko) Version/10.0 Mobile/14E304 Safari/602.1 wechatdevtools/1.05.2105170 MicroMessenger/7.0.4 Language/zh_CN webview/"
::ffff:10.37.42.238 - - [28/Jul/2021:07:25:05 +0000] "GET /api/edu/studentWork/detail?homeWorkId=1 HTTP/1.1" 304 - "https://servicewechat.com/wx4be232a02d452c65/devtools/page-frame.html" "Mozilla/5.0 (iPhone; CPU iPhone OS 10_3_1 like Mac OS X) AppleWebKit/603.1.3 (KHTML, like Gecko) Version/10.0 Mobile/14E304 Safari/602.1 wechatdevtools/1.05.2105170 MicroMessenger/7.0.4 Language/zh_CN webview/"
::ffff:10.37.42.238 - - [28/Jul/2021:07:25:05 +0000] "GET /api/edu/files/show?file_name=1626609161571-download.jpg HTTP/1.1" 200 - "https://servicewechat.com/wx4be232a02d452c65/devtools/page-frame.html" "Mozilla/5.0 (iPhone; CPU iPhone OS 10_3_1 like Mac OS X) AppleWebKit/603.1.3 (KHTML, like Gecko) Version/10.0 Mobile/14E304 Safari/602.1 wechatdevtools/1.05.2105170 MicroMessenger/7.0.4 Language/zh_CN webview/43 desktopapp miniprogram port/37744 token/f529b38298c42290f9df3639936c7ae7 runtime/2"
::ffff:10.37.42.238 - - [28/Jul/2021:07:25:26 +0000] "GET /api/edu/student/getUnQualifiedScores?studentId=1 HTTP/1.1" 304 - "https://servicewechat.com/wx4be232a02d452c65/devtools/page-frame.html" "Mozilla/5.0 (iPhone; CPU iPhone OS 10_3_1 like Mac OS X) AppleWebKit/603.1.3 (KHTML, like Gecko) Version/10.0 Mobile/14E304 Safari/602.1 wechatdevtools/1.05.2105170 MicroMessenger/7.0.4 Language/zh_CN webview/"
::ffff:10.37.42.238 - - [28/Jul/2021:07:25:26 +0000] "GET /api/edu/student/getQualifiedScores?studentId=1 HTTP/1.1" 304 - "https://servicewechat.com/wx4be232a02d452c65/devtools/page-frame.html" "Mozilla/5.0 (iPhone; CPU iPhone OS 10_3_1 like Mac OS X) AppleWebKit/603.1.3 (KHTML, like Gecko) Version/10.0 Mobile/14E304 Safari/602.1 wechatdevtools/1.05.2105170 MicroMessenger/7.0.4 Language/zh_CN webview/"
::ffff:10.37.42.238 - - [28/Jul/2021:07:25:28 +0000] "GET /api/edu/studentWork/detail?homeWorkId=1 HTTP/1.1" 304 - "https://servicewechat.com/wx4be232a02d452c65/devtools/page-frame.html" "Mozilla/5.0 (iPhone; CPU iPhone OS 10_3_1 like Mac OS X) AppleWebKit/603.1.3 (KHTML, like Gecko) Version/10.0 Mobile/14E304 Safari/602.1 wechatdevtools/1.05.2105170 MicroMessenger/7.0.4 Language/zh_CN webview/"
::ffff:10.37.42.238 - - [28/Jul/2021:07:25:28 +0000] "GET /api/edu/files/show?file_name=1626609161571-download.jpg HTTP/1.1" 200 - "https://servicewechat.com/wx4be232a02d452c65/devtools/page-frame.html" "Mozilla/5.0 (iPhone; CPU iPhone OS 10_3_1 like Mac OS X) AppleWebKit/603.1.3 (KHTML, like Gecko) Version/10.0 Mobile/14E304 Safari/602.1 wechatdevtools/1.05.2105170 MicroMessenger/7.0.4 Language/zh_CN webview/45 desktopapp miniprogram port/37744 token/f529b38298c42290f9df3639936c7ae7 runtime/2"
::ffff:10.37.42.238 - - [28/Jul/2021:07:26:04 +0000] "GET /api/edu/student/getUnQualifiedScores?studentId=1 HTTP/1.1" 304 - "https://servicewechat.com/wx4be232a02d452c65/devtools/page-frame.html" "Mozilla/5.0 (iPhone; CPU iPhone OS 10_3_1 like Mac OS X) AppleWebKit/603.1.3 (KHTML, like Gecko) Version/10.0 Mobile/14E304 Safari/602.1 wechatdevtools/1.05.2105170 MicroMessenger/7.0.4 Language/zh_CN webview/"
::ffff:10.37.42.238 - - [28/Jul/2021:07:26:04 +0000] "GET /api/edu/student/getQualifiedScores?studentId=1 HTTP/1.1" 304 - "https://servicewechat.com/wx4be232a02d452c65/devtools/page-frame.html" "Mozilla/5.0 (iPhone; CPU iPhone OS 10_3_1 like Mac OS X) AppleWebKit/603.1.3 (KHTML, like Gecko) Version/10.0 Mobile/14E304 Safari/602.1 wechatdevtools/1.05.2105170 MicroMessenger/7.0.4 Language/zh_CN webview/"
::ffff:10.37.42.238 - - [28/Jul/2021:07:26:07 +0000] "GET /api/edu/studentWork/detail?homeWorkId=1 HTTP/1.1" 304 - "https://servicewechat.com/wx4be232a02d452c65/devtools/page-frame.html" "Mozilla/5.0 (iPhone; CPU iPhone OS 10_3_1 like Mac OS X) AppleWebKit/603.1.3 (KHTML, like Gecko) Version/10.0 Mobile/14E304 Safari/602.1 wechatdevtools/1.05.2105170 MicroMessenger/7.0.4 Language/zh_CN webview/"
::ffff:10.37.42.238 - - [28/Jul/2021:07:26:08 +0000] "GET /api/edu/files/show?file_name=1626609161571-download.jpg HTTP/1.1" 200 - "https://servicewechat.com/wx4be232a02d452c65/devtools/page-frame.html" "Mozilla/5.0 (iPhone; CPU iPhone OS 10_3_1 like Mac OS X) AppleWebKit/603.1.3 (KHTML, like Gecko) Version/10.0 Mobile/14E304 Safari/602.1 wechatdevtools/1.05.2105170 MicroMessenger/7.0.4 Language/zh_CN webview/47 desktopapp miniprogram port/37744 token/f529b38298c42290f9df3639936c7ae7 runtime/2"
::ffff:10.37.42.238 - - [28/Jul/2021:07:26:35 +0000] "GET /api/edu/student/getUnQualifiedScores?studentId=1 HTTP/1.1" 304 - "https://servicewechat.com/wx4be232a02d452c65/devtools/page-frame.html" "Mozilla/5.0 (iPhone; CPU iPhone OS 10_3_1 like Mac OS X) AppleWebKit/603.1.3 (KHTML, like Gecko) Version/10.0 Mobile/14E304 Safari/602.1 wechatdevtools/1.05.2105170 MicroMessenger/7.0.4 Language/zh_CN webview/"
::ffff:10.37.42.238 - - [28/Jul/2021:07:26:35 +0000] "GET /api/edu/student/getQualifiedScores?studentId=1 HTTP/1.1" 304 - "https://servicewechat.com/wx4be232a02d452c65/devtools/page-frame.html" "Mozilla/5.0 (iPhone; CPU iPhone OS 10_3_1 like Mac OS X) AppleWebKit/603.1.3 (KHTML, like Gecko) Version/10.0 Mobile/14E304 Safari/602.1 wechatdevtools/1.05.2105170 MicroMessenger/7.0.4 Language/zh_CN webview/"
::ffff:10.37.42.238 - - [28/Jul/2021:07:26:37 +0000] "GET /api/edu/studentWork/detail?homeWorkId=1 HTTP/1.1" 304 - "https://servicewechat.com/wx4be232a02d452c65/devtools/page-frame.html" "Mozilla/5.0 (iPhone; CPU iPhone OS 10_3_1 like Mac OS X) AppleWebKit/603.1.3 (KHTML, like Gecko) Version/10.0 Mobile/14E304 Safari/602.1 wechatdevtools/1.05.2105170 MicroMessenger/7.0.4 Language/zh_CN webview/"
::ffff:10.37.42.238 - - [28/Jul/2021:07:26:37 +0000] "GET /api/edu/files/show?file_name=1626609161571-download.jpg HTTP/1.1" 200 - "https://servicewechat.com/wx4be232a02d452c65/devtools/page-frame.html" "Mozilla/5.0 (iPhone; CPU iPhone OS 10_3_1 like Mac OS X) AppleWebKit/603.1.3 (KHTML, like Gecko) Version/10.0 Mobile/14E304 Safari/602.1 wechatdevtools/1.05.2105170 MicroMessenger/7.0.4 Language/zh_CN webview/49 desktopapp miniprogram port/37744 token/f529b38298c42290f9df3639936c7ae7 runtime/2"
::ffff:202.193.57.228 - - [28/Jul/2021:07:27:27 +0000] "GET /api/edu/teacher/get?curPage=1&organizational_id=17 HTTP/1.1" 304 - "http://localhost:9528/" "Mozilla/5.0 (Windows NT 10.0; Win64; x64) AppleWebKit/537.36 (KHTML, like Gecko) Chrome/92.0.4515.107 Safari/537.36"
::ffff:202.193.57.228 - - [28/Jul/2021:07:27:32 +0000] "GET /api/edu/class/get?curPage=1&organizational_id=17 HTTP/1.1" - - "http://localhost:9528/" "Mozilla/5.0 (Windows NT 10.0; Win64; x64) AppleWebKit/537.36 (KHTML, like Gecko) Chrome/92.0.4515.107 Safari/537.36"
::ffff:202.193.57.228 - - [28/Jul/2021:07:27:39 +0000] "GET /api/edu/teacher/get?curPage=1&organizational_id=17 HTTP/1.1" 304 - "http://localhost:9528/" "Mozilla/5.0 (Windows NT 10.0; Win64; x64) AppleWebKit/537.36 (KHTML, like Gecko) Chrome/92.0.4515.107 Safari/537.36"
::ffff:202.193.57.228 - - [28/Jul/2021:07:27:44 +0000] "GET /api/edu/class/get?curPage=1&organizational_id=17 HTTP/1.1" - - "http://localhost:9528/" "Mozilla/5.0 (Windows NT 10.0; Win64; x64) AppleWebKit/537.36 (KHTML, like Gecko) Chrome/92.0.4515.107 Safari/537.36"
::ffff:202.193.57.228 - - [28/Jul/2021:07:27:54 +0000] "GET /api/edu/teacher/getTeachersCourse?teacherId=11 HTTP/1.1" 304 - "http://localhost:9528/" "Mozilla/5.0 (Windows NT 10.0; Win64; x64) AppleWebKit/537.36 (KHTML, like Gecko) Chrome/92.0.4515.107 Safari/537.36"
::ffff:202.193.57.228 - - [28/Jul/2021:07:27:59 +0000] "GET /api/edu/class/get?curPage=1&viceTeacherId=11 HTTP/1.1" - - "http://localhost:9528/" "Mozilla/5.0 (Windows NT 10.0; Win64; x64) AppleWebKit/537.36 (KHTML, like Gecko) Chrome/92.0.4515.107 Safari/537.36"
::ffff:202.193.57.228 - - [28/Jul/2021:07:28:01 +0000] "GET /api/edu/teacher/get?stuCode=&curPage=1&organizational_id=17 HTTP/1.1" 304 - "http://localhost:9528/" "Mozilla/5.0 (Windows NT 10.0; Win64; x64) AppleWebKit/537.36 (KHTML, like Gecko) Chrome/92.0.4515.107 Safari/537.36"
::ffff:202.193.57.228 - - [28/Jul/2021:07:28:10 +0000] "GET /api/edu/course/get?id=&code=&name= HTTP/1.1" 304 - "http://localhost:9528/" "Mozilla/5.0 (Windows NT 10.0; Win64; x64) AppleWebKit/537.36 (KHTML, like Gecko) Chrome/92.0.4515.107 Safari/537.36"
::ffff:10.37.42.238 - - [28/Jul/2021:07:28:13 +0000] "GET /api/edu/student/getUnQualifiedScores?studentId=1 HTTP/1.1" 304 - "https://servicewechat.com/wx4be232a02d452c65/devtools/page-frame.html" "Mozilla/5.0 (iPhone; CPU iPhone OS 10_3_1 like Mac OS X) AppleWebKit/603.1.3 (KHTML, like Gecko) Version/10.0 Mobile/14E304 Safari/602.1 wechatdevtools/1.05.2105170 MicroMessenger/7.0.4 Language/zh_CN webview/"
::ffff:10.37.42.238 - - [28/Jul/2021:07:28:13 +0000] "GET /api/edu/student/getQualifiedScores?studentId=1 HTTP/1.1" 304 - "https://servicewechat.com/wx4be232a02d452c65/devtools/page-frame.html" "Mozilla/5.0 (iPhone; CPU iPhone OS 10_3_1 like Mac OS X) AppleWebKit/603.1.3 (KHTML, like Gecko) Version/10.0 Mobile/14E304 Safari/602.1 wechatdevtools/1.05.2105170 MicroMessenger/7.0.4 Language/zh_CN webview/"
::ffff:202.193.57.228 - - [28/Jul/2021:07:28:14 +0000] "GET /api/edu/teacher/getTeachersCourse?teacherId=11 HTTP/1.1" 304 - "http://localhost:9528/" "Mozilla/5.0 (Windows NT 10.0; Win64; x64) AppleWebKit/537.36 (KHTML, like Gecko) Chrome/92.0.4515.107 Safari/537.36"
::ffff:10.37.42.238 - - [28/Jul/2021:07:28:15 +0000] "GET /api/edu/studentWork/detail?homeWorkId=1 HTTP/1.1" 304 - "https://servicewechat.com/wx4be232a02d452c65/devtools/page-frame.html" "Mozilla/5.0 (iPhone; CPU iPhone OS 10_3_1 like Mac OS X) AppleWebKit/603.1.3 (KHTML, like Gecko) Version/10.0 Mobile/14E304 Safari/602.1 wechatdevtools/1.05.2105170 MicroMessenger/7.0.4 Language/zh_CN webview/"
::ffff:10.37.42.238 - - [28/Jul/2021:07:28:15 +0000] "GET /api/edu/files/show?file_name=1626609161571-download.jpg HTTP/1.1" 200 - "https://servicewechat.com/wx4be232a02d452c65/devtools/page-frame.html" "Mozilla/5.0 (iPhone; CPU iPhone OS 10_3_1 like Mac OS X) AppleWebKit/603.1.3 (KHTML, like Gecko) Version/10.0 Mobile/14E304 Safari/602.1 wechatdevtools/1.05.2105170 MicroMessenger/7.0.4 Language/zh_CN webview/51 desktopapp miniprogram port/37744 token/f529b38298c42290f9df3639936c7ae7 runtime/2"
::ffff:202.193.57.228 - - [28/Jul/2021:07:28:19 +0000] "GET /api/edu/class/get?curPage=1&viceTeacherId=11 HTTP/1.1" - - "http://localhost:9528/" "Mozilla/5.0 (Windows NT 10.0; Win64; x64) AppleWebKit/537.36 (KHTML, like Gecko) Chrome/92.0.4515.107 Safari/537.36"
::ffff:202.193.57.228 - - [28/Jul/2021:07:28:22 +0000] "GET /api/edu/teacher/get?curPage=1&organizational_id=17 HTTP/1.1" 304 - "http://localhost:9528/" "Mozilla/5.0 (Windows NT 10.0; Win64; x64) AppleWebKit/537.36 (KHTML, like Gecko) Chrome/92.0.4515.107 Safari/537.36"
::ffff:10.37.42.238 - - [28/Jul/2021:07:28:23 +0000] "POST /api/edu/files/upload HTTP/1.1" 500 126 "https://servicewechat.com/wx4be232a02d452c65/devtools/page-frame.html" "Mozilla/5.0 (iPhone; CPU iPhone OS 10_3_1 like Mac OS X) AppleWebKit/603.1.3 (KHTML, like Gecko) Version/10.0 Mobile/14E304 Safari/602.1 wechatdevtools/1.05.2105170 MicroMessenger/7.0.4 Language/zh_CN webview/"
::ffff:202.193.57.228 - - [28/Jul/2021:07:28:27 +0000] "GET /api/edu/teacher/get?stuCode=&curPage=1&organizational_id=17 HTTP/1.1" 304 - "http://localhost:9528/" "Mozilla/5.0 (Windows NT 10.0; Win64; x64) AppleWebKit/537.36 (KHTML, like Gecko) Chrome/92.0.4515.107 Safari/537.36"
::ffff:202.193.57.228 - - [28/Jul/2021:07:28:27 +0000] "GET /api/edu/class/get?curPage=1&organizational_id=17 HTTP/1.1" - - "http://localhost:9528/" "Mozilla/5.0 (Windows NT 10.0; Win64; x64) AppleWebKit/537.36 (KHTML, like Gecko) Chrome/92.0.4515.107 Safari/537.36"
::ffff:202.193.57.228 - - [28/Jul/2021:07:29:00 +0000] "GET /api/edu/teacher/get?stuCode=&curPage=1&organizational_id=17 HTTP/1.1" 304 - "http://localhost:9528/" "Mozilla/5.0 (Windows NT 10.0; Win64; x64) AppleWebKit/537.36 (KHTML, like Gecko) Chrome/92.0.4515.107 Safari/537.36"
::ffff:202.193.57.228 - - [28/Jul/2021:07:29:13 +0000] "GET /api/edu/teacher/get?curPage=1&organizational_id=17 HTTP/1.1" 304 - "http://localhost:9528/" "Mozilla/5.0 (Windows NT 10.0; Win64; x64) AppleWebKit/537.36 (KHTML, like Gecko) Chrome/92.0.4515.107 Safari/537.36"
::ffff:202.193.57.228 - - [28/Jul/2021:07:29:18 +0000] "GET /api/edu/class/get?curPage=1&organizational_id=17 HTTP/1.1" - - "http://localhost:9528/" "Mozilla/5.0 (Windows NT 10.0; Win64; x64) AppleWebKit/537.36 (KHTML, like Gecko) Chrome/92.0.4515.107 Safari/537.36"
::ffff:10.37.42.238 - - [28/Jul/2021:07:30:00 +0000] "GET /api/edu/student/getUnQualifiedScores?studentId=1 HTTP/1.1" 304 - "https://servicewechat.com/wx4be232a02d452c65/devtools/page-frame.html" "Mozilla/5.0 (iPhone; CPU iPhone OS 10_3_1 like Mac OS X) AppleWebKit/603.1.3 (KHTML, like Gecko) Version/10.0 Mobile/14E304 Safari/602.1 wechatdevtools/1.05.2105170 MicroMessenger/7.0.4 Language/zh_CN webview/"
::ffff:10.37.42.238 - - [28/Jul/2021:07:30:00 +0000] "GET /api/edu/student/getQualifiedScores?studentId=1 HTTP/1.1" 304 - "https://servicewechat.com/wx4be232a02d452c65/devtools/page-frame.html" "Mozilla/5.0 (iPhone; CPU iPhone OS 10_3_1 like Mac OS X) AppleWebKit/603.1.3 (KHTML, like Gecko) Version/10.0 Mobile/14E304 Safari/602.1 wechatdevtools/1.05.2105170 MicroMessenger/7.0.4 Language/zh_CN webview/"
::ffff:10.37.42.238 - - [28/Jul/2021:07:30:11 +0000] "GET /api/edu/studentWork/detail?homeWorkId=1 HTTP/1.1" 304 - "https://servicewechat.com/wx4be232a02d452c65/devtools/page-frame.html" "Mozilla/5.0 (iPhone; CPU iPhone OS 10_3_1 like Mac OS X) AppleWebKit/603.1.3 (KHTML, like Gecko) Version/10.0 Mobile/14E304 Safari/602.1 wechatdevtools/1.05.2105170 MicroMessenger/7.0.4 Language/zh_CN webview/"
::ffff:10.37.42.238 - - [28/Jul/2021:07:30:11 +0000] "GET /api/edu/files/show?file_name=1626609161571-download.jpg HTTP/1.1" 200 - "https://servicewechat.com/wx4be232a02d452c65/devtools/page-frame.html" "Mozilla/5.0 (iPhone; CPU iPhone OS 10_3_1 like Mac OS X) AppleWebKit/603.1.3 (KHTML, like Gecko) Version/10.0 Mobile/14E304 Safari/602.1 wechatdevtools/1.05.2105170 MicroMessenger/7.0.4 Language/zh_CN webview/53 desktopapp miniprogram port/37744 token/f529b38298c42290f9df3639936c7ae7 runtime/2"
::ffff:10.37.42.238 - - [28/Jul/2021:07:30:20 +0000] "POST /api/edu/files/upload HTTP/1.1" 500 126 "https://servicewechat.com/wx4be232a02d452c65/devtools/page-frame.html" "Mozilla/5.0 (iPhone; CPU iPhone OS 10_3_1 like Mac OS X) AppleWebKit/603.1.3 (KHTML, like Gecko) Version/10.0 Mobile/14E304 Safari/602.1 wechatdevtools/1.05.2105170 MicroMessenger/7.0.4 Language/zh_CN webview/"
::1 - - [28/Jul/2021:07:30:34 +0000] "GET /api/edu/class/getAllstudents?classId=13 HTTP/1.1" 304 - "-" "Mozilla/5.0 (Windows NT 10.0; Win64; x64) AppleWebKit/537.36 (KHTML, like Gecko) Chrome/91.0.4472.164 Safari/537.36"
::ffff:202.193.57.228 - - [28/Jul/2021:07:30:36 +0000] "GET /api/edu/class/get?curPage=1&organizational_id=17 HTTP/1.1" - - "-" "Mozilla/5.0 (Windows NT 10.0; Win64; x64) AppleWebKit/537.36 (KHTML, like Gecko) Chrome/92.0.4515.107 Safari/537.36"
::ffff:10.37.42.238 - - [28/Jul/2021:07:30:53 +0000] "GET /api/edu/student/getUnQualifiedScores?studentId=1 HTTP/1.1" 304 - "https://servicewechat.com/wx4be232a02d452c65/devtools/page-frame.html" "Mozilla/5.0 (iPhone; CPU iPhone OS 10_3_1 like Mac OS X) AppleWebKit/603.1.3 (KHTML, like Gecko) Version/10.0 Mobile/14E304 Safari/602.1 wechatdevtools/1.05.2105170 MicroMessenger/7.0.4 Language/zh_CN webview/"
::ffff:10.37.42.238 - - [28/Jul/2021:07:30:53 +0000] "GET /api/edu/student/getQualifiedScores?studentId=1 HTTP/1.1" 304 - "https://servicewechat.com/wx4be232a02d452c65/devtools/page-frame.html" "Mozilla/5.0 (iPhone; CPU iPhone OS 10_3_1 like Mac OS X) AppleWebKit/603.1.3 (KHTML, like Gecko) Version/10.0 Mobile/14E304 Safari/602.1 wechatdevtools/1.05.2105170 MicroMessenger/7.0.4 Language/zh_CN webview/"
::ffff:10.37.42.238 - - [28/Jul/2021:07:30:55 +0000] "GET /api/edu/studentWork/detail?homeWorkId=1 HTTP/1.1" 304 - "https://servicewechat.com/wx4be232a02d452c65/devtools/page-frame.html" "Mozilla/5.0 (iPhone; CPU iPhone OS 10_3_1 like Mac OS X) AppleWebKit/603.1.3 (KHTML, like Gecko) Version/10.0 Mobile/14E304 Safari/602.1 wechatdevtools/1.05.2105170 MicroMessenger/7.0.4 Language/zh_CN webview/"
::ffff:10.37.42.238 - - [28/Jul/2021:07:30:55 +0000] "GET /api/edu/files/show?file_name=1626609161571-download.jpg HTTP/1.1" 200 - "https://servicewechat.com/wx4be232a02d452c65/devtools/page-frame.html" "Mozilla/5.0 (iPhone; CPU iPhone OS 10_3_1 like Mac OS X) AppleWebKit/603.1.3 (KHTML, like Gecko) Version/10.0 Mobile/14E304 Safari/602.1 wechatdevtools/1.05.2105170 MicroMessenger/7.0.4 Language/zh_CN webview/55 desktopapp miniprogram port/37744 token/f529b38298c42290f9df3639936c7ae7 runtime/2"
::1 - - [28/Jul/2021:07:31:11 +0000] "GET /api/edu/class/getAllstudents?classId=1 HTTP/1.1" 200 32 "-" "Mozilla/5.0 (Windows NT 10.0; Win64; x64) AppleWebKit/537.36 (KHTML, like Gecko) Chrome/91.0.4472.164 Safari/537.36"
::ffff:202.193.57.228 - - [28/Jul/2021:07:32:38 +0000] "GET /api/edu/student/get?curPage=1&stuCode=16263495269333095891 HTTP/1.1" 200 520 "-" "PostmanRuntime/7.28.2"
::ffff:202.193.57.228 - - [28/Jul/2021:07:32:56 +0000] "GET /api/edu/organization/get HTTP/1.1" 200 4377 "-" "PostmanRuntime/7.28.2"
::1 - - [28/Jul/2021:07:33:30 +0000] "GET /api/edu/class/getAllstudents?classId=1 HTTP/1.1" 304 - "-" "Mozilla/5.0 (Windows NT 10.0; Win64; x64) AppleWebKit/537.36 (KHTML, like Gecko) Chrome/91.0.4472.164 Safari/537.36"
::ffff:202.193.57.228 - - [28/Jul/2021:07:34:47 +0000] "GET /api/edu/teacher/get?stuCode=&curPage=1&organizationalId=17 HTTP/1.1" 200 2972 "http://localhost:9528/" "Mozilla/5.0 (Windows NT 10.0; Win64; x64) AppleWebKit/537.36 (KHTML, like Gecko) Chrome/92.0.4515.107 Safari/537.36"
::ffff:202.193.57.228 - - [28/Jul/2021:07:34:50 +0000] "GET /api/edu/teacher/get?curPage=1&organizational_id=17 HTTP/1.1" 304 - "http://localhost:9528/" "Mozilla/5.0 (Windows NT 10.0; Win64; x64) AppleWebKit/537.36 (KHTML, like Gecko) Chrome/92.0.4515.107 Safari/537.36"
::ffff:202.193.57.228 - - [28/Jul/2021:07:34:56 +0000] "GET /api/edu/class/get?curPage=1&organizational_id=17 HTTP/1.1" - - "http://localhost:9528/" "Mozilla/5.0 (Windows NT 10.0; Win64; x64) AppleWebKit/537.36 (KHTML, like Gecko) Chrome/92.0.4515.107 Safari/537.36"
::ffff:202.193.57.228 - - [28/Jul/2021:07:35:07 +0000] "GET /api/edu/teacher/get?curPage=1&organizational_id=17 HTTP/1.1" 304 - "http://localhost:9528/" "Mozilla/5.0 (Windows NT 10.0; Win64; x64) AppleWebKit/537.36 (KHTML, like Gecko) Chrome/92.0.4515.107 Safari/537.36"
::ffff:202.193.57.228 - - [28/Jul/2021:07:35:12 +0000] "GET /api/edu/class/get?curPage=1&organizational_id=17 HTTP/1.1" - - "http://localhost:9528/" "Mozilla/5.0 (Windows NT 10.0; Win64; x64) AppleWebKit/537.36 (KHTML, like Gecko) Chrome/92.0.4515.107 Safari/537.36"
::ffff:10.37.42.238 - - [28/Jul/2021:07:36:07 +0000] "GET /api/edu/student/getUnQualifiedScores?studentId=1 HTTP/1.1" 304 - "https://servicewechat.com/wx4be232a02d452c65/devtools/page-frame.html" "Mozilla/5.0 (iPhone; CPU iPhone OS 10_3_1 like Mac OS X) AppleWebKit/603.1.3 (KHTML, like Gecko) Version/10.0 Mobile/14E304 Safari/602.1 wechatdevtools/1.05.2105170 MicroMessenger/7.0.4 Language/zh_CN webview/"
::ffff:10.37.42.238 - - [28/Jul/2021:07:36:07 +0000] "GET /api/edu/student/getQualifiedScores?studentId=1 HTTP/1.1" 304 - "https://servicewechat.com/wx4be232a02d452c65/devtools/page-frame.html" "Mozilla/5.0 (iPhone; CPU iPhone OS 10_3_1 like Mac OS X) AppleWebKit/603.1.3 (KHTML, like Gecko) Version/10.0 Mobile/14E304 Safari/602.1 wechatdevtools/1.05.2105170 MicroMessenger/7.0.4 Language/zh_CN webview/"
::ffff:10.37.42.238 - - [28/Jul/2021:07:36:09 +0000] "GET /api/edu/studentWork/detail?homeWorkId=1 HTTP/1.1" 304 - "https://servicewechat.com/wx4be232a02d452c65/devtools/page-frame.html" "Mozilla/5.0 (iPhone; CPU iPhone OS 10_3_1 like Mac OS X) AppleWebKit/603.1.3 (KHTML, like Gecko) Version/10.0 Mobile/14E304 Safari/602.1 wechatdevtools/1.05.2105170 MicroMessenger/7.0.4 Language/zh_CN webview/"
::ffff:10.37.42.238 - - [28/Jul/2021:07:36:09 +0000] "GET /api/edu/files/show?file_name=1626609161571-download.jpg HTTP/1.1" 200 - "https://servicewechat.com/wx4be232a02d452c65/devtools/page-frame.html" "Mozilla/5.0 (iPhone; CPU iPhone OS 10_3_1 like Mac OS X) AppleWebKit/603.1.3 (KHTML, like Gecko) Version/10.0 Mobile/14E304 Safari/602.1 wechatdevtools/1.05.2105170 MicroMessenger/7.0.4 Language/zh_CN webview/57 desktopapp miniprogram port/37744 token/f529b38298c42290f9df3639936c7ae7 runtime/2"
::ffff:202.193.57.228 - - [28/Jul/2021:07:36:22 +0000] "GET /api/edu/teacher/get?curPage=1&organizational_id=17 HTTP/1.1" 304 - "http://localhost:9528/" "Mozilla/5.0 (Windows NT 10.0; Win64; x64) AppleWebKit/537.36 (KHTML, like Gecko) Chrome/92.0.4515.107 Safari/537.36"
::ffff:202.193.57.228 - - [28/Jul/2021:07:36:26 +0000] "GET /api/edu/class/get?curPage=1&organizationalId=17 HTTP/1.1" - - "http://localhost:9528/" "Mozilla/5.0 (Windows NT 10.0; Win64; x64) AppleWebKit/537.36 (KHTML, like Gecko) Chrome/92.0.4515.107 Safari/537.36"
::ffff:202.193.57.228 - - [28/Jul/2021:07:36:27 +0000] "GET /api/edu/teacher/get?curPage=1&organizational_id=17 HTTP/1.1" 304 - "http://localhost:9528/" "Mozilla/5.0 (Windows NT 10.0; Win64; x64) AppleWebKit/537.36 (KHTML, like Gecko) Chrome/92.0.4515.107 Safari/537.36"
::ffff:202.193.57.228 - - [28/Jul/2021:07:36:32 +0000] "GET /api/edu/class/get?curPage=1&organizationalId=17 HTTP/1.1" - - "http://localhost:9528/" "Mozilla/5.0 (Windows NT 10.0; Win64; x64) AppleWebKit/537.36 (KHTML, like Gecko) Chrome/92.0.4515.107 Safari/537.36"
::ffff:10.37.42.238 - - [28/Jul/2021:07:36:58 +0000] "GET /api/edu/student/getUnQualifiedScores?studentId=1 HTTP/1.1" 304 - "https://servicewechat.com/wx4be232a02d452c65/devtools/page-frame.html" "Mozilla/5.0 (iPhone; CPU iPhone OS 10_3_1 like Mac OS X) AppleWebKit/603.1.3 (KHTML, like Gecko) Version/10.0 Mobile/14E304 Safari/602.1 wechatdevtools/1.05.2105170 MicroMessenger/7.0.4 Language/zh_CN webview/"
::ffff:10.37.42.238 - - [28/Jul/2021:07:36:58 +0000] "GET /api/edu/student/getQualifiedScores?studentId=1 HTTP/1.1" 304 - "https://servicewechat.com/wx4be232a02d452c65/devtools/page-frame.html" "Mozilla/5.0 (iPhone; CPU iPhone OS 10_3_1 like Mac OS X) AppleWebKit/603.1.3 (KHTML, like Gecko) Version/10.0 Mobile/14E304 Safari/602.1 wechatdevtools/1.05.2105170 MicroMessenger/7.0.4 Language/zh_CN webview/"
::ffff:10.37.42.238 - - [28/Jul/2021:07:37:01 +0000] "GET /api/edu/studentWork/detail?homeWorkId=1 HTTP/1.1" 304 - "https://servicewechat.com/wx4be232a02d452c65/devtools/page-frame.html" "Mozilla/5.0 (iPhone; CPU iPhone OS 10_3_1 like Mac OS X) AppleWebKit/603.1.3 (KHTML, like Gecko) Version/10.0 Mobile/14E304 Safari/602.1 wechatdevtools/1.05.2105170 MicroMessenger/7.0.4 Language/zh_CN webview/"
::ffff:10.37.42.238 - - [28/Jul/2021:07:37:02 +0000] "GET /api/edu/files/show?file_name=1626609161571-download.jpg HTTP/1.1" 200 - "https://servicewechat.com/wx4be232a02d452c65/devtools/page-frame.html" "Mozilla/5.0 (iPhone; CPU iPhone OS 10_3_1 like Mac OS X) AppleWebKit/603.1.3 (KHTML, like Gecko) Version/10.0 Mobile/14E304 Safari/602.1 wechatdevtools/1.05.2105170 MicroMessenger/7.0.4 Language/zh_CN webview/59 desktopapp miniprogram port/37744 token/f529b38298c42290f9df3639936c7ae7 runtime/2"
::ffff:10.37.42.238 - - [28/Jul/2021:07:37:11 +0000] "POST /api/edu/files/upload HTTP/1.1" 500 126 "https://servicewechat.com/wx4be232a02d452c65/devtools/page-frame.html" "Mozilla/5.0 (iPhone; CPU iPhone OS 10_3_1 like Mac OS X) AppleWebKit/603.1.3 (KHTML, like Gecko) Version/10.0 Mobile/14E304 Safari/602.1 wechatdevtools/1.05.2105170 MicroMessenger/7.0.4 Language/zh_CN webview/"
::1 - - [28/Jul/2021:07:38:33 +0000] "GET /api/edu/class/getAllstudents?classId=1 HTTP/1.1" 200 16589 "-" "Mozilla/5.0 (Windows NT 10.0; Win64; x64) AppleWebKit/537.36 (KHTML, like Gecko) Chrome/91.0.4472.164 Safari/537.36"
::ffff:10.37.42.238 - - [28/Jul/2021:07:41:01 +0000] "GET /api/edu/studentWork/detail?homeWorkId=1 HTTP/1.1" 304 - "https://servicewechat.com/wx4be232a02d452c65/devtools/page-frame.html" "Mozilla/5.0 (iPhone; CPU iPhone OS 10_3_1 like Mac OS X) AppleWebKit/603.1.3 (KHTML, like Gecko) Version/10.0 Mobile/14E304 Safari/602.1 wechatdevtools/1.05.2105170 MicroMessenger/7.0.4 Language/zh_CN webview/"
::ffff:10.37.42.238 - - [28/Jul/2021:07:41:02 +0000] "GET /api/edu/files/show?file_name=1626609161571-download.jpg HTTP/1.1" 200 - "https://servicewechat.com/wx4be232a02d452c65/devtools/page-frame.html" "Mozilla/5.0 (iPhone; CPU iPhone OS 10_3_1 like Mac OS X) AppleWebKit/603.1.3 (KHTML, like Gecko) Version/10.0 Mobile/14E304 Safari/602.1 wechatdevtools/1.05.2105170 MicroMessenger/7.0.4 Language/zh_CN webview/61 desktopapp miniprogram port/37744 token/f529b38298c42290f9df3639936c7ae7 runtime/2"
::ffff:10.37.42.238 - - [28/Jul/2021:07:41:11 +0000] "GET /api/edu/student/getUnQualifiedScores?studentId=1 HTTP/1.1" 304 - "https://servicewechat.com/wx4be232a02d452c65/devtools/page-frame.html" "Mozilla/5.0 (iPhone; CPU iPhone OS 10_3_1 like Mac OS X) AppleWebKit/603.1.3 (KHTML, like Gecko) Version/10.0 Mobile/14E304 Safari/602.1 wechatdevtools/1.05.2105170 MicroMessenger/7.0.4 Language/zh_CN webview/"
::ffff:10.37.42.238 - - [28/Jul/2021:07:41:11 +0000] "GET /api/edu/student/getQualifiedScores?studentId=1 HTTP/1.1" 304 - "https://servicewechat.com/wx4be232a02d452c65/devtools/page-frame.html" "Mozilla/5.0 (iPhone; CPU iPhone OS 10_3_1 like Mac OS X) AppleWebKit/603.1.3 (KHTML, like Gecko) Version/10.0 Mobile/14E304 Safari/602.1 wechatdevtools/1.05.2105170 MicroMessenger/7.0.4 Language/zh_CN webview/"
::ffff:202.193.57.228 - - [28/Jul/2021:07:41:17 +0000] "GET /api/edu/teacher/get?curPage=1&organizational_id=17 HTTP/1.1" 304 - "http://localhost:9528/" "Mozilla/5.0 (Windows NT 10.0; Win64; x64) AppleWebKit/537.36 (KHTML, like Gecko) Chrome/92.0.4515.107 Safari/537.36"
::ffff:202.193.57.228 - - [28/Jul/2021:07:41:22 +0000] "GET /api/edu/class/get?curPage=1&organizationalId=17 HTTP/1.1" - - "http://localhost:9528/" "Mozilla/5.0 (Windows NT 10.0; Win64; x64) AppleWebKit/537.36 (KHTML, like Gecko) Chrome/92.0.4515.107 Safari/537.36"
::ffff:202.193.57.228 - - [28/Jul/2021:07:41:41 +0000] "GET /api/edu/teacher/get?curPage=1&organizational_id=17 HTTP/1.1" 304 - "http://localhost:9528/" "Mozilla/5.0 (Windows NT 10.0; Win64; x64) AppleWebKit/537.36 (KHTML, like Gecko) Chrome/92.0.4515.107 Safari/537.36"
::ffff:10.37.42.238 - - [28/Jul/2021:07:41:43 +0000] "GET /api/edu/student/getUnQualifiedScores?studentId=1 HTTP/1.1" 304 - "https://servicewechat.com/wx4be232a02d452c65/devtools/page-frame.html" "Mozilla/5.0 (iPhone; CPU iPhone OS 10_3_1 like Mac OS X) AppleWebKit/603.1.3 (KHTML, like Gecko) Version/10.0 Mobile/14E304 Safari/602.1 wechatdevtools/1.05.2105170 MicroMessenger/7.0.4 Language/zh_CN webview/"
::ffff:10.37.42.238 - - [28/Jul/2021:07:41:43 +0000] "GET /api/edu/student/getQualifiedScores?studentId=1 HTTP/1.1" 304 - "https://servicewechat.com/wx4be232a02d452c65/devtools/page-frame.html" "Mozilla/5.0 (iPhone; CPU iPhone OS 10_3_1 like Mac OS X) AppleWebKit/603.1.3 (KHTML, like Gecko) Version/10.0 Mobile/14E304 Safari/602.1 wechatdevtools/1.05.2105170 MicroMessenger/7.0.4 Language/zh_CN webview/"
::ffff:202.193.57.228 - - [28/Jul/2021:07:41:46 +0000] "GET /api/edu/class/get?curPage=1&organizationalId=17 HTTP/1.1" - - "http://localhost:9528/" "Mozilla/5.0 (Windows NT 10.0; Win64; x64) AppleWebKit/537.36 (KHTML, like Gecko) Chrome/92.0.4515.107 Safari/537.36"
::ffff:10.37.42.238 - - [28/Jul/2021:07:42:03 +0000] "GET /api/edu/studentWork/detail?homeWorkId=1 HTTP/1.1" 304 - "https://servicewechat.com/wx4be232a02d452c65/devtools/page-frame.html" "Mozilla/5.0 (iPhone; CPU iPhone OS 10_3_1 like Mac OS X) AppleWebKit/603.1.3 (KHTML, like Gecko) Version/10.0 Mobile/14E304 Safari/602.1 wechatdevtools/1.05.2105170 MicroMessenger/7.0.4 Language/zh_CN webview/"
::ffff:10.37.42.238 - - [28/Jul/2021:07:42:03 +0000] "GET /api/edu/files/show?file_name=1626609161571-download.jpg HTTP/1.1" 200 - "https://servicewechat.com/wx4be232a02d452c65/devtools/page-frame.html" "Mozilla/5.0 (iPhone; CPU iPhone OS 10_3_1 like Mac OS X) AppleWebKit/603.1.3 (KHTML, like Gecko) Version/10.0 Mobile/14E304 Safari/602.1 wechatdevtools/1.05.2105170 MicroMessenger/7.0.4 Language/zh_CN webview/62 desktopapp miniprogram port/37744 token/f529b38298c42290f9df3639936c7ae7 runtime/2"
::ffff:202.193.57.228 - - [28/Jul/2021:07:43:25 +0000] "GET /api/edu/class/get HTTP/1.1" 200 7895 "-" "Mozilla/5.0 (Windows NT 10.0; Win64; x64) AppleWebKit/537.36 (KHTML, like Gecko) Chrome/92.0.4515.107 Safari/537.36"
::ffff:202.193.57.228 - - [28/Jul/2021:07:43:25 +0000] "GET /favicon.ico HTTP/1.1" 404 33 "http://10.37.53.62:8000/api/edu/class/get" "Mozilla/5.0 (Windows NT 10.0; Win64; x64) AppleWebKit/537.36 (KHTML, like Gecko) Chrome/92.0.4515.107 Safari/537.36"
::ffff:202.193.57.228 - - [28/Jul/2021:07:43:31 +0000] "GET /api/edu/teacher/get?curPage=1&organizational_id=17 HTTP/1.1" 304 - "http://localhost:9528/" "Mozilla/5.0 (Windows NT 10.0; Win64; x64) AppleWebKit/537.36 (KHTML, like Gecko) Chrome/92.0.4515.107 Safari/537.36"
::ffff:202.193.57.228 - - [28/Jul/2021:07:43:36 +0000] "GET /api/edu/class/get?curPage=1&organizationalId=17 HTTP/1.1" - - "http://localhost:9528/" "Mozilla/5.0 (Windows NT 10.0; Win64; x64) AppleWebKit/537.36 (KHTML, like Gecko) Chrome/92.0.4515.107 Safari/537.36"
::ffff:202.193.57.228 - - [28/Jul/2021:07:44:13 +0000] "GET /api/edu/teacher/get?curPage=1&organizational_id=17 HTTP/1.1" 304 - "http://localhost:9528/" "Mozilla/5.0 (Windows NT 10.0; Win64; x64) AppleWebKit/537.36 (KHTML, like Gecko) Chrome/92.0.4515.107 Safari/537.36"
